Archive member included to satisfy reference by file (symbol)

c:/st/stm32cubeide_1.10.1/stm32cubeide/plugins/com.st.stm32cube.ide.mcu.externaltools.gnu-tools-for-stm32.10.3-2021.10.win32_1.0.0.202111181127/tools/bin/../lib/gcc/arm-none-eabi/10.3.1/../../../../arm-none-eabi/lib/thumb/v7e-m+fp/hard\libstdc++_nano.a(del_ops.o)
                              ./Core/srccpp/BussinessLogic/ApplicationSW.o (operator delete(void*, unsigned int))
c:/st/stm32cubeide_1.10.1/stm32cubeide/plugins/com.st.stm32cube.ide.mcu.externaltools.gnu-tools-for-stm32.10.3-2021.10.win32_1.0.0.202111181127/tools/bin/../lib/gcc/arm-none-eabi/10.3.1/../../../../arm-none-eabi/lib/thumb/v7e-m+fp/hard\libstdc++_nano.a(del_op.o)
                              c:/st/stm32cubeide_1.10.1/stm32cubeide/plugins/com.st.stm32cube.ide.mcu.externaltools.gnu-tools-for-stm32.10.3-2021.10.win32_1.0.0.202111181127/tools/bin/../lib/gcc/arm-none-eabi/10.3.1/../../../../arm-none-eabi/lib/thumb/v7e-m+fp/hard\libstdc++_nano.a(del_ops.o) (operator delete(void*))
c:/st/stm32cubeide_1.10.1/stm32cubeide/plugins/com.st.stm32cube.ide.mcu.externaltools.gnu-tools-for-stm32.10.3-2021.10.win32_1.0.0.202111181127/tools/bin/../lib/gcc/arm-none-eabi/10.3.1/../../../../arm-none-eabi/lib/thumb/v7e-m+fp/hard\libc_nano.a(lib_a-errno.o)
                              ./Core/Src/syscalls.o (__errno)
c:/st/stm32cubeide_1.10.1/stm32cubeide/plugins/com.st.stm32cube.ide.mcu.externaltools.gnu-tools-for-stm32.10.3-2021.10.win32_1.0.0.202111181127/tools/bin/../lib/gcc/arm-none-eabi/10.3.1/../../../../arm-none-eabi/lib/thumb/v7e-m+fp/hard\libc_nano.a(lib_a-exit.o)
                              c:/st/stm32cubeide_1.10.1/stm32cubeide/plugins/com.st.stm32cube.ide.mcu.externaltools.gnu-tools-for-stm32.10.3-2021.10.win32_1.0.0.202111181127/tools/bin/../lib/gcc/arm-none-eabi/10.3.1/../../../../arm-none-eabi/lib/thumb/v7e-m+fp/hard/crt0.o (exit)
c:/st/stm32cubeide_1.10.1/stm32cubeide/plugins/com.st.stm32cube.ide.mcu.externaltools.gnu-tools-for-stm32.10.3-2021.10.win32_1.0.0.202111181127/tools/bin/../lib/gcc/arm-none-eabi/10.3.1/../../../../arm-none-eabi/lib/thumb/v7e-m+fp/hard\libc_nano.a(lib_a-impure.o)
                              c:/st/stm32cubeide_1.10.1/stm32cubeide/plugins/com.st.stm32cube.ide.mcu.externaltools.gnu-tools-for-stm32.10.3-2021.10.win32_1.0.0.202111181127/tools/bin/../lib/gcc/arm-none-eabi/10.3.1/../../../../arm-none-eabi/lib/thumb/v7e-m+fp/hard\libc_nano.a(lib_a-exit.o) (_global_impure_ptr)
c:/st/stm32cubeide_1.10.1/stm32cubeide/plugins/com.st.stm32cube.ide.mcu.externaltools.gnu-tools-for-stm32.10.3-2021.10.win32_1.0.0.202111181127/tools/bin/../lib/gcc/arm-none-eabi/10.3.1/../../../../arm-none-eabi/lib/thumb/v7e-m+fp/hard\libc_nano.a(lib_a-init.o)
                              c:/st/stm32cubeide_1.10.1/stm32cubeide/plugins/com.st.stm32cube.ide.mcu.externaltools.gnu-tools-for-stm32.10.3-2021.10.win32_1.0.0.202111181127/tools/bin/../lib/gcc/arm-none-eabi/10.3.1/../../../../arm-none-eabi/lib/thumb/v7e-m+fp/hard/crt0.o (__libc_init_array)
c:/st/stm32cubeide_1.10.1/stm32cubeide/plugins/com.st.stm32cube.ide.mcu.externaltools.gnu-tools-for-stm32.10.3-2021.10.win32_1.0.0.202111181127/tools/bin/../lib/gcc/arm-none-eabi/10.3.1/../../../../arm-none-eabi/lib/thumb/v7e-m+fp/hard\libc_nano.a(lib_a-malloc.o)
                              c:/st/stm32cubeide_1.10.1/stm32cubeide/plugins/com.st.stm32cube.ide.mcu.externaltools.gnu-tools-for-stm32.10.3-2021.10.win32_1.0.0.202111181127/tools/bin/../lib/gcc/arm-none-eabi/10.3.1/../../../../arm-none-eabi/lib/thumb/v7e-m+fp/hard\libstdc++_nano.a(del_op.o) (free)
c:/st/stm32cubeide_1.10.1/stm32cubeide/plugins/com.st.stm32cube.ide.mcu.externaltools.gnu-tools-for-stm32.10.3-2021.10.win32_1.0.0.202111181127/tools/bin/../lib/gcc/arm-none-eabi/10.3.1/../../../../arm-none-eabi/lib/thumb/v7e-m+fp/hard\libc_nano.a(lib_a-memcpy-stub.o)
                              ./Core/Src/UARTTxRxHandle.o (memcpy)
c:/st/stm32cubeide_1.10.1/stm32cubeide/plugins/com.st.stm32cube.ide.mcu.externaltools.gnu-tools-for-stm32.10.3-2021.10.win32_1.0.0.202111181127/tools/bin/../lib/gcc/arm-none-eabi/10.3.1/../../../../arm-none-eabi/lib/thumb/v7e-m+fp/hard\libc_nano.a(lib_a-memset.o)
                              c:/st/stm32cubeide_1.10.1/stm32cubeide/plugins/com.st.stm32cube.ide.mcu.externaltools.gnu-tools-for-stm32.10.3-2021.10.win32_1.0.0.202111181127/tools/bin/../lib/gcc/arm-none-eabi/10.3.1/../../../../arm-none-eabi/lib/thumb/v7e-m+fp/hard/crt0.o (memset)
c:/st/stm32cubeide_1.10.1/stm32cubeide/plugins/com.st.stm32cube.ide.mcu.externaltools.gnu-tools-for-stm32.10.3-2021.10.win32_1.0.0.202111181127/tools/bin/../lib/gcc/arm-none-eabi/10.3.1/../../../../arm-none-eabi/lib/thumb/v7e-m+fp/hard\libc_nano.a(lib_a-nano-freer.o)
[...]
Memory Configuration

Name             Origin             Length             Attributes
RAM              0x0000000020000000 0x0000000000010000 xrw
RAM2             0x0000000010000000 0x0000000000004000 xrw
FLASH            0x0000000008000000 0x0000000000040000 xr
*default*        0x0000000000000000 0xffffffffffffffff

Linker script and memory map

LOAD c:/st/stm32cubeide_1.10.1/stm32cubeide/plugins/com.st.stm32cube.ide.mcu.externaltools.gnu-tools-for-stm32.10.3-2021.10.win32_1.0.0.202111181127/tools/bin/../lib/gcc/arm-none-eabi/10.3.1/thumb/v7e-m+fp/hard/crti.o
LOAD c:/st/stm32cubeide_1.10.1/stm32cubeide/plugins/com.st.stm32cube.ide.mcu.externaltools.gnu-tools-for-stm32.10.3-2021.10.win32_1.0.0.202111181127/tools/bin/../lib/gcc/arm-none-eabi/10.3.1/thumb/v7e-m+fp/hard/crtbegin.o
LOAD c:/st/stm32cubeide_1.10.1/stm32cubeide/plugins/com.st.stm32cube.ide.mcu.externaltools.gnu-tools-for-stm32.10.3-2021.10.win32_1.0.0.202111181127/tools/bin/../lib/gcc/arm-none-eabi/10.3.1/../../../../arm-none-eabi/lib/thumb/v7e-m+fp/hard/crt0.o
LOAD ./Core/Src/Dwin/dwin_receive_decode.o
LOAD ./Core/Src/ESP8266/esp8266.o
LOAD ./Core/Src/ESP8266/esp8266_rx.o
LOAD ./Core/Src/GLCD_clib.o
LOAD ./Core/Src/TimerIntHandler.o
LOAD ./Core/Src/UARTTxRxHandle.o
LOAD ./Core/Src/main.o
LOAD ./Core/Src/stm32l4xx_hal_msp.o
LOAD ./Core/Src/stm32l4xx_it.o
LOAD ./Core/Src/syscalls.o
LOAD ./Core/Src/sysmem.o
LOAD ./Core/Src/system_stm32l4xx.o
LOAD ./Core/Src/Internet/DHCP/dhcp.o
LOAD ./Core/Src/Internet/DNS/dns.o
LOAD ./Core/Src/RTC/ds1307.o
LOAD ./Core/Src/W25Q64/w25qxx.o
LOAD ./Core/Src/W5500_C/W5500/w5500.o
LOAD ./Core/Src/W5500_C/httpClient.o
LOAD ./Core/Src/W5500_C/socket.o
LOAD ./Core/Src/W5500_C/w5500_spi.o
LOAD ./Core/Src/W5500_C/wizchip_conf.o
LOAD ./Core/Startup/startup_stm32l433rctx.o
LOAD ./Core/srccpp/BussinessLogic/ApplicationSW.o
LOAD ./Core/srccpp/Common/common.o
LOAD ./Core/srccpp/DisplayCPP/DisplayRoutine.o
LOAD ./Core/srccpp/DisplayCPP/GLCD.o
LOAD ./Core/srccpp/Ethernet/W5500.o
LOAD ./Core/srccpp/Modbus/Modbusrtu.o
LOAD ./Core/srccpp/OfflineStorage/OfflineStorage.o
LOAD ./Core/srccpp/Shift/SHIFT.o
LOAD ./Core/srccpp/WifiEsp8266/ESP8266.o
LOAD ./Core/srccpp/main.o
LOAD ./Drivers/STM32L4xx_HAL_Driver/Src/stm32l4xx_hal.o
LOAD ./Drivers/STM32L4xx_HAL_Driver/Src/stm32l4xx_hal_cortex.o
LOAD ./Drivers/STM32L4xx_HAL_Driver/Src/stm32l4xx_hal_dma.o
LOAD ./Drivers/STM32L4xx_HAL_Driver/Src/stm32l4xx_hal_dma_ex.o
LOAD ./Drivers/STM32L4xx_HAL_Driver/Src/stm32l4xx_hal_exti.o
LOAD ./Drivers/STM32L4xx_HAL_Driver/Src/stm32l4xx_hal_flash.o
LOAD ./Drivers/STM32L4xx_HAL_Driver/Src/stm32l4xx_hal_flash_ex.o
LOAD ./Drivers/STM32L4xx_HAL_Driver/Src/stm32l4xx_hal_flash_ramfunc.o
LOAD ./Drivers/STM32L4xx_HAL_Driver/Src/stm32l4xx_hal_gpio.o
LOAD ./Drivers/STM32L4xx_HAL_Driver/Src/stm32l4xx_hal_i2c.o
LOAD ./Drivers/STM32L4xx_HAL_Driver/Src/stm32l4xx_hal_i2c_ex.o
LOAD ./Drivers/STM32L4xx_HAL_Driver/Src/stm32l4xx_hal_pwr.o
LOAD ./Drivers/STM32L4xx_HAL_Driver/Src/stm32l4xx_hal_pwr_ex.o
LOAD ./Drivers/STM32L4xx_HAL_Driver/Src/stm32l4xx_hal_rcc.o
LOAD ./Drivers/STM32L4xx_HAL_Driver/Src/stm32l4xx_hal_rcc_ex.o
LOAD ./Drivers/STM32L4xx_HAL_Driver/Src/stm32l4xx_hal_spi.o
LOAD ./Drivers/STM32L4xx_HAL_Driver/Src/stm32l4xx_hal_spi_ex.o
LOAD ./Drivers/STM32L4xx_HAL_Driver/Src/stm32l4xx_hal_tim.o
LOAD ./Drivers/STM32L4xx_HAL_Driver/Src/stm32l4xx_hal_tim_ex.o
LOAD ./Drivers/STM32L4xx_HAL_Driver/Src/stm32l4xx_hal_uart.o
LOAD ./Drivers/STM32L4xx_HAL_Driver/Src/stm32l4xx_hal_uart_ex.o
START GROUP
LOAD c:/st/stm32cubeide_1.10.1/stm32cubeide/plugins/com.st.stm32cube.ide.mcu.externaltools.gnu-tools-for-stm32.10.3-2021.10.win32_1.0.0.202111181127/tools/bin/../lib/gcc/arm-none-eabi/10.3.1/../../../../arm-none-eabi/lib/thumb/v7e-m+fp/hard\libstdc++_nano.a
LOAD c:/st/stm32cubeide_1.10.1/stm32cubeide/plugins/com.st.stm32cube.ide.mcu.externaltools.gnu-tools-for-stm32.10.3-2021.10.win32_1.0.0.202111181127/tools/bin/../lib/gcc/arm-none-eabi/10.3.1/../../../../arm-none-eabi/lib/thumb/v7e-m+fp/hard\libsupc++_nano.a
END GROUP
LOAD c:/st/stm32cubeide_1.10.1/stm32cubeide/plugins/com.st.stm32cube.ide.mcu.externaltools.gnu-tools-for-stm32.10.3-2021.10.win32_1.0.0.202111181127/tools/bin/../lib/gcc/arm-none-eabi/10.3.1/../../../../arm-none-eabi/lib/thumb/v7e-m+fp/hard\libstdc++_nano.a
LOAD c:/st/stm32cubeide_1.10.1/stm32cubeide/plugins/com.st.stm32cube.ide.mcu.externaltools.gnu-tools-for-stm32.10.3-2021.10.win32_1.0.0.202111181127/tools/bin/../lib/gcc/arm-none-eabi/10.3.1/../../../../arm-none-eabi/lib/thumb/v7e-m+fp/hard\libm.a
LOAD c:/st/stm32cubeide_1.10.1/stm32cubeide/plugins/com.st.stm32cube.ide.mcu.externaltools.gnu-tools-for-stm32.10.3-2021.10.win32_1.0.0.202111181127/tools/bin/../lib/gcc/arm-none-eabi/10.3.1/../../../../arm-none-eabi/lib/thumb/v7e-m+fp/hard\libc_nano.a
START GROUP
LOAD c:/st/stm32cubeide_1.10.1/stm32cubeide/plugins/com.st.stm32cube.ide.mcu.externaltools.gnu-tools-for-stm32.10.3-2021.10.win32_1.0.0.202111181127/tools/bin/../lib/gcc/arm-none-eabi/10.3.1/thumb/v7e-m+fp/hard\libgcc.a
LOAD c:/st/stm32cubeide_1.10.1/stm32cubeide/plugins/com.st.stm32cube.ide.mcu.externaltools.gnu-tools-for-stm32.10.3-2021.10.win32_1.0.0.202111181127/tools/bin/../lib/gcc/arm-none-eabi/10.3.1/../../../../arm-none-eabi/lib/thumb/v7e-m+fp/hard\libc_nano.a
END GROUP
START GROUP
LOAD c:/st/stm32cubeide_1.10.1/stm32cubeide/plugins/com.st.stm32cube.ide.mcu.externaltools.gnu-tools-for-stm32.10.3-2021.10.win32_1.0.0.202111181127/tools/bin/../lib/gcc/arm-none-eabi/10.3.1/thumb/v7e-m+fp/hard\libgcc.a
LOAD c:/st/stm32cubeide_1.10.1/stm32cubeide/plugins/com.st.stm32cube.ide.mcu.externaltools.gnu-tools-for-stm32.10.3-2021.10.win32_1.0.0.202111181127/tools/bin/../lib/gcc/arm-none-eabi/10.3.1/../../../../arm-none-eabi/lib/thumb/v7e-m+fp/hard\libc_nano.a
LOAD c:/st/stm32cubeide_1.10.1/stm32cubeide/plugins/com.st.stm32cube.ide.mcu.externaltools.gnu-tools-for-stm32.10.3-2021.10.win32_1.0.0.202111181127/tools/bin/../lib/gcc/arm-none-eabi/10.3.1/../../../../arm-none-eabi/lib/thumb/v7e-m+fp/hard\libnosys.a
END GROUP
START GROUP
LOAD c:/st/stm32cubeide_1.10.1/stm32cubeide/plugins/com.st.stm32cube.ide.mcu.externaltools.gnu-tools-for-stm32.10.3-2021.10.win32_1.0.0.202111181127/tools/bin/../lib/gcc/arm-none-eabi/10.3.1/thumb/v7e-m+fp/hard\libgcc.a
LOAD c:/st/stm32cubeide_1.10.1/stm32cubeide/plugins/com.st.stm32cube.ide.mcu.externaltools.gnu-tools-for-stm32.10.3-2021.10.win32_1.0.0.202111181127/tools/bin/../lib/gcc/arm-none-eabi/10.3.1/../../../../arm-none-eabi/lib/thumb/v7e-m+fp/hard\libc_nano.a
LOAD c:/st/stm32cubeide_1.10.1/stm32cubeide/plugins/com.st.stm32cube.ide.mcu.externaltools.gnu-tools-for-stm32.10.3-2021.10.win32_1.0.0.202111181127/tools/bin/../lib/gcc/arm-none-eabi/10.3.1/../../../../arm-none-eabi/lib/thumb/v7e-m+fp/hard\libnosys.a
END GROUP
LOAD c:/st/stm32cubeide_1.10.1/stm32cubeide/plugins/com.st.stm32cube.ide.mcu.externaltools.gnu-tools-for-stm32.10.3-2021.10.win32_1.0.0.202111181127/tools/bin/../lib/gcc/arm-none-eabi/10.3.1/thumb/v7e-m+fp/hard/crtend.o
LOAD c:/st/stm32cubeide_1.10.1/stm32cubeide/plugins/com.st.stm32cube.ide.mcu.externaltools.gnu-tools-for-stm32.10.3-2021.10.win32_1.0.0.202111181127/tools/bin/../lib/gcc/arm-none-eabi/10.3.1/thumb/v7e-m+fp/hard/crtn.o
                0x0000000020010000                _estack = (ORIGIN (RAM) + LENGTH (RAM))
                0x0000000000000200                _Min_Heap_Size = 0x200
                0x0000000000000400                _Min_Stack_Size = 0x400

.isr_vector     0x0000000008000000      0x18c
                0x0000000008000000                . = ALIGN (0x4)
 *(.isr_vector)
 .isr_vector    0x0000000008000000      0x18c ./Core/Startup/startup_stm32l433rctx.o
                0x0000000008000000                g_pfnVectors
                0x000000000800018c                . = ALIGN (0x4)

.text           0x0000000008000190    0x1023c
                0x0000000008000190                . = ALIGN (0x4)
 *(.text)
 .text          0x0000000008000190       0x40 c:/st/stm32cubeide_1.10.1/stm32cubeide/plugins/com.st.stm32cube.ide.mcu.externaltools.gnu-tools-for-stm32.10.3-2021.10.win32_1.0.0.202111181127/tools/bin/../lib/gcc/arm-none-eabi/10.3.1/thumb/v7e-m+fp/hard/crtbegin.o
 .text          0x00000000080001d0       0x14 c:/st/stm32cubeide_1.10.1/stm32cubeide/plugins/com.st.stm32cube.ide.mcu.externaltools.gnu-tools-for-stm32.10.3-2021.10.win32_1.0.0.202111181127/tools/bin/../lib/gcc/arm-none-eabi/10.3.1/../../../../arm-none-eabi/lib/thumb/v7e-m+fp/hard\libc_nano.a(lib_a-strcmp.o)
                0x00000000080001d0                strcmp
 *fill*         0x00000000080001e4        0xc 
 .text          0x00000000080001f0       0xa0 c:/st/stm32cubeide_1.10.1/stm32cubeide/plugins/com.st.stm32cube.ide.mcu.externaltools.gnu-tools-for-stm32.10.3-2021.10.win32_1.0.0.202111181127/tools/bin/../lib/gcc/arm-none-eabi/10.3.1/../../../../arm-none-eabi/lib/thumb/v7e-m+fp/hard\libc_nano.a(lib_a-memchr.o)
                0x00000000080001f0                memchr
 .text          0x0000000008000290       0x30 c:/st/stm32cubeide_1.10.1/stm32cubeide/plugins/com.st.stm32cube.ide.mcu.externaltools.gnu-tools-for-stm32.10.3-2021.10.win32_1.0.0.202111181127/tools/bin/../lib/gcc/arm-none-eabi/10.3.1/thumb/v7e-m+fp/hard\libgcc.a(_aeabi_uldivmod.o)
                0x0000000008000290                __aeabi_uldivmod
 .text          0x00000000080002c0      0x2d0 c:/st/stm32cubeide_1.10.1/stm32cubeide/plugins/com.st.stm32cube.ide.mcu.externaltools.gnu-tools-for-stm32.10.3-2021.10.win32_1.0.0.202111181127/tools/bin/../lib/gcc/arm-none-eabi/10.3.1/thumb/v7e-m+fp/hard\libgcc.a(_udivmoddi4.o)
                0x00000000080002c0                __udivmoddi4
 .text          0x0000000008000590        0x4 c:/st/stm32cubeide_1.10.1/stm32cubeide/plugins/com.st.stm32cube.ide.mcu.externaltools.gnu-tools-for-stm32.10.3-2021.10.win32_1.0.0.202111181127/tools/bin/../lib/gcc/arm-none-eabi/10.3.1/thumb/v7e-m+fp/hard\libgcc.a(_dvmd_tls.o)
                0x0000000008000590                __aeabi_idiv0
                0x0000000008000590                __aeabi_ldiv0
 *(.text*)
 .text.Dwin_Receive_Decode
                0x0000000008000594       0xe0 ./Core/Src/Dwin/dwin_receive_decode.o
                0x0000000008000594                Dwin_Receive_Decode
 .text.HAL_TIM_PeriodElapsedCallback
                0x0000000008000674       0x94 ./Core/Src/TimerIntHandler.o
                0x0000000008000674                HAL_TIM_PeriodElapsedCallback
 .text.HAL_UART_RxCpltCallback
                0x0000000008000708      0x1a8 ./Core/Src/UARTTxRxHandle.o
                0x0000000008000708                HAL_UART_RxCpltCallback
 .text.main     0x00000000080008b0       0xac ./Core/Src/main.o
                0x00000000080008b0                main
 .text.SystemClock_Config
                0x000000000800095c       0xa4 ./Core/Src/main.o
                0x000000000800095c                SystemClock_Config
 .text.MX_I2C1_Init
                0x0000000008000a00       0x80 ./Core/Src/main.o
 .text.MX_LPUART1_UART_Init
                0x0000000008000a80       0x58 ./Core/Src/main.o
 .text.MX_USART1_UART_Init
                0x0000000008000ad8       0x60 ./Core/Src/main.o
 .text.MX_USART2_UART_Init
                0x0000000008000b38       0x60 ./Core/Src/main.o
 .text.MX_SPI1_Init
                0x0000000008000b98       0x90 ./Core/Src/main.o
 .text.MX_SPI2_Init
                0x0000000008000c28       0x90 ./Core/Src/main.o
 .text.MX_TIM1_Init
                0x0000000008000cb8       0xa8 ./Core/Src/main.o
 .text.MX_TIM6_Init
                0x0000000008000d60       0x6c ./Core/Src/main.o
 .text.MX_TIM7_Init
                0x0000000008000dcc       0x70 ./Core/Src/main.o
 .text.MX_GPIO_Init
                0x0000000008000e3c      0x1e4 ./Core/Src/main.o
 .text.Error_Handler
                0x0000000008001020        0xa ./Core/Src/main.o
                0x0000000008001020                Error_Handler
 *fill*         0x000000000800102a        0x2 
 .text.HAL_MspInit
                0x000000000800102c       0x48 ./Core/Src/stm32l4xx_hal_msp.o
                0x000000000800102c                HAL_MspInit
 .text.HAL_I2C_MspInit
                0x0000000008001074       0xb8 ./Core/Src/stm32l4xx_hal_msp.o
                0x0000000008001074                HAL_I2C_MspInit
 .text.HAL_UART_MspInit
                0x000000000800112c      0x1ec ./Core/Src/stm32l4xx_hal_msp.o
                0x000000000800112c                HAL_UART_MspInit
 .text.HAL_SPI_MspInit
                0x0000000008001318       0xec ./Core/Src/stm32l4xx_hal_msp.o
                0x0000000008001318                HAL_SPI_MspInit
 .text.HAL_TIM_Base_MspInit
                0x0000000008001404       0xac ./Core/Src/stm32l4xx_hal_msp.o
                0x0000000008001404                HAL_TIM_Base_MspInit
 .text.NMI_Handler
                0x00000000080014b0        0x6 ./Core/Src/stm32l4xx_it.o
                0x00000000080014b0                NMI_Handler
 .text.HardFault_Handler
                0x00000000080014b6        0x6 ./Core/Src/stm32l4xx_it.o
                0x00000000080014b6                HardFault_Handler
 .text.MemManage_Handler
                0x00000000080014bc        0x6 ./Core/Src/stm32l4xx_it.o
                0x00000000080014bc                MemManage_Handler
 .text.BusFault_Handler
                0x00000000080014c2        0x6 ./Core/Src/stm32l4xx_it.o
                0x00000000080014c2                BusFault_Handler
 .text.UsageFault_Handler
                0x00000000080014c8        0x6 ./Core/Src/stm32l4xx_it.o
                0x00000000080014c8                UsageFault_Handler
 .text.SVC_Handler
                0x00000000080014ce        0xe ./Core/Src/stm32l4xx_it.o
                0x00000000080014ce                SVC_Handler
 .text.DebugMon_Handler
                0x00000000080014dc        0xe ./Core/Src/stm32l4xx_it.o
                0x00000000080014dc                DebugMon_Handler
 .text.PendSV_Handler
                0x00000000080014ea        0xe ./Core/Src/stm32l4xx_it.o
                0x00000000080014ea                PendSV_Handler
 .text.SysTick_Handler
                0x00000000080014f8        0xc ./Core/Src/stm32l4xx_it.o
                0x00000000080014f8                SysTick_Handler
 .text.USART1_IRQHandler
                0x0000000008001504       0x14 ./Core/Src/stm32l4xx_it.o
                0x0000000008001504                USART1_IRQHandler
 .text.TIM6_DAC_IRQHandler
                0x0000000008001518       0x14 ./Core/Src/stm32l4xx_it.o
                0x0000000008001518                TIM6_DAC_IRQHandler
 .text.TIM7_IRQHandler
                0x000000000800152c       0x14 ./Core/Src/stm32l4xx_it.o
                0x000000000800152c                TIM7_IRQHandler
 .text.LPUART1_IRQHandler
                0x0000000008001540       0x14 ./Core/Src/stm32l4xx_it.o
                0x0000000008001540                LPUART1_IRQHandler
 .text._getpid  0x0000000008001554       0x10 ./Core/Src/syscalls.o
                0x0000000008001554                _getpid
 .text._kill    0x0000000008001564       0x20 ./Core/Src/syscalls.o
                0x0000000008001564                _kill
 .text._exit    0x0000000008001584       0x14 ./Core/Src/syscalls.o
                0x0000000008001584                _exit
 .text._read    0x0000000008001598       0x3a ./Core/Src/syscalls.o
                0x0000000008001598                _read
 .text._write   0x00000000080015d2       0x38 ./Core/Src/syscalls.o
                0x00000000080015d2                _write
 .text._close   0x000000000800160a       0x18 ./Core/Src/syscalls.o
                0x000000000800160a                _close
 .text._fstat   0x0000000008001622       0x20 ./Core/Src/syscalls.o
                0x0000000008001622                _fstat
 .text._isatty  0x0000000008001642       0x16 ./Core/Src/syscalls.o
                0x0000000008001642                _isatty
 .text._lseek   0x0000000008001658       0x1a ./Core/Src/syscalls.o
                0x0000000008001658                _lseek
 *fill*         0x0000000008001672        0x2 
 .text._sbrk    0x0000000008001674       0x6c ./Core/Src/sysmem.o
                0x0000000008001674                _sbrk
 .text.SystemInit
                0x00000000080016e0       0x24 ./Core/Src/system_stm32l4xx.o
                0x00000000080016e0                SystemInit
 .text.DHCP_time_handler
                0x0000000008001704       0x1c ./Core/Src/Internet/DHCP/dhcp.o
                0x0000000008001704                DHCP_time_handler
 .text.W25qxx_Spi
                0x0000000008001720       0x2c ./Core/Src/W25Q64/w25qxx.o
                0x0000000008001720                W25qxx_Spi
 .text.W25qxx_ReadID
                0x000000000800174c       0x6c ./Core/Src/W25Q64/w25qxx.o
                0x000000000800174c                W25qxx_ReadID
 .text.W25qxx_ReadUniqID
                0x00000000080017b8       0x6c ./Core/Src/W25Q64/w25qxx.o
                0x00000000080017b8                W25qxx_ReadUniqID
 .text.W25qxx_WriteEnable
                0x0000000008001824       0x2c ./Core/Src/W25Q64/w25qxx.o
                0x0000000008001824                W25qxx_WriteEnable
 .text.W25qxx_ReadStatusRegister
                0x0000000008001850       0x8c ./Core/Src/W25Q64/w25qxx.o
                0x0000000008001850                W25qxx_ReadStatusRegister
 .text.W25qxx_WaitForWriteEnd
                0x00000000080018dc       0x54 ./Core/Src/W25Q64/w25qxx.o
                0x00000000080018dc                W25qxx_WaitForWriteEnd
 .text.W25qxx_Init
                0x0000000008001930      0x1a4 ./Core/Src/W25Q64/w25qxx.o
                0x0000000008001930                W25qxx_Init
 .text.W25qxx_EraseSector
                0x0000000008001ad4       0xb0 ./Core/Src/W25Q64/w25qxx.o
                0x0000000008001ad4                W25qxx_EraseSector
 .text.W25qxx_SectorToPage
                0x0000000008001b84       0x2c ./Core/Src/W25Q64/w25qxx.o
                0x0000000008001b84                W25qxx_SectorToPage
 .text.W25qxx_WritePage
                0x0000000008001bb0      0x108 ./Core/Src/W25Q64/w25qxx.o
                0x0000000008001bb0                W25qxx_WritePage
 .text.W25qxx_WriteSector
                0x0000000008001cb8       0xc4 ./Core/Src/W25Q64/w25qxx.o
                0x0000000008001cb8                W25qxx_WriteSector
 .text.W25qxx_ReadPage
                0x0000000008001d7c       0xfc ./Core/Src/W25Q64/w25qxx.o
                0x0000000008001d7c                W25qxx_ReadPage
 .text.W25qxx_ReadSector
                0x0000000008001e78       0xc4 ./Core/Src/W25Q64/w25qxx.o
                0x0000000008001e78                W25qxx_ReadSector
 .text.WIZCHIP_READ
                0x0000000008001f3c       0x98 ./Core/Src/W5500_C/W5500/w5500.o
                0x0000000008001f3c                WIZCHIP_READ
 .text.WIZCHIP_WRITE
                0x0000000008001fd4       0x9c ./Core/Src/W5500_C/W5500/w5500.o
                0x0000000008001fd4                WIZCHIP_WRITE
 .text.WIZCHIP_READ_BUF
                0x0000000008002070       0xc0 ./Core/Src/W5500_C/W5500/w5500.o
                0x0000000008002070                WIZCHIP_READ_BUF
 .text.WIZCHIP_WRITE_BUF
                0x0000000008002130       0xc0 ./Core/Src/W5500_C/W5500/w5500.o
                0x0000000008002130                WIZCHIP_WRITE_BUF
 .text.getSn_TX_FSR
                0x00000000080021f0       0x96 ./Core/Src/W5500_C/W5500/w5500.o
                0x00000000080021f0                getSn_TX_FSR
 .text.getSn_RX_RSR
                0x0000000008002286       0x96 ./Core/Src/W5500_C/W5500/w5500.o
                0x0000000008002286                getSn_RX_RSR
 .text.wiz_send_data
                0x000000000800231c       0xb8 ./Core/Src/W5500_C/W5500/w5500.o
                0x000000000800231c                wiz_send_data
 .text.wiz_recv_data
                0x00000000080023d4       0xb8 ./Core/Src/W5500_C/W5500/w5500.o
                0x00000000080023d4                wiz_recv_data
 .text.httpc_init
                0x000000000800248c       0x7c ./Core/Src/W5500_C/httpClient.o
                0x000000000800248c                httpc_init
 .text.httpc_connection_handler
                0x0000000008002508      0x164 ./Core/Src/W5500_C/httpClient.o
                0x0000000008002508                httpc_connection_handler
 .text.httpc_connect
                0x000000000800266c       0x58 ./Core/Src/W5500_C/httpClient.o
                0x000000000800266c                httpc_connect
 .text.httpc_send
                0x00000000080026c4      0x170 ./Core/Src/W5500_C/httpClient.o
                0x00000000080026c4                httpc_send
 .text.get_httpc_any_port
                0x0000000008002834       0x7c ./Core/Src/W5500_C/httpClient.o
                0x0000000008002834                get_httpc_any_port
 .text.receivehttpcheck
                0x00000000080028b0      0x8c0 ./Core/Src/W5500_C/httpClient.o
                0x00000000080028b0                receivehttpcheck
 .text.socket   0x0000000008003170      0x22c ./Core/Src/W5500_C/socket.o
                0x0000000008003170                socket
 .text.close    0x000000000800339c       0xdc ./Core/Src/W5500_C/socket.o
                0x000000000800339c                close
 .text.connect  0x0000000008003478      0x1b8 ./Core/Src/W5500_C/socket.o
                0x0000000008003478                connect
 .text.disconnect
                0x0000000008003630       0xec ./Core/Src/W5500_C/socket.o
                0x0000000008003630                disconnect
 .text.send     0x000000000800371c      0x1f4 ./Core/Src/W5500_C/socket.o
                0x000000000800371c                send
 .text.recv     0x0000000008003910      0x16c ./Core/Src/W5500_C/socket.o
                0x0000000008003910                recv
 .text.wizchip_select
                0x0000000008003a7c       0x18 ./Core/Src/W5500_C/w5500_spi.o
                0x0000000008003a7c                wizchip_select
 .text.wizchip_deselect
                0x0000000008003a94       0x18 ./Core/Src/W5500_C/w5500_spi.o
                0x0000000008003a94                wizchip_deselect
 .text.W5500_Spi
                0x0000000008003aac       0x2c ./Core/Src/W5500_C/w5500_spi.o
                0x0000000008003aac                W5500_Spi
 .text.wiz5500Init
                0x0000000008003ad8      0x138 ./Core/Src/W5500_C/w5500_spi.o
                0x0000000008003ad8                wiz5500Init
 .text.initializeHttp
                0x0000000008003c10       0x54 ./Core/Src/W5500_C/w5500_spi.o
                0x0000000008003c10                initializeHttp
 .text.ethernetHTTPRoutine
                0x0000000008003c64      0x8d0 ./Core/Src/W5500_C/w5500_spi.o
                0x0000000008003c64                ethernetHTTPRoutine
 .text.wizchip_cris_enter
                0x0000000008004534        0xe ./Core/Src/W5500_C/wizchip_conf.o
                0x0000000008004534                wizchip_cris_enter
 .text.wizchip_cris_exit
                0x0000000008004542        0xe ./Core/Src/W5500_C/wizchip_conf.o
                0x0000000008004542                wizchip_cris_exit
 .text.wizchip_cs_select
                0x0000000008004550        0xe ./Core/Src/W5500_C/wizchip_conf.o
                0x0000000008004550                wizchip_cs_select
 .text.wizchip_cs_deselect
                0x000000000800455e        0xe ./Core/Src/W5500_C/wizchip_conf.o
                0x000000000800455e                wizchip_cs_deselect
 .text.wizchip_bus_readdata
                0x000000000800456c       0x1a ./Core/Src/W5500_C/wizchip_conf.o
                0x000000000800456c                wizchip_bus_readdata
 .text.wizchip_bus_writedata
                0x0000000008004586       0x1e ./Core/Src/W5500_C/wizchip_conf.o
                0x0000000008004586                wizchip_bus_writedata
 .text.wizchip_spi_readbyte
                0x00000000080045a4       0x10 ./Core/Src/W5500_C/wizchip_conf.o
                0x00000000080045a4                wizchip_spi_readbyte
 .text.wizchip_spi_writebyte
                0x00000000080045b4       0x16 ./Core/Src/W5500_C/wizchip_conf.o
                0x00000000080045b4                wizchip_spi_writebyte
 *fill*         0x00000000080045ca        0x2 
 .text.reg_wizchip_cs_cbfunc
                0x00000000080045cc       0x4c ./Core/Src/W5500_C/wizchip_conf.o
                0x00000000080045cc                reg_wizchip_cs_cbfunc
 .text.reg_wizchip_spi_cbfunc
                0x0000000008004618       0x58 ./Core/Src/W5500_C/wizchip_conf.o
                0x0000000008004618                reg_wizchip_spi_cbfunc
 .text.ctlwizchip
                0x0000000008004670      0x1c4 ./Core/Src/W5500_C/wizchip_conf.o
                0x0000000008004670                ctlwizchip
 .text.wizchip_sw_reset
                0x0000000008004834       0x98 ./Core/Src/W5500_C/wizchip_conf.o
                0x0000000008004834                wizchip_sw_reset
 .text.wizchip_init
                0x00000000080048cc      0x118 ./Core/Src/W5500_C/wizchip_conf.o
                0x00000000080048cc                wizchip_init
 .text.wizchip_clrinterrupt
                0x00000000080049e4       0x68 ./Core/Src/W5500_C/wizchip_conf.o
                0x00000000080049e4                wizchip_clrinterrupt
 .text.wizchip_getinterrupt
                0x0000000008004a4c       0x4a ./Core/Src/W5500_C/wizchip_conf.o
                0x0000000008004a4c                wizchip_getinterrupt
 .text.wizchip_setinterruptmask
                0x0000000008004a96       0x36 ./Core/Src/W5500_C/wizchip_conf.o
                0x0000000008004a96                wizchip_setinterruptmask
 .text.wizchip_getinterruptmask
                0x0000000008004acc       0x46 ./Core/Src/W5500_C/wizchip_conf.o
                0x0000000008004acc                wizchip_getinterruptmask
 .text.wizphy_getphylink
                0x0000000008004b12       0x2c ./Core/Src/W5500_C/wizchip_conf.o
                0x0000000008004b12                wizphy_getphylink
 .text.wizphy_getphypmode
                0x0000000008004b3e       0x32 ./Core/Src/W5500_C/wizchip_conf.o
                0x0000000008004b3e                wizphy_getphypmode
 .text.wizphy_reset
                0x0000000008004b70       0x4e ./Core/Src/W5500_C/wizchip_conf.o
                0x0000000008004b70                wizphy_reset
 .text.wizphy_setphyconf
                0x0000000008004bbe       0x84 ./Core/Src/W5500_C/wizchip_conf.o
                0x0000000008004bbe                wizphy_setphyconf
 .text.wizphy_getphyconf
                0x0000000008004c42       0xd2 ./Core/Src/W5500_C/wizchip_conf.o
                0x0000000008004c42                wizphy_getphyconf
 .text.wizphy_setphypmode
                0x0000000008004d14       0x94 ./Core/Src/W5500_C/wizchip_conf.o
                0x0000000008004d14                wizphy_setphypmode
 .text.wizchip_setnetinfo
                0x0000000008004da8       0x80 ./Core/Src/W5500_C/wizchip_conf.o
                0x0000000008004da8                wizchip_setnetinfo
 .text.wizchip_getnetinfo
                0x0000000008004e28       0x80 ./Core/Src/W5500_C/wizchip_conf.o
                0x0000000008004e28                wizchip_getnetinfo
 .text.Reset_Handler
                0x0000000008004ea8       0x50 ./Core/Startup/startup_stm32l433rctx.o
                0x0000000008004ea8                Reset_Handler
 .text.Default_Handler
                0x0000000008004ef8        0x2 ./Core/Startup/startup_stm32l433rctx.o
                0x0000000008004ef8                RTC_Alarm_IRQHandler
                0x0000000008004ef8                EXTI2_IRQHandler
                0x0000000008004ef8                TIM1_CC_IRQHandler
                0x0000000008004ef8                TSC_IRQHandler
                0x0000000008004ef8                TAMP_STAMP_IRQHandler
                0x0000000008004ef8                EXTI3_IRQHandler
                0x0000000008004ef8                LPTIM2_IRQHandler
                0x0000000008004ef8                I2C3_ER_IRQHandler
                0x0000000008004ef8                EXTI0_IRQHandler
                0x0000000008004ef8                I2C2_EV_IRQHandler
                0x0000000008004ef8                CAN1_RX0_IRQHandler
                0x0000000008004ef8                FPU_IRQHandler
                0x0000000008004ef8                TIM1_UP_TIM16_IRQHandler
                0x0000000008004ef8                SPI1_IRQHandler
                0x0000000008004ef8                DMA2_Channel2_IRQHandler
                0x0000000008004ef8                DMA1_Channel4_IRQHandler
                0x0000000008004ef8                ADC1_IRQHandler
                0x0000000008004ef8                USART3_IRQHandler
                0x0000000008004ef8                DMA1_Channel7_IRQHandler
                0x0000000008004ef8                CAN1_RX1_IRQHandler
                0x0000000008004ef8                LCD_IRQHandler
                0x0000000008004ef8                DMA2_Channel1_IRQHandler
                0x0000000008004ef8                QUADSPI_IRQHandler
                0x0000000008004ef8                I2C1_EV_IRQHandler
                0x0000000008004ef8                DMA1_Channel6_IRQHandler
                0x0000000008004ef8                DMA2_Channel4_IRQHandler
                0x0000000008004ef8                RCC_IRQHandler
                0x0000000008004ef8                TIM1_TRG_COM_IRQHandler
                0x0000000008004ef8                DMA1_Channel1_IRQHandler
                0x0000000008004ef8                Default_Handler
                0x0000000008004ef8                DMA2_Channel7_IRQHandler
                0x0000000008004ef8                EXTI15_10_IRQHandler
                0x0000000008004ef8                SDMMC1_IRQHandler
                0x0000000008004ef8                I2C3_EV_IRQHandler
                0x0000000008004ef8                USB_IRQHandler
                0x0000000008004ef8                EXTI9_5_IRQHandler
                0x0000000008004ef8                RTC_WKUP_IRQHandler
                0x0000000008004ef8                PVD_PVM_IRQHandler
                0x0000000008004ef8                SPI2_IRQHandler
                0x0000000008004ef8                CAN1_TX_IRQHandler
                0x0000000008004ef8                DMA2_Channel5_IRQHandler
                0x0000000008004ef8                CRS_IRQHandler
                0x0000000008004ef8                DMA1_Channel5_IRQHandler
                0x0000000008004ef8                EXTI4_IRQHandler
                0x0000000008004ef8                RNG_IRQHandler
                0x0000000008004ef8                DMA1_Channel3_IRQHandler
                0x0000000008004ef8                COMP_IRQHandler
                0x0000000008004ef8                WWDG_IRQHandler
                0x0000000008004ef8                DMA2_Channel6_IRQHandler
                0x0000000008004ef8                TIM2_IRQHandler
                0x0000000008004ef8                EXTI1_IRQHandler
                0x0000000008004ef8                USART2_IRQHandler
                0x0000000008004ef8                I2C2_ER_IRQHandler
                0x0000000008004ef8                DMA1_Channel2_IRQHandler
                0x0000000008004ef8                CAN1_SCE_IRQHandler
                0x0000000008004ef8                FLASH_IRQHandler
                0x0000000008004ef8                SPI3_IRQHandler
                0x0000000008004ef8                I2C1_ER_IRQHandler
                0x0000000008004ef8                SWPMI1_IRQHandler
                0x0000000008004ef8                LPTIM1_IRQHandler
                0x0000000008004ef8                SAI1_IRQHandler
                0x0000000008004ef8                DMA2_Channel3_IRQHandler
                0x0000000008004ef8                TIM1_BRK_TIM15_IRQHandler
 *fill*         0x0000000008004efa        0x2 
 .text._ZN10PowermeterC2Ev
                0x0000000008004efc       0x20 ./Core/srccpp/BussinessLogic/ApplicationSW.o
                0x0000000008004efc                Powermeter::Powermeter()
                0x0000000008004efc                Powermeter::Powermeter()
 .text._ZN10PowermeterD2Ev
                0x0000000008004f1c       0x20 ./Core/srccpp/BussinessLogic/ApplicationSW.o
                0x0000000008004f1c                Powermeter::~Powermeter()
                0x0000000008004f1c                Powermeter::~Powermeter()
 .text._ZN10PowermeterD0Ev
                0x0000000008004f3c       0x20 ./Core/srccpp/BussinessLogic/ApplicationSW.o
                0x0000000008004f3c                Powermeter::~Powermeter()
 .text._ZN6commonC2Ev
                0x0000000008004f5c       0x20 ./Core/srccpp/Common/common.o
                0x0000000008004f5c                common::common()
                0x0000000008004f5c                common::common()
 .text._ZN6commonD2Ev
                0x0000000008004f7c       0x20 ./Core/srccpp/Common/common.o
                0x0000000008004f7c                common::~common()
                0x0000000008004f7c                common::~common()
 .text._ZN6commonD0Ev
                0x0000000008004f9c       0x20 ./Core/srccpp/Common/common.o
                0x0000000008004f9c                common::~common()
 .text._ZN14DisplayRoutineC2Ev
                0x0000000008004fbc       0xc4 ./Core/srccpp/DisplayCPP/DisplayRoutine.o
                0x0000000008004fbc                DisplayRoutine::DisplayRoutine()
                0x0000000008004fbc                DisplayRoutine::DisplayRoutine()
 .text._ZN14DisplayRoutineD2Ev
                0x0000000008005080       0x28 ./Core/srccpp/DisplayCPP/DisplayRoutine.o
                0x0000000008005080                DisplayRoutine::~DisplayRoutine()
                0x0000000008005080                DisplayRoutine::~DisplayRoutine()
 .text._ZN14DisplayRoutineD0Ev
                0x00000000080050a8       0x22 ./Core/srccpp/DisplayCPP/DisplayRoutine.o
                0x00000000080050a8                DisplayRoutine::~DisplayRoutine()
 .text._ZN14DisplayRoutine4InitEv
                0x00000000080050ca       0x30 ./Core/srccpp/DisplayCPP/DisplayRoutine.o
                0x00000000080050ca                DisplayRoutine::Init()
 .text._ZN6common26ReadtheValueAssignPinstateEhh
                0x00000000080050fa       0x3e ./Core/srccpp/DisplayCPP/GLCD.o
                0x00000000080050fa                common::ReadtheValueAssignPinstate(unsigned char, unsigned char)
 .text._ZN4GLCDC2Ev
                0x0000000008005138     0x3ef8 ./Core/srccpp/DisplayCPP/GLCD.o
                0x0000000008005138                GLCD::GLCD()
                0x0000000008005138                GLCD::GLCD()
 .text._ZN4GLCDD2Ev
                0x0000000008009030       0x24 ./Core/srccpp/DisplayCPP/GLCD.o
                0x0000000008009030                GLCD::~GLCD()
                0x0000000008009030                GLCD::~GLCD()
 .text._ZN4GLCDD0Ev
                0x0000000008009054       0x22 ./Core/srccpp/DisplayCPP/GLCD.o
                0x0000000008009054                GLCD::~GLCD()
 *fill*         0x0000000008009076        0x2 
 .text._ZN4GLCD9m_ctrloffEv
                0x0000000008009078       0x54 ./Core/srccpp/DisplayCPP/GLCD.o
                0x0000000008009078                GLCD::m_ctrloff()
 .text._ZN4GLCD7m_delayEjh
                0x00000000080090cc       0x42 ./Core/srccpp/DisplayCPP/GLCD.o
                0x00000000080090cc                GLCD::m_delay(unsigned int, unsigned char)
 *fill*         0x000000000800910e        0x2 
 .text._ZN4GLCD16m_IOWritethedataEh
                0x0000000008009110       0xe4 ./Core/srccpp/DisplayCPP/GLCD.o
                0x0000000008009110                GLCD::m_IOWritethedata(unsigned char)
 .text._ZN4GLCD11m_displayonEv
                0x00000000080091f4       0x78 ./Core/srccpp/DisplayCPP/GLCD.o
                0x00000000080091f4                GLCD::m_displayon()
 .text._ZN4GLCD11m_setcolumnEh
                0x000000000800926c      0x108 ./Core/srccpp/DisplayCPP/GLCD.o
                0x000000000800926c                GLCD::m_setcolumn(unsigned char)
 .text._ZN4GLCD9m_setpageEh
                0x0000000008009374       0x84 ./Core/srccpp/DisplayCPP/GLCD.o
                0x0000000008009374                GLCD::m_setpage(unsigned char)
 .text._ZN4GLCD14m_setstartlineEh
                0x00000000080093f8       0x84 ./Core/srccpp/DisplayCPP/GLCD.o
                0x00000000080093f8                GLCD::m_setstartline(unsigned char)
 .text._ZN4GLCD9m_lcddataEPht
                0x000000000800947c      0x134 ./Core/srccpp/DisplayCPP/GLCD.o
                0x000000000800947c                GLCD::m_lcddata(unsigned char*, unsigned short)
 .text._ZN4GLCD8m_clrlcdEv
                0x00000000080095b0       0x56 ./Core/srccpp/DisplayCPP/GLCD.o
                0x00000000080095b0                GLCD::m_clrlcd()
 *fill*         0x0000000008009606        0x2 
 .text._ZN10W5500ClassC2Ev
                0x0000000008009608       0x20 ./Core/srccpp/Ethernet/W5500.o
                0x0000000008009608                W5500Class::W5500Class()
                0x0000000008009608                W5500Class::W5500Class()
 .text._ZN10W5500ClassD2Ev
                0x0000000008009628       0x20 ./Core/srccpp/Ethernet/W5500.o
                0x0000000008009628                W5500Class::~W5500Class()
                0x0000000008009628                W5500Class::~W5500Class()
 .text._ZN10W5500ClassD0Ev
                0x0000000008009648       0x20 ./Core/srccpp/Ethernet/W5500.o
                0x0000000008009648                W5500Class::~W5500Class()
 .text._Z41__static_initialization_and_destruction_0ii
                0x0000000008009668       0x44 ./Core/srccpp/Ethernet/W5500.o
 .text._GLOBAL__sub_I_w5500
                0x00000000080096ac       0x10 ./Core/srccpp/Ethernet/W5500.o
 .text._GLOBAL__sub_D_w5500
                0x00000000080096bc       0x10 ./Core/srccpp/Ethernet/W5500.o
 .text._ZN9ModbusrtuC2Ev
                0x00000000080096cc       0x54 ./Core/srccpp/Modbus/Modbusrtu.o
                0x00000000080096cc                Modbusrtu::Modbusrtu()
                0x00000000080096cc                Modbusrtu::Modbusrtu()
 .text._ZN9ModbusrtuD2Ev
                0x0000000008009720       0x20 ./Core/srccpp/Modbus/Modbusrtu.o
                0x0000000008009720                Modbusrtu::~Modbusrtu()
                0x0000000008009720                Modbusrtu::~Modbusrtu()
 .text._ZN9ModbusrtuD0Ev
                0x0000000008009740       0x22 ./Core/srccpp/Modbus/Modbusrtu.o
                0x0000000008009740                Modbusrtu::~Modbusrtu()
 *fill*         0x0000000008009762        0x2 
 .text._ZN9Modbusrtu21ModbusReadTransactionEv
                0x0000000008009764      0x1d4 ./Core/srccpp/Modbus/Modbusrtu.o
                0x0000000008009764                Modbusrtu::ModbusReadTransaction()
 .text._ZN9Modbusrtu11ASCChecksumEPhh
                0x0000000008009938       0x74 ./Core/srccpp/Modbus/Modbusrtu.o
                0x0000000008009938                Modbusrtu::ASCChecksum(unsigned char*, unsigned char)
 .text._ZN9Modbusrtu9dwinFrameEv
                0x00000000080099ac      0x154 ./Core/srccpp/Modbus/Modbusrtu.o
                0x00000000080099ac                Modbusrtu::dwinFrame()
 .text._ZN9Modbusrtu11dwinDecoderEv
                0x0000000008009b00      0x348 ./Core/srccpp/Modbus/Modbusrtu.o
                0x0000000008009b00                Modbusrtu::dwinDecoder()
 .text._ZN14OfflineStorageC2Ev
                0x0000000008009e48       0x20 ./Core/srccpp/OfflineStorage/OfflineStorage.o
                0x0000000008009e48                OfflineStorage::OfflineStorage()
                0x0000000008009e48                OfflineStorage::OfflineStorage()
 .text._ZN14OfflineStorageD2Ev
                0x0000000008009e68       0x20 ./Core/srccpp/OfflineStorage/OfflineStorage.o
                0x0000000008009e68                OfflineStorage::~OfflineStorage()
                0x0000000008009e68                OfflineStorage::~OfflineStorage()
 .text._ZN14OfflineStorageD0Ev
                0x0000000008009e88       0x20 ./Core/srccpp/OfflineStorage/OfflineStorage.o
                0x0000000008009e88                OfflineStorage::~OfflineStorage()
 .text._ZN14OfflineStorage3runEv
                0x0000000008009ea8       0x16 ./Core/srccpp/OfflineStorage/OfflineStorage.o
                0x0000000008009ea8                OfflineStorage::run()
 *fill*         0x0000000008009ebe        0x2 
 .text._ZN14OfflineStorage14m_writesetdataEv
                0x0000000008009ec0      0x114 ./Core/srccpp/OfflineStorage/OfflineStorage.o
                0x0000000008009ec0                OfflineStorage::m_writesetdata()
 .text._ZN14OfflineStorage13m_readsetdataEv
                0x0000000008009fd4      0x144 ./Core/srccpp/OfflineStorage/OfflineStorage.o
                0x0000000008009fd4                OfflineStorage::m_readsetdata()
 .text._ZN14OfflineStorage19ReadOfflinedataInitEv
                0x000000000800a118       0x16 ./Core/srccpp/OfflineStorage/OfflineStorage.o
                0x000000000800a118                OfflineStorage::ReadOfflinedataInit()
 *fill*         0x000000000800a12e        0x2 
 .text.cppMain  0x000000000800a130       0xc0 ./Core/srccpp/main.o
                0x000000000800a130                cppMain
 .text.HAL_Init
                0x000000000800a1f0       0x30 ./Drivers/STM32L4xx_HAL_Driver/Src/stm32l4xx_hal.o
                0x000000000800a1f0                HAL_Init
 .text.HAL_InitTick
                0x000000000800a220       0x78 ./Drivers/STM32L4xx_HAL_Driver/Src/stm32l4xx_hal.o
                0x000000000800a220                HAL_InitTick
 .text.HAL_IncTick
                0x000000000800a298       0x28 ./Drivers/STM32L4xx_HAL_Driver/Src/stm32l4xx_hal.o
                0x000000000800a298                HAL_IncTick
 .text.HAL_GetTick
                0x000000000800a2c0       0x18 ./Drivers/STM32L4xx_HAL_Driver/Src/stm32l4xx_hal.o
                0x000000000800a2c0                HAL_GetTick
 .text.HAL_Delay
                0x000000000800a2d8       0x48 ./Drivers/STM32L4xx_HAL_Driver/Src/stm32l4xx_hal.o
                0x000000000800a2d8                HAL_Delay
 .text.__NVIC_SetPriorityGrouping
                0x000000000800a320       0x48 ./Drivers/STM32L4xx_HAL_Driver/Src/stm32l4xx_hal_cortex.o
 .text.__NVIC_GetPriorityGrouping
                0x000000000800a368       0x1c ./Drivers/STM32L4xx_HAL_Driver/Src/stm32l4xx_hal_cortex.o
 .text.__NVIC_EnableIRQ
                0x000000000800a384       0x3c ./Drivers/STM32L4xx_HAL_Driver/Src/stm32l4xx_hal_cortex.o
 .text.__NVIC_SetPriority
                0x000000000800a3c0       0x54 ./Drivers/STM32L4xx_HAL_Driver/Src/stm32l4xx_hal_cortex.o
 .text.NVIC_EncodePriority
                0x000000000800a414       0x66 ./Drivers/STM32L4xx_HAL_Driver/Src/stm32l4xx_hal_cortex.o
 *fill*         0x000000000800a47a        0x2 
 .text.SysTick_Config
                0x000000000800a47c       0x44 ./Drivers/STM32L4xx_HAL_Driver/Src/stm32l4xx_hal_cortex.o
 .text.HAL_NVIC_SetPriorityGrouping
                0x000000000800a4c0       0x16 ./Drivers/STM32L4xx_HAL_Driver/Src/stm32l4xx_hal_cortex.o
                0x000000000800a4c0                HAL_NVIC_SetPriorityGrouping
 .text.HAL_NVIC_SetPriority
                0x000000000800a4d6       0x38 ./Drivers/STM32L4xx_HAL_Driver/Src/stm32l4xx_hal_cortex.o
                0x000000000800a4d6                HAL_NVIC_SetPriority
 .text.HAL_NVIC_EnableIRQ
                0x000000000800a50e       0x1c ./Drivers/STM32L4xx_HAL_Driver/Src/stm32l4xx_hal_cortex.o
                0x000000000800a50e                HAL_NVIC_EnableIRQ
 .text.HAL_SYSTICK_Config
                0x000000000800a52a       0x18 ./Drivers/STM32L4xx_HAL_Driver/Src/stm32l4xx_hal_cortex.o
                0x000000000800a52a                HAL_SYSTICK_Config
 .text.HAL_DMA_Abort
                0x000000000800a542       0x7c ./Drivers/STM32L4xx_HAL_Driver/Src/stm32l4xx_hal_dma.o
                0x000000000800a542                HAL_DMA_Abort
 .text.HAL_DMA_Abort_IT
                0x000000000800a5be       0x82 ./Drivers/STM32L4xx_HAL_Driver/Src/stm32l4xx_hal_dma.o
                0x000000000800a5be                HAL_DMA_Abort_IT
 .text.HAL_GPIO_Init
                0x000000000800a640      0x2f4 ./Drivers/STM32L4xx_HAL_Driver/Src/stm32l4xx_hal_gpio.o
                0x000000000800a640                HAL_GPIO_Init
 .text.HAL_GPIO_WritePin
                0x000000000800a934       0x30 ./Drivers/STM32L4xx_HAL_Driver/Src/stm32l4xx_hal_gpio.o
                0x000000000800a934                HAL_GPIO_WritePin
 .text.HAL_GPIO_TogglePin
                0x000000000800a964       0x34 ./Drivers/STM32L4xx_HAL_Driver/Src/stm32l4xx_hal_gpio.o
                0x000000000800a964                HAL_GPIO_TogglePin
 .text.HAL_I2C_Init
                0x000000000800a998      0x11e ./Drivers/STM32L4xx_HAL_Driver/Src/stm32l4xx_hal_i2c.o
                0x000000000800a998                HAL_I2C_Init
 .text.HAL_I2CEx_ConfigAnalogFilter
                0x000000000800aab6       0x96 ./Drivers/STM32L4xx_HAL_Driver/Src/stm32l4xx_hal_i2c_ex.o
                0x000000000800aab6                HAL_I2CEx_ConfigAnalogFilter
 .text.HAL_I2CEx_ConfigDigitalFilter
                0x000000000800ab4c       0x98 ./Drivers/STM32L4xx_HAL_Driver/Src/stm32l4xx_hal_i2c_ex.o
                0x000000000800ab4c                HAL_I2CEx_ConfigDigitalFilter
 .text.HAL_PWREx_GetVoltageRange
                0x000000000800abe4       0x1c ./Drivers/STM32L4xx_HAL_Driver/Src/stm32l4xx_hal_pwr_ex.o
                0x000000000800abe4                HAL_PWREx_GetVoltageRange
 .text.HAL_PWREx_ControlVoltageScaling
                0x000000000800ac00       0xac ./Drivers/STM32L4xx_HAL_Driver/Src/stm32l4xx_hal_pwr_ex.o
                0x000000000800ac00                HAL_PWREx_ControlVoltageScaling
 .text.HAL_RCC_OscConfig
                0x000000000800acac      0x828 ./Drivers/STM32L4xx_HAL_Driver/Src/stm32l4xx_hal_rcc.o
                0x000000000800acac                HAL_RCC_OscConfig
 .text.HAL_RCC_ClockConfig
                0x000000000800b4d4      0x200 ./Drivers/STM32L4xx_HAL_Driver/Src/stm32l4xx_hal_rcc.o
                0x000000000800b4d4                HAL_RCC_ClockConfig
 .text.HAL_RCC_GetSysClockFreq
                0x000000000800b6d4      0x118 ./Drivers/STM32L4xx_HAL_Driver/Src/stm32l4xx_hal_rcc.o
                0x000000000800b6d4                HAL_RCC_GetSysClockFreq
 .text.HAL_RCC_GetHCLKFreq
                0x000000000800b7ec       0x18 ./Drivers/STM32L4xx_HAL_Driver/Src/stm32l4xx_hal_rcc.o
                0x000000000800b7ec                HAL_RCC_GetHCLKFreq
 .text.HAL_RCC_GetPCLK1Freq
                0x000000000800b804       0x2c ./Drivers/STM32L4xx_HAL_Driver/Src/stm32l4xx_hal_rcc.o
                0x000000000800b804                HAL_RCC_GetPCLK1Freq
 .text.HAL_RCC_GetPCLK2Freq
                0x000000000800b830       0x2c ./Drivers/STM32L4xx_HAL_Driver/Src/stm32l4xx_hal_rcc.o
                0x000000000800b830                HAL_RCC_GetPCLK2Freq
 .text.RCC_SetFlashLatencyFromMSIRange
                0x000000000800b85c       0xc0 ./Drivers/STM32L4xx_HAL_Driver/Src/stm32l4xx_hal_rcc.o
 .text.HAL_RCCEx_PeriphCLKConfig
                0x000000000800b91c      0x494 ./Drivers/STM32L4xx_HAL_Driver/Src/stm32l4xx_hal_rcc_ex.o
                0x000000000800b91c                HAL_RCCEx_PeriphCLKConfig
 .text.RCCEx_PLLSAI1_Config
                0x000000000800bdb0      0x1e4 ./Drivers/STM32L4xx_HAL_Driver/Src/stm32l4xx_hal_rcc_ex.o
 .text.HAL_SPI_Init
                0x000000000800bf94      0x146 ./Drivers/STM32L4xx_HAL_Driver/Src/stm32l4xx_hal_spi.o
                0x000000000800bf94                HAL_SPI_Init
 .text.HAL_SPI_Transmit
                0x000000000800c0da      0x2dc ./Drivers/STM32L4xx_HAL_Driver/Src/stm32l4xx_hal_spi.o
                0x000000000800c0da                HAL_SPI_Transmit
 .text.HAL_SPI_Receive
                0x000000000800c3b6      0x260 ./Drivers/STM32L4xx_HAL_Driver/Src/stm32l4xx_hal_spi.o
                0x000000000800c3b6                HAL_SPI_Receive
 .text.HAL_SPI_TransmitReceive
                0x000000000800c616      0x426 ./Drivers/STM32L4xx_HAL_Driver/Src/stm32l4xx_hal_spi.o
                0x000000000800c616                HAL_SPI_TransmitReceive
 .text.SPI_WaitFlagStateUntilTimeout
                0x000000000800ca3c      0x110 ./Drivers/STM32L4xx_HAL_Driver/Src/stm32l4xx_hal_spi.o
 .text.SPI_WaitFifoStateUntilTimeout
                0x000000000800cb4c      0x12c ./Drivers/STM32L4xx_HAL_Driver/Src/stm32l4xx_hal_spi.o
 .text.SPI_EndRxTransaction
                0x000000000800cc78       0xb0 ./Drivers/STM32L4xx_HAL_Driver/Src/stm32l4xx_hal_spi.o
 .text.SPI_EndRxTxTransaction
                0x000000000800cd28       0x8c ./Drivers/STM32L4xx_HAL_Driver/Src/stm32l4xx_hal_spi.o
 .text.HAL_TIM_Base_Init
                0x000000000800cdb4       0xae ./Drivers/STM32L4xx_HAL_Driver/Src/stm32l4xx_hal_tim.o
                0x000000000800cdb4                HAL_TIM_Base_Init
 *fill*         0x000000000800ce62        0x2 
 .text.HAL_TIM_Base_Start
                0x000000000800ce64       0x98 ./Drivers/STM32L4xx_HAL_Driver/Src/stm32l4xx_hal_tim.o
                0x000000000800ce64                HAL_TIM_Base_Start
 .text.HAL_TIM_Base_Start_IT
                0x000000000800cefc       0xa8 ./Drivers/STM32L4xx_HAL_Driver/Src/stm32l4xx_hal_tim.o
                0x000000000800cefc                HAL_TIM_Base_Start_IT
 .text.HAL_TIM_IRQHandler
                0x000000000800cfa4      0x23e ./Drivers/STM32L4xx_HAL_Driver/Src/stm32l4xx_hal_tim.o
                0x000000000800cfa4                HAL_TIM_IRQHandler
 .text.HAL_TIM_ConfigClockSource
                0x000000000800d1e2      0x192 ./Drivers/STM32L4xx_HAL_Driver/Src/stm32l4xx_hal_tim.o
                0x000000000800d1e2                HAL_TIM_ConfigClockSource
 .text.HAL_TIM_OC_DelayElapsedCallback
                0x000000000800d374       0x14 ./Drivers/STM32L4xx_HAL_Driver/Src/stm32l4xx_hal_tim.o
                0x000000000800d374                HAL_TIM_OC_DelayElapsedCallback
 .text.HAL_TIM_IC_CaptureCallback
                0x000000000800d388       0x14 ./Drivers/STM32L4xx_HAL_Driver/Src/stm32l4xx_hal_tim.o
                0x000000000800d388                HAL_TIM_IC_CaptureCallback
 .text.HAL_TIM_PWM_PulseFinishedCallback
                0x000000000800d39c       0x14 ./Drivers/STM32L4xx_HAL_Driver/Src/stm32l4xx_hal_tim.o
                0x000000000800d39c                HAL_TIM_PWM_PulseFinishedCallback
 .text.HAL_TIM_TriggerCallback
                0x000000000800d3b0       0x14 ./Drivers/STM32L4xx_HAL_Driver/Src/stm32l4xx_hal_tim.o
                0x000000000800d3b0                HAL_TIM_TriggerCallback
 .text.TIM_Base_SetConfig
                0x000000000800d3c4       0xc8 ./Drivers/STM32L4xx_HAL_Driver/Src/stm32l4xx_hal_tim.o
                0x000000000800d3c4                TIM_Base_SetConfig
 .text.TIM_TI1_ConfigInputStage
                0x000000000800d48c       0x5e ./Drivers/STM32L4xx_HAL_Driver/Src/stm32l4xx_hal_tim.o
 .text.TIM_TI2_ConfigInputStage
                0x000000000800d4ea       0x60 ./Drivers/STM32L4xx_HAL_Driver/Src/stm32l4xx_hal_tim.o
 .text.TIM_ITRx_SetConfig
                0x000000000800d54a       0x36 ./Drivers/STM32L4xx_HAL_Driver/Src/stm32l4xx_hal_tim.o
 .text.TIM_ETR_SetConfig
                0x000000000800d580       0x40 ./Drivers/STM32L4xx_HAL_Driver/Src/stm32l4xx_hal_tim.o
                0x000000000800d580                TIM_ETR_SetConfig
 .text.HAL_TIMEx_MasterConfigSynchronization
                0x000000000800d5c0       0xcc ./Drivers/STM32L4xx_HAL_Driver/Src/stm32l4xx_hal_tim_ex.o
                0x000000000800d5c0                HAL_TIMEx_MasterConfigSynchronization
 .text.HAL_TIMEx_CommutCallback
                0x000000000800d68c       0x14 ./Drivers/STM32L4xx_HAL_Driver/Src/stm32l4xx_hal_tim_ex.o
                0x000000000800d68c                HAL_TIMEx_CommutCallback
 .text.HAL_TIMEx_BreakCallback
                0x000000000800d6a0       0x14 ./Drivers/STM32L4xx_HAL_Driver/Src/stm32l4xx_hal_tim_ex.o
                0x000000000800d6a0                HAL_TIMEx_BreakCallback
 .text.HAL_TIMEx_Break2Callback
                0x000000000800d6b4       0x14 ./Drivers/STM32L4xx_HAL_Driver/Src/stm32l4xx_hal_tim_ex.o
                0x000000000800d6b4                HAL_TIMEx_Break2Callback
 .text.HAL_UART_Init
                0x000000000800d6c8       0x9c ./Drivers/STM32L4xx_HAL_Driver/Src/stm32l4xx_hal_uart.o
                0x000000000800d6c8                HAL_UART_Init
 .text.HAL_UART_Transmit_IT
                0x000000000800d764       0xdc ./Drivers/STM32L4xx_HAL_Driver/Src/stm32l4xx_hal_uart.o
                0x000000000800d764                HAL_UART_Transmit_IT
 .text.HAL_UART_Receive_IT
                0x000000000800d840       0xac ./Drivers/STM32L4xx_HAL_Driver/Src/stm32l4xx_hal_uart.o
                0x000000000800d840                HAL_UART_Receive_IT
 .text.HAL_UART_IRQHandler
                0x000000000800d8ec      0x5c4 ./Drivers/STM32L4xx_HAL_Driver/Src/stm32l4xx_hal_uart.o
                0x000000000800d8ec                HAL_UART_IRQHandler
 .text.HAL_UART_TxCpltCallback
                0x000000000800deb0       0x14 ./Drivers/STM32L4xx_HAL_Driver/Src/stm32l4xx_hal_uart.o
                0x000000000800deb0                HAL_UART_TxCpltCallback
 .text.HAL_UART_ErrorCallback
                0x000000000800dec4       0x14 ./Drivers/STM32L4xx_HAL_Driver/Src/stm32l4xx_hal_uart.o
                0x000000000800dec4                HAL_UART_ErrorCallback
 .text.HAL_UARTEx_RxEventCallback
                0x000000000800ded8       0x18 ./Drivers/STM32L4xx_HAL_Driver/Src/stm32l4xx_hal_uart.o
                0x000000000800ded8                HAL_UARTEx_RxEventCallback
 .text.UART_SetConfig
                0x000000000800def0      0x4b4 ./Drivers/STM32L4xx_HAL_Driver/Src/stm32l4xx_hal_uart.o
                0x000000000800def0                UART_SetConfig
 .text.UART_AdvFeatureConfig
                0x000000000800e3a4      0x144 ./Drivers/STM32L4xx_HAL_Driver/Src/stm32l4xx_hal_uart.o
                0x000000000800e3a4                UART_AdvFeatureConfig
 .text.UART_CheckIdleState
                0x000000000800e4e8       0x92 ./Drivers/STM32L4xx_HAL_Driver/Src/stm32l4xx_hal_uart.o
                0x000000000800e4e8                UART_CheckIdleState
 .text.UART_WaitOnFlagUntilTimeout
                0x000000000800e57a      0x188 ./Drivers/STM32L4xx_HAL_Driver/Src/stm32l4xx_hal_uart.o
                0x000000000800e57a                UART_WaitOnFlagUntilTimeout
 *fill*         0x000000000800e702        0x2 
 .text.UART_Start_Receive_IT
                0x000000000800e704      0x194 ./Drivers/STM32L4xx_HAL_Driver/Src/stm32l4xx_hal_uart.o
                0x000000000800e704                UART_Start_Receive_IT
 .text.UART_EndRxTransfer
                0x000000000800e898       0xc6 ./Drivers/STM32L4xx_HAL_Driver/Src/stm32l4xx_hal_uart.o
 .text.UART_DMAAbortOnError
                0x000000000800e95e       0x2c ./Drivers/STM32L4xx_HAL_Driver/Src/stm32l4xx_hal_uart.o
 .text.UART_TxISR_8BIT
                0x000000000800e98a       0xb8 ./Drivers/STM32L4xx_HAL_Driver/Src/stm32l4xx_hal_uart.o
 .text.UART_TxISR_16BIT
                0x000000000800ea42       0xc0 ./Drivers/STM32L4xx_HAL_Driver/Src/stm32l4xx_hal_uart.o
 .text.UART_EndTransmit_IT
                0x000000000800eb02       0x54 ./Drivers/STM32L4xx_HAL_Driver/Src/stm32l4xx_hal_uart.o
 .text.UART_RxISR_8BIT
                0x000000000800eb56      0x160 ./Drivers/STM32L4xx_HAL_Driver/Src/stm32l4xx_hal_uart.o
 .text.UART_RxISR_16BIT
                0x000000000800ecb6      0x160 ./Drivers/STM32L4xx_HAL_Driver/Src/stm32l4xx_hal_uart.o
 .text.HAL_UARTEx_WakeupCallback
                0x000000000800ee16       0x14 ./Drivers/STM32L4xx_HAL_Driver/Src/stm32l4xx_hal_uart_ex.o
                0x000000000800ee16                HAL_UARTEx_WakeupCallback
 .text._ZdlPvj  0x000000000800ee2a        0x4 c:/st/stm32cubeide_1.10.1/stm32cubeide/plugins/com.st.stm32cube.ide.mcu.externaltools.gnu-tools-for-stm32.10.3-2021.10.win32_1.0.0.202111181127/tools/bin/../lib/gcc/arm-none-eabi/10.3.1/../../../../arm-none-eabi/lib/thumb/v7e-m+fp/hard\libstdc++_nano.a(del_ops.o)
                0x000000000800ee2a                operator delete(void*, unsigned int)
 .text._ZdlPv   0x000000000800ee2e        0x4 c:/st/stm32cubeide_1.10.1/stm32cubeide/plugins/com.st.stm32cube.ide.mcu.externaltools.gnu-tools-for-stm32.10.3-2021.10.win32_1.0.0.202111181127/tools/bin/../lib/gcc/arm-none-eabi/10.3.1/../../../../arm-none-eabi/lib/thumb/v7e-m+fp/hard\libstdc++_nano.a(del_op.o)
                0x000000000800ee2e                operator delete(void*)
 *fill*         0x000000000800ee32        0x2 
 .text.__errno  0x000000000800ee34        0xc c:/st/stm32cubeide_1.10.1/stm32cubeide/plugins/com.st.stm32cube.ide.mcu.externaltools.gnu-tools-for-stm32.10.3-2021.10.win32_1.0.0.202111181127/tools/bin/../lib/gcc/arm-none-eabi/10.3.1/../../../../arm-none-eabi/lib/thumb/v7e-m+fp/hard\libc_nano.a(lib_a-errno.o)
                0x000000000800ee34                __errno
 .text.__libc_init_array
                0x000000000800ee40       0x48 c:/st/stm32cubeide_1.10.1/stm32cubeide/plugins/com.st.stm32cube.ide.mcu.externaltools.gnu-tools-for-stm32.10.3-2021.10.win32_1.0.0.202111181127/tools/bin/../lib/gcc/arm-none-eabi/10.3.1/../../../../arm-none-eabi/lib/thumb/v7e-m+fp/hard\libc_nano.a(lib_a-init.o)
                0x000000000800ee40                __libc_init_array
 .text.malloc   0x000000000800ee88       0x10 c:/st/stm32cubeide_1.10.1/stm32cubeide/plugins/com.st.stm32cube.ide.mcu.externaltools.gnu-tools-for-stm32.10.3-2021.10.win32_1.0.0.202111181127/tools/bin/../lib/gcc/arm-none-eabi/10.3.1/../../../../arm-none-eabi/lib/thumb/v7e-m+fp/hard\libc_nano.a(lib_a-malloc.o)
                0x000000000800ee88                malloc
 .text.free     0x000000000800ee98       0x10 c:/st/stm32cubeide_1.10.1/stm32cubeide/plugins/com.st.stm32cube.ide.mcu.externaltools.gnu-tools-for-stm32.10.3-2021.10.win32_1.0.0.202111181127/tools/bin/../lib/gcc/arm-none-eabi/10.3.1/../../../../arm-none-eabi/lib/thumb/v7e-m+fp/hard\libc_nano.a(lib_a-malloc.o)
                0x000000000800ee98                free
 .text.memcpy   0x000000000800eea8       0x1c c:/st/stm32cubeide_1.10.1/stm32cubeide/plugins/com.st.stm32cube.ide.mcu.externaltools.gnu-tools-for-stm32.10.3-2021.10.win32_1.0.0.202111181127/tools/bin/../lib/gcc/arm-none-eabi/10.3.1/../../../../arm-none-eabi/lib/thumb/v7e-m+fp/hard\libc_nano.a(lib_a-memcpy-stub.o)
                0x000000000800eea8                memcpy
 .text.memset   0x000000000800eec4       0x10 c:/st/stm32cubeide_1.10.1/stm32cubeide/plugins/com.st.stm32cube.ide.mcu.externaltools.gnu-tools-for-stm32.10.3-2021.10.win32_1.0.0.202111181127/tools/bin/../lib/gcc/arm-none-eabi/10.3.1/../../../../arm-none-eabi/lib/thumb/v7e-m+fp/hard\libc_nano.a(lib_a-memset.o)
                0x000000000800eec4                memset
 .text._free_r  0x000000000800eed4       0x98 c:/st/stm32cubeide_1.10.1/stm32cubeide/plugins/com.st.stm32cube.ide.mcu.externaltools.gnu-tools-for-stm32.10.3-2021.10.win32_1.0.0.202111181127/tools/bin/../lib/gcc/arm-none-eabi/10.3.1/../../../../arm-none-eabi/lib/thumb/v7e-m+fp/hard\libc_nano.a(lib_a-nano-freer.o)
                0x000000000800eed4                _free_r
 .text.sbrk_aligned
                0x000000000800ef6c       0x40 c:/st/stm32cubeide_1.10.1/stm32cubeide/plugins/com.st.stm32cube.ide.mcu.externaltools.gnu-tools-for-stm32.10.3-2021.10.win32_1.0.0.202111181127/tools/bin/../lib/gcc/arm-none-eabi/10.3.1/../../../../arm-none-eabi/lib/thumb/v7e-m+fp/hard\libc_nano.a(lib_a-nano-mallocr.o)
 .text._malloc_r
                0x000000000800efac       0xe8 c:/st/stm32cubeide_1.10.1/stm32cubeide/plugins/com.st.stm32cube.ide.mcu.externaltools.gnu-tools-for-stm32.10.3-2021.10.win32_1.0.0.202111181127/tools/bin/../lib/gcc/arm-none-eabi/10.3.1/../../../../arm-none-eabi/lib/thumb/v7e-m+fp/hard\libc_nano.a(lib_a-nano-mallocr.o)
                0x000000000800efac                _malloc_r
 .text.rand     0x000000000800f094       0x7c c:/st/stm32cubeide_1.10.1/stm32cubeide/plugins/com.st.stm32cube.ide.mcu.externaltools.gnu-tools-for-stm32.10.3-2021.10.win32_1.0.0.202111181127/tools/bin/../lib/gcc/arm-none-eabi/10.3.1/../../../../arm-none-eabi/lib/thumb/v7e-m+fp/hard\libc_nano.a(lib_a-rand.o)
                0x000000000800f094                rand
 .text._sbrk_r  0x000000000800f110       0x20 c:/st/stm32cubeide_1.10.1/stm32cubeide/plugins/com.st.stm32cube.ide.mcu.externaltools.gnu-tools-for-stm32.10.3-2021.10.win32_1.0.0.202111181127/tools/bin/../lib/gcc/arm-none-eabi/10.3.1/../../../../arm-none-eabi/lib/thumb/v7e-m+fp/hard\libc_nano.a(lib_a-sbrkr.o)
                0x000000000800f110                _sbrk_r
 .text.sprintf  0x000000000800f130       0x40 c:/st/stm32cubeide_1.10.1/stm32cubeide/plugins/com.st.stm32cube.ide.mcu.externaltools.gnu-tools-for-stm32.10.3-2021.10.win32_1.0.0.202111181127/tools/bin/../lib/gcc/arm-none-eabi/10.3.1/../../../../arm-none-eabi/lib/thumb/v7e-m+fp/hard\libc_nano.a(lib_a-sprintf.o)
                0x000000000800f130                siprintf
                0x000000000800f130                sprintf
 .text.strchr   0x000000000800f170       0x1a c:/st/stm32cubeide_1.10.1/stm32cubeide/plugins/com.st.stm32cube.ide.mcu.externaltools.gnu-tools-for-stm32.10.3-2021.10.win32_1.0.0.202111181127/tools/bin/../lib/gcc/arm-none-eabi/10.3.1/../../../../arm-none-eabi/lib/thumb/v7e-m+fp/hard\libc_nano.a(lib_a-strchr.o)
                0x000000000800f170                strchr
 .text.strcpy   0x000000000800f18a       0x10 c:/st/stm32cubeide_1.10.1/stm32cubeide/plugins/com.st.stm32cube.ide.mcu.externaltools.gnu-tools-for-stm32.10.3-2021.10.win32_1.0.0.202111181127/tools/bin/../lib/gcc/arm-none-eabi/10.3.1/../../../../arm-none-eabi/lib/thumb/v7e-m+fp/hard\libc_nano.a(lib_a-strcpy.o)
                0x000000000800f18a                strcpy
 *fill*         0x000000000800f19a        0x2 
 .text.strtok   0x000000000800f19c       0x68 c:/st/stm32cubeide_1.10.1/stm32cubeide/plugins/com.st.stm32cube.ide.mcu.externaltools.gnu-tools-for-stm32.10.3-2021.10.win32_1.0.0.202111181127/tools/bin/../lib/gcc/arm-none-eabi/10.3.1/../../../../arm-none-eabi/lib/thumb/v7e-m+fp/hard\libc_nano.a(lib_a-strtok.o)
                0x000000000800f19c                strtok
 .text.__strtok_r
                0x000000000800f204       0x50 c:/st/stm32cubeide_1.10.1/stm32cubeide/plugins/com.st.stm32cube.ide.mcu.externaltools.gnu-tools-for-stm32.10.3-2021.10.win32_1.0.0.202111181127/tools/bin/../lib/gcc/arm-none-eabi/10.3.1/../../../../arm-none-eabi/lib/thumb/v7e-m+fp/hard\libc_nano.a(lib_a-strtok_r.o)
                0x000000000800f204                __strtok_r
 .text.__assert_func
                0x000000000800f254       0x3c c:/st/stm32cubeide_1.10.1/stm32cubeide/plugins/com.st.stm32cube.ide.mcu.externaltools.gnu-tools-for-stm32.10.3-2021.10.win32_1.0.0.202111181127/tools/bin/../lib/gcc/arm-none-eabi/10.3.1/../../../../arm-none-eabi/lib/thumb/v7e-m+fp/hard\libc_nano.a(lib_a-assert.o)
                0x000000000800f254                __assert_func
 .text.fprintf  0x000000000800f290       0x24 c:/st/stm32cubeide_1.10.1/stm32cubeide/plugins/com.st.stm32cube.ide.mcu.externaltools.gnu-tools-for-stm32.10.3-2021.10.win32_1.0.0.202111181127/tools/bin/../lib/gcc/arm-none-eabi/10.3.1/../../../../arm-none-eabi/lib/thumb/v7e-m+fp/hard\libc_nano.a(lib_a-fprintf.o)
                0x000000000800f290                fiprintf
                0x000000000800f290                fprintf
 .text.__malloc_lock
                0x000000000800f2b4        0xc c:/st/stm32cubeide_1.10.1/stm32cubeide/plugins/com.st.stm32cube.ide.mcu.externaltools.gnu-tools-for-stm32.10.3-2021.10.win32_1.0.0.202111181127/tools/bin/../lib/gcc/arm-none-eabi/10.3.1/../../../../arm-none-eabi/lib/thumb/v7e-m+fp/hard\libc_nano.a(lib_a-mlock.o)
                0x000000000800f2b4                __malloc_lock
 .text.__malloc_unlock
                0x000000000800f2c0        0xc c:/st/stm32cubeide_1.10.1/stm32cubeide/plugins/com.st.stm32cube.ide.mcu.externaltools.gnu-tools-for-stm32.10.3-2021.10.win32_1.0.0.202111181127/tools/bin/../lib/gcc/arm-none-eabi/10.3.1/../../../../arm-none-eabi/lib/thumb/v7e-m+fp/hard\libc_nano.a(lib_a-mlock.o)
                0x000000000800f2c0                __malloc_unlock
 .text.__ssputs_r
                0x000000000800f2cc       0xb6 c:/st/stm32cubeide_1.10.1/stm32cubeide/plugins/com.st.stm32cube.ide.mcu.externaltools.gnu-tools-for-stm32.10.3-2021.10.win32_1.0.0.202111181127/tools/bin/../lib/gcc/arm-none-eabi/10.3.1/../../../../arm-none-eabi/lib/thumb/v7e-m+fp/hard\libc_nano.a(lib_a-nano-svfprintf.o)
                0x000000000800f2cc                __ssputs_r
 *fill*         0x000000000800f382        0x2 
 .text._svfprintf_r
                0x000000000800f384      0x200 c:/st/stm32cubeide_1.10.1/stm32cubeide/plugins/com.st.stm32cube.ide.mcu.externaltools.gnu-tools-for-stm32.10.3-2021.10.win32_1.0.0.202111181127/tools/bin/../lib/gcc/arm-none-eabi/10.3.1/../../../../arm-none-eabi/lib/thumb/v7e-m+fp/hard\libc_nano.a(lib_a-nano-svfprintf.o)
                0x000000000800f384                _svfiprintf_r
                0x000000000800f384                _svfprintf_r
 .text.__sfputc_r
                0x000000000800f584       0x2e c:/st/stm32cubeide_1.10.1/stm32cubeide/plugins/com.st.stm32cube.ide.mcu.externaltools.gnu-tools-for-stm32.10.3-2021.10.win32_1.0.0.202111181127/tools/bin/../lib/gcc/arm-none-eabi/10.3.1/../../../../arm-none-eabi/lib/thumb/v7e-m+fp/hard\libc_nano.a(lib_a-nano-vfprintf.o)
 .text.__sfputs_r
                0x000000000800f5b2       0x24 c:/st/stm32cubeide_1.10.1/stm32cubeide/plugins/com.st.stm32cube.ide.mcu.externaltools.gnu-tools-for-stm32.10.3-2021.10.win32_1.0.0.202111181127/tools/bin/../lib/gcc/arm-none-eabi/10.3.1/../../../../arm-none-eabi/lib/thumb/v7e-m+fp/hard\libc_nano.a(lib_a-nano-vfprintf.o)
                0x000000000800f5b2                __sfputs_r
 *fill*         0x000000000800f5d6        0x2 
 .text._vfprintf_r
                0x000000000800f5d8      0x260 c:/st/stm32cubeide_1.10.1/stm32cubeide/plugins/com.st.stm32cube.ide.mcu.externaltools.gnu-tools-for-stm32.10.3-2021.10.win32_1.0.0.202111181127/tools/bin/../lib/gcc/arm-none-eabi/10.3.1/../../../../arm-none-eabi/lib/thumb/v7e-m+fp/hard\libc_nano.a(lib_a-nano-vfprintf.o)
                0x000000000800f5d8                _vfprintf_r
                0x000000000800f5d8                _vfiprintf_r
 .text._printf_common
                0x000000000800f838       0xda c:/st/stm32cubeide_1.10.1/stm32cubeide/plugins/com.st.stm32cube.ide.mcu.externaltools.gnu-tools-for-stm32.10.3-2021.10.win32_1.0.0.202111181127/tools/bin/../lib/gcc/arm-none-eabi/10.3.1/../../../../arm-none-eabi/lib/thumb/v7e-m+fp/hard\libc_nano.a(lib_a-nano-vfprintf_i.o)
                0x000000000800f838                _printf_common
 *fill*         0x000000000800f912        0x2 
 .text._printf_i
                0x000000000800f914      0x24c c:/st/stm32cubeide_1.10.1/stm32cubeide/plugins/com.st.stm32cube.ide.mcu.externaltools.gnu-tools-for-stm32.10.3-2021.10.win32_1.0.0.202111181127/tools/bin/../lib/gcc/arm-none-eabi/10.3.1/../../../../arm-none-eabi/lib/thumb/v7e-m+fp/hard\libc_nano.a(lib_a-nano-vfprintf_i.o)
                0x000000000800f914                _printf_i
 .text.__swbuf_r
                0x000000000800fb60       0xa4 c:/st/stm32cubeide_1.10.1/stm32cubeide/plugins/com.st.stm32cube.ide.mcu.externaltools.gnu-tools-for-stm32.10.3-2021.10.win32_1.0.0.202111181127/tools/bin/../lib/gcc/arm-none-eabi/10.3.1/../../../../arm-none-eabi/lib/thumb/v7e-m+fp/hard\libc_nano.a(lib_a-wbuf.o)
                0x000000000800fb60                __swbuf_r
 .text.__swsetup_r
                0x000000000800fc04       0xdc c:/st/stm32cubeide_1.10.1/stm32cubeide/plugins/com.st.stm32cube.ide.mcu.externaltools.gnu-tools-for-stm32.10.3-2021.10.win32_1.0.0.202111181127/tools/bin/../lib/gcc/arm-none-eabi/10.3.1/../../../../arm-none-eabi/lib/thumb/v7e-m+fp/hard\libc_nano.a(lib_a-wsetup.o)
                0x000000000800fc04                __swsetup_r
 .text.abort    0x000000000800fce0        0xe c:/st/stm32cubeide_1.10.1/stm32cubeide/plugins/com.st.stm32cube.ide.mcu.externaltools.gnu-tools-for-stm32.10.3-2021.10.win32_1.0.0.202111181127/tools/bin/../lib/gcc/arm-none-eabi/10.3.1/../../../../arm-none-eabi/lib/thumb/v7e-m+fp/hard\libc_nano.a(lib_a-abort.o)
                0x000000000800fce0                abort
 *fill*         0x000000000800fcee        0x2 
 .text.__sflush_r
                0x000000000800fcf0      0x10c c:/st/stm32cubeide_1.10.1/stm32cubeide/plugins/com.st.stm32cube.ide.mcu.externaltools.gnu-tools-for-stm32.10.3-2021.10.win32_1.0.0.202111181127/tools/bin/../lib/gcc/arm-none-eabi/10.3.1/../../../../arm-none-eabi/lib/thumb/v7e-m+fp/hard\libc_nano.a(lib_a-fflush.o)
                0x000000000800fcf0                __sflush_r
 .text._fflush_r
                0x000000000800fdfc       0x78 c:/st/stm32cubeide_1.10.1/stm32cubeide/plugins/com.st.stm32cube.ide.mcu.externaltools.gnu-tools-for-stm32.10.3-2021.10.win32_1.0.0.202111181127/tools/bin/../lib/gcc/arm-none-eabi/10.3.1/../../../../arm-none-eabi/lib/thumb/v7e-m+fp/hard\libc_nano.a(lib_a-fflush.o)
                0x000000000800fdfc                _fflush_r
 .text.std      0x000000000800fe74       0x48 c:/st/stm32cubeide_1.10.1/stm32cubeide/plugins/com.st.stm32cube.ide.mcu.externaltools.gnu-tools-for-stm32.10.3-2021.10.win32_1.0.0.202111181127/tools/bin/../lib/gcc/arm-none-eabi/10.3.1/../../../../arm-none-eabi/lib/thumb/v7e-m+fp/hard\libc_nano.a(lib_a-findfp.o)
 .text._cleanup_r
                0x000000000800febc        0xc c:/st/stm32cubeide_1.10.1/stm32cubeide/plugins/com.st.stm32cube.ide.mcu.externaltools.gnu-tools-for-stm32.10.3-2021.10.win32_1.0.0.202111181127/tools/bin/../lib/gcc/arm-none-eabi/10.3.1/../../../../arm-none-eabi/lib/thumb/v7e-m+fp/hard\libc_nano.a(lib_a-findfp.o)
                0x000000000800febc                _cleanup_r
 .text.__sfmoreglue
                0x000000000800fec8       0x2c c:/st/stm32cubeide_1.10.1/stm32cubeide/plugins/com.st.stm32cube.ide.mcu.externaltools.gnu-tools-for-stm32.10.3-2021.10.win32_1.0.0.202111181127/tools/bin/../lib/gcc/arm-none-eabi/10.3.1/../../../../arm-none-eabi/lib/thumb/v7e-m+fp/hard\libc_nano.a(lib_a-findfp.o)
                0x000000000800fec8                __sfmoreglue
 .text.__sfp_lock_acquire
                0x000000000800fef4        0xc c:/st/stm32cubeide_1.10.1/stm32cubeide/plugins/com.st.stm32cube.ide.mcu.externaltools.gnu-tools-for-stm32.10.3-2021.10.win32_1.0.0.202111181127/tools/bin/../lib/gcc/arm-none-eabi/10.3.1/../../../../arm-none-eabi/lib/thumb/v7e-m+fp/hard\libc_nano.a(lib_a-findfp.o)
                0x000000000800fef4                __sfp_lock_acquire
 .text.__sfp_lock_release
                0x000000000800ff00        0xc c:/st/stm32cubeide_1.10.1/stm32cubeide/plugins/com.st.stm32cube.ide.mcu.externaltools.gnu-tools-for-stm32.10.3-2021.10.win32_1.0.0.202111181127/tools/bin/../lib/gcc/arm-none-eabi/10.3.1/../../../../arm-none-eabi/lib/thumb/v7e-m+fp/hard\libc_nano.a(lib_a-findfp.o)
                0x000000000800ff00                __sfp_lock_release
 .text.__sinit_lock_acquire
                0x000000000800ff0c        0xc c:/st/stm32cubeide_1.10.1/stm32cubeide/plugins/com.st.stm32cube.ide.mcu.externaltools.gnu-tools-for-stm32.10.3-2021.10.win32_1.0.0.202111181127/tools/bin/../lib/gcc/arm-none-eabi/10.3.1/../../../../arm-none-eabi/lib/thumb/v7e-m+fp/hard\libc_nano.a(lib_a-findfp.o)
                0x000000000800ff0c                __sinit_lock_acquire
 .text.__sinit_lock_release
                0x000000000800ff18        0xc c:/st/stm32cubeide_1.10.1/stm32cubeide/plugins/com.st.stm32cube.ide.mcu.externaltools.gnu-tools-for-stm32.10.3-2021.10.win32_1.0.0.202111181127/tools/bin/../lib/gcc/arm-none-eabi/10.3.1/../../../../arm-none-eabi/lib/thumb/v7e-m+fp/hard\libc_nano.a(lib_a-findfp.o)
                0x000000000800ff18                __sinit_lock_release
 .text.__sinit  0x000000000800ff24       0x70 c:/st/stm32cubeide_1.10.1/stm32cubeide/plugins/com.st.stm32cube.ide.mcu.externaltools.gnu-tools-for-stm32.10.3-2021.10.win32_1.0.0.202111181127/tools/bin/../lib/gcc/arm-none-eabi/10.3.1/../../../../arm-none-eabi/lib/thumb/v7e-m+fp/hard\libc_nano.a(lib_a-findfp.o)
                0x000000000800ff24                __sinit
 .text.__sfp    0x000000000800ff94       0x8c c:/st/stm32cubeide_1.10.1/stm32cubeide/plugins/com.st.stm32cube.ide.mcu.externaltools.gnu-tools-for-stm32.10.3-2021.10.win32_1.0.0.202111181127/tools/bin/../lib/gcc/arm-none-eabi/10.3.1/../../../../arm-none-eabi/lib/thumb/v7e-m+fp/hard\libc_nano.a(lib_a-findfp.o)
                0x000000000800ff94                __sfp
 .text._fwalk_reent
                0x0000000008010020       0x3e c:/st/stm32cubeide_1.10.1/stm32cubeide/plugins/com.st.stm32cube.ide.mcu.externaltools.gnu-tools-for-stm32.10.3-2021.10.win32_1.0.0.202111181127/tools/bin/../lib/gcc/arm-none-eabi/10.3.1/../../../../arm-none-eabi/lib/thumb/v7e-m+fp/hard\libc_nano.a(lib_a-fwalk.o)
                0x0000000008010020                _fwalk_reent
 .text.__retarget_lock_init_recursive
                0x000000000801005e        0x2 c:/st/stm32cubeide_1.10.1/stm32cubeide/plugins/com.st.stm32cube.ide.mcu.externaltools.gnu-tools-for-stm32.10.3-2021.10.win32_1.0.0.202111181127/tools/bin/../lib/gcc/arm-none-eabi/10.3.1/../../../../arm-none-eabi/lib/thumb/v7e-m+fp/hard\libc_nano.a(lib_a-lock.o)
                0x000000000801005e                __retarget_lock_init_recursive
 .text.__retarget_lock_acquire_recursive
                0x0000000008010060        0x2 c:/st/stm32cubeide_1.10.1/stm32cubeide/plugins/com.st.stm32cube.ide.mcu.externaltools.gnu-tools-for-stm32.10.3-2021.10.win32_1.0.0.202111181127/tools/bin/../lib/gcc/arm-none-eabi/10.3.1/../../../../arm-none-eabi/lib/thumb/v7e-m+fp/hard\libc_nano.a(lib_a-lock.o)
                0x0000000008010060                __retarget_lock_acquire_recursive
 .text.__retarget_lock_release_recursive
                0x0000000008010062        0x2 c:/st/stm32cubeide_1.10.1/stm32cubeide/plugins/com.st.stm32cube.ide.mcu.externaltools.gnu-tools-for-stm32.10.3-2021.10.win32_1.0.0.202111181127/tools/bin/../lib/gcc/arm-none-eabi/10.3.1/../../../../arm-none-eabi/lib/thumb/v7e-m+fp/hard\libc_nano.a(lib_a-lock.o)
                0x0000000008010062                __retarget_lock_release_recursive
 .text.__swhatbuf_r
                0x0000000008010064       0x4a c:/st/stm32cubeide_1.10.1/stm32cubeide/plugins/com.st.stm32cube.ide.mcu.externaltools.gnu-tools-for-stm32.10.3-2021.10.win32_1.0.0.202111181127/tools/bin/../lib/gcc/arm-none-eabi/10.3.1/../../../../arm-none-eabi/lib/thumb/v7e-m+fp/hard\libc_nano.a(lib_a-makebuf.o)
                0x0000000008010064                __swhatbuf_r
 *fill*         0x00000000080100ae        0x2 
 .text.__smakebuf_r
                0x00000000080100b0       0x80 c:/st/stm32cubeide_1.10.1/stm32cubeide/plugins/com.st.stm32cube.ide.mcu.externaltools.gnu-tools-for-stm32.10.3-2021.10.win32_1.0.0.202111181127/tools/bin/../lib/gcc/arm-none-eabi/10.3.1/../../../../arm-none-eabi/lib/thumb/v7e-m+fp/hard\libc_nano.a(lib_a-makebuf.o)
                0x00000000080100b0                __smakebuf_r
 .text.memmove  0x0000000008010130       0x34 c:/st/stm32cubeide_1.10.1/stm32cubeide/plugins/com.st.stm32cube.ide.mcu.externaltools.gnu-tools-for-stm32.10.3-2021.10.win32_1.0.0.202111181127/tools/bin/../lib/gcc/arm-none-eabi/10.3.1/../../../../arm-none-eabi/lib/thumb/v7e-m+fp/hard\libc_nano.a(lib_a-memmove.o)
                0x0000000008010130                memmove
 .text._realloc_r
                0x0000000008010164       0x5e c:/st/stm32cubeide_1.10.1/stm32cubeide/plugins/com.st.stm32cube.ide.mcu.externaltools.gnu-tools-for-stm32.10.3-2021.10.win32_1.0.0.202111181127/tools/bin/../lib/gcc/arm-none-eabi/10.3.1/../../../../arm-none-eabi/lib/thumb/v7e-m+fp/hard\libc_nano.a(lib_a-nano-reallocr.o)
                0x0000000008010164                _realloc_r
 .text._raise_r
                0x00000000080101c2       0x50 c:/st/stm32cubeide_1.10.1/stm32cubeide/plugins/com.st.stm32cube.ide.mcu.externaltools.gnu-tools-for-stm32.10.3-2021.10.win32_1.0.0.202111181127/tools/bin/../lib/gcc/arm-none-eabi/10.3.1/../../../../arm-none-eabi/lib/thumb/v7e-m+fp/hard\libc_nano.a(lib_a-signal.o)
                0x00000000080101c2                _raise_r
 *fill*         0x0000000008010212        0x2 
 .text.raise    0x0000000008010214       0x10 c:/st/stm32cubeide_1.10.1/stm32cubeide/plugins/com.st.stm32cube.ide.mcu.externaltools.gnu-tools-for-stm32.10.3-2021.10.win32_1.0.0.202111181127/tools/bin/../lib/gcc/arm-none-eabi/10.3.1/../../../../arm-none-eabi/lib/thumb/v7e-m+fp/hard\libc_nano.a(lib_a-signal.o)
                0x0000000008010214                raise
 .text._kill_r  0x0000000008010224       0x24 c:/st/stm32cubeide_1.10.1/stm32cubeide/plugins/com.st.stm32cube.ide.mcu.externaltools.gnu-tools-for-stm32.10.3-2021.10.win32_1.0.0.202111181127/tools/bin/../lib/gcc/arm-none-eabi/10.3.1/../../../../arm-none-eabi/lib/thumb/v7e-m+fp/hard\libc_nano.a(lib_a-signalr.o)
                0x0000000008010224                _kill_r
 .text._getpid_r
                0x0000000008010248        0x4 c:/st/stm32cubeide_1.10.1/stm32cubeide/plugins/com.st.stm32cube.ide.mcu.externaltools.gnu-tools-for-stm32.10.3-2021.10.win32_1.0.0.202111181127/tools/bin/../lib/gcc/arm-none-eabi/10.3.1/../../../../arm-none-eabi/lib/thumb/v7e-m+fp/hard\libc_nano.a(lib_a-signalr.o)
                0x0000000008010248                _getpid_r
 .text.__sread  0x000000000801024c       0x22 c:/st/stm32cubeide_1.10.1/stm32cubeide/plugins/com.st.stm32cube.ide.mcu.externaltools.gnu-tools-for-stm32.10.3-2021.10.win32_1.0.0.202111181127/tools/bin/../lib/gcc/arm-none-eabi/10.3.1/../../../../arm-none-eabi/lib/thumb/v7e-m+fp/hard\libc_nano.a(lib_a-stdio.o)
                0x000000000801024c                __sread
 .text.__swrite
                0x000000000801026e       0x38 c:/st/stm32cubeide_1.10.1/stm32cubeide/plugins/com.st.stm32cube.ide.mcu.externaltools.gnu-tools-for-stm32.10.3-2021.10.win32_1.0.0.202111181127/tools/bin/../lib/gcc/arm-none-eabi/10.3.1/../../../../arm-none-eabi/lib/thumb/v7e-m+fp/hard\libc_nano.a(lib_a-stdio.o)
                0x000000000801026e                __swrite
 .text.__sseek  0x00000000080102a6       0x24 c:/st/stm32cubeide_1.10.1/stm32cubeide/plugins/com.st.stm32cube.ide.mcu.externaltools.gnu-tools-for-stm32.10.3-2021.10.win32_1.0.0.202111181127/tools/bin/../lib/gcc/arm-none-eabi/10.3.1/../../../../arm-none-eabi/lib/thumb/v7e-m+fp/hard\libc_nano.a(lib_a-stdio.o)
                0x00000000080102a6                __sseek
 .text.__sclose
                0x00000000080102ca        0x8 c:/st/stm32cubeide_1.10.1/stm32cubeide/plugins/com.st.stm32cube.ide.mcu.externaltools.gnu-tools-for-stm32.10.3-2021.10.win32_1.0.0.202111181127/tools/bin/../lib/gcc/arm-none-eabi/10.3.1/../../../../arm-none-eabi/lib/thumb/v7e-m+fp/hard\libc_nano.a(lib_a-stdio.o)
                0x00000000080102ca                __sclose
 *fill*         0x00000000080102d2        0x2 
 .text._write_r
                0x00000000080102d4       0x24 c:/st/stm32cubeide_1.10.1/stm32cubeide/plugins/com.st.stm32cube.ide.mcu.externaltools.gnu-tools-for-stm32.10.3-2021.10.win32_1.0.0.202111181127/tools/bin/../lib/gcc/arm-none-eabi/10.3.1/../../../../arm-none-eabi/lib/thumb/v7e-m+fp/hard\libc_nano.a(lib_a-writer.o)
                0x00000000080102d4                _write_r
 .text._close_r
                0x00000000080102f8       0x20 c:/st/stm32cubeide_1.10.1/stm32cubeide/plugins/com.st.stm32cube.ide.mcu.externaltools.gnu-tools-for-stm32.10.3-2021.10.win32_1.0.0.202111181127/tools/bin/../lib/gcc/arm-none-eabi/10.3.1/../../../../arm-none-eabi/lib/thumb/v7e-m+fp/hard\libc_nano.a(lib_a-closer.o)
                0x00000000080102f8                _close_r
 .text._fstat_r
                0x0000000008010318       0x24 c:/st/stm32cubeide_1.10.1/stm32cubeide/plugins/com.st.stm32cube.ide.mcu.externaltools.gnu-tools-for-stm32.10.3-2021.10.win32_1.0.0.202111181127/tools/bin/../lib/gcc/arm-none-eabi/10.3.1/../../../../arm-none-eabi/lib/thumb/v7e-m+fp/hard\libc_nano.a(lib_a-fstatr.o)
                0x0000000008010318                _fstat_r
 .text._isatty_r
                0x000000000801033c       0x20 c:/st/stm32cubeide_1.10.1/stm32cubeide/plugins/com.st.stm32cube.ide.mcu.externaltools.gnu-tools-for-stm32.10.3-2021.10.win32_1.0.0.202111181127/tools/bin/../lib/gcc/arm-none-eabi/10.3.1/../../../../arm-none-eabi/lib/thumb/v7e-m+fp/hard\libc_nano.a(lib_a-isattyr.o)
                0x000000000801033c                _isatty_r
 .text._lseek_r
                0x000000000801035c       0x24 c:/st/stm32cubeide_1.10.1/stm32cubeide/plugins/com.st.stm32cube.ide.mcu.externaltools.gnu-tools-for-stm32.10.3-2021.10.win32_1.0.0.202111181127/tools/bin/../lib/gcc/arm-none-eabi/10.3.1/../../../../arm-none-eabi/lib/thumb/v7e-m+fp/hard\libc_nano.a(lib_a-lseekr.o)
                0x000000000801035c                _lseek_r
 .text._malloc_usable_size_r
                0x0000000008010380       0x10 c:/st/stm32cubeide_1.10.1/stm32cubeide/plugins/com.st.stm32cube.ide.mcu.externaltools.gnu-tools-for-stm32.10.3-2021.10.win32_1.0.0.202111181127/tools/bin/../lib/gcc/arm-none-eabi/10.3.1/../../../../arm-none-eabi/lib/thumb/v7e-m+fp/hard\libc_nano.a(lib_a-nano-msizer.o)
                0x0000000008010380                _malloc_usable_size_r
 .text._read_r  0x0000000008010390       0x24 c:/st/stm32cubeide_1.10.1/stm32cubeide/plugins/com.st.stm32cube.ide.mcu.externaltools.gnu-tools-for-stm32.10.3-2021.10.win32_1.0.0.202111181127/tools/bin/../lib/gcc/arm-none-eabi/10.3.1/../../../../arm-none-eabi/lib/thumb/v7e-m+fp/hard\libc_nano.a(lib_a-readr.o)
                0x0000000008010390                _read_r
 *(.glue_7)
 .glue_7        0x00000000080103b4        0x0 linker stubs
 *(.glue_7t)
 .glue_7t       0x00000000080103b4        0x0 linker stubs
 *(.eh_frame)
 .eh_frame      0x00000000080103b4        0x0 c:/st/stm32cubeide_1.10.1/stm32cubeide/plugins/com.st.stm32cube.ide.mcu.externaltools.gnu-tools-for-stm32.10.3-2021.10.win32_1.0.0.202111181127/tools/bin/../lib/gcc/arm-none-eabi/10.3.1/thumb/v7e-m+fp/hard/crtbegin.o
 *(.init)
 .init          0x00000000080103b4        0x4 c:/st/stm32cubeide_1.10.1/stm32cubeide/plugins/com.st.stm32cube.ide.mcu.externaltools.gnu-tools-for-stm32.10.3-2021.10.win32_1.0.0.202111181127/tools/bin/../lib/gcc/arm-none-eabi/10.3.1/thumb/v7e-m+fp/hard/crti.o
                0x00000000080103b4                _init
 .init          0x00000000080103b8        0x8 c:/st/stm32cubeide_1.10.1/stm32cubeide/plugins/com.st.stm32cube.ide.mcu.externaltools.gnu-tools-for-stm32.10.3-2021.10.win32_1.0.0.202111181127/tools/bin/../lib/gcc/arm-none-eabi/10.3.1/thumb/v7e-m+fp/hard/crtn.o
 *(.fini)
 .fini          0x00000000080103c0        0x4 c:/st/stm32cubeide_1.10.1/stm32cubeide/plugins/com.st.stm32cube.ide.mcu.externaltools.gnu-tools-for-stm32.10.3-2021.10.win32_1.0.0.202111181127/tools/bin/../lib/gcc/arm-none-eabi/10.3.1/thumb/v7e-m+fp/hard/crti.o
                0x00000000080103c0                _fini
 .fini          0x00000000080103c4        0x8 c:/st/stm32cubeide_1.10.1/stm32cubeide/plugins/com.st.stm32cube.ide.mcu.externaltools.gnu-tools-for-stm32.10.3-2021.10.win32_1.0.0.202111181127/tools/bin/../lib/gcc/arm-none-eabi/10.3.1/thumb/v7e-m+fp/hard/crtn.o
                0x00000000080103cc                . = ALIGN (0x4)
                0x00000000080103cc                _etext = .

.vfp11_veneer   0x00000000080103cc        0x0
 .vfp11_veneer  0x00000000080103cc        0x0 linker stubs

.v4_bx          0x00000000080103cc        0x0
 .v4_bx         0x00000000080103cc        0x0 linker stubs

.iplt           0x00000000080103cc        0x0
 .iplt          0x00000000080103cc        0x0 c:/st/stm32cubeide_1.10.1/stm32cubeide/plugins/com.st.stm32cube.ide.mcu.externaltools.gnu-tools-for-stm32.10.3-2021.10.win32_1.0.0.202111181127/tools/bin/../lib/gcc/arm-none-eabi/10.3.1/thumb/v7e-m+fp/hard/crtbegin.o

.rodata         0x00000000080103cc      0x76c
                0x00000000080103cc                . = ALIGN (0x4)
 *(.rodata)
 .rodata        0x00000000080103cc       0xf6 ./Core/Src/W5500_C/httpClient.o
 *fill*         0x00000000080104c2        0x2 
 .rodata        0x00000000080104c4      0x1ba ./Core/Src/W5500_C/w5500_spi.o
 *fill*         0x000000000801067e        0x2 
 .rodata        0x0000000008010680       0x49 ./Core/srccpp/DisplayCPP/DisplayRoutine.o
 *fill*         0x00000000080106c9        0x3 
 .rodata        0x00000000080106cc        0xf ./Core/srccpp/DisplayCPP/GLCD.o
 *fill*         0x00000000080106db        0x1 
 .rodata        0x00000000080106dc      0x200 ./Core/srccpp/Modbus/Modbusrtu.o
 *(.rodata*)
 .rodata.AHBPrescTable
                0x00000000080108dc       0x10 ./Core/Src/system_stm32l4xx.o
                0x00000000080108dc                AHBPrescTable
 .rodata.APBPrescTable
                0x00000000080108ec        0x8 ./Core/Src/system_stm32l4xx.o
                0x00000000080108ec                APBPrescTable
 .rodata.MSIRangeTable
                0x00000000080108f4       0x30 ./Core/Src/system_stm32l4xx.o
                0x00000000080108f4                MSIRangeTable
 .rodata._ZTV10Powermeter
                0x0000000008010924       0x10 ./Core/srccpp/BussinessLogic/ApplicationSW.o
                0x0000000008010924                vtable for Powermeter
 .rodata._ZTV6common
                0x0000000008010934       0x10 ./Core/srccpp/Common/common.o
                0x0000000008010934                vtable for common
 .rodata._ZTV14DisplayRoutine
                0x0000000008010944       0x10 ./Core/srccpp/DisplayCPP/DisplayRoutine.o
                0x0000000008010944                vtable for DisplayRoutine
 .rodata._ZTV4GLCD
                0x0000000008010954       0x10 ./Core/srccpp/DisplayCPP/GLCD.o
                0x0000000008010954                vtable for GLCD
 .rodata._ZTV10W5500Class
                0x0000000008010964       0x10 ./Core/srccpp/Ethernet/W5500.o
                0x0000000008010964                vtable for W5500Class
 .rodata._ZTV9Modbusrtu
                0x0000000008010974       0x10 ./Core/srccpp/Modbus/Modbusrtu.o
                0x0000000008010974                vtable for Modbusrtu
 .rodata._ZTV14OfflineStorage
                0x0000000008010984       0x10 ./Core/srccpp/OfflineStorage/OfflineStorage.o
                0x0000000008010984                vtable for OfflineStorage
 .rodata._global_impure_ptr
                0x0000000008010994        0x4 c:/st/stm32cubeide_1.10.1/stm32cubeide/plugins/com.st.stm32cube.ide.mcu.externaltools.gnu-tools-for-stm32.10.3-2021.10.win32_1.0.0.202111181127/tools/bin/../lib/gcc/arm-none-eabi/10.3.1/../../../../arm-none-eabi/lib/thumb/v7e-m+fp/hard\libc_nano.a(lib_a-impure.o)
                0x0000000008010994                _global_impure_ptr
 .rodata.srand.str1.1
                0x0000000008010998       0x72 c:/st/stm32cubeide_1.10.1/stm32cubeide/plugins/com.st.stm32cube.ide.mcu.externaltools.gnu-tools-for-stm32.10.3-2021.10.win32_1.0.0.202111181127/tools/bin/../lib/gcc/arm-none-eabi/10.3.1/../../../../arm-none-eabi/lib/thumb/v7e-m+fp/hard\libc_nano.a(lib_a-rand.o)
 .rodata.strtok.str1.1
                0x0000000008010a0a       0x5d c:/st/stm32cubeide_1.10.1/stm32cubeide/plugins/com.st.stm32cube.ide.mcu.externaltools.gnu-tools-for-stm32.10.3-2021.10.win32_1.0.0.202111181127/tools/bin/../lib/gcc/arm-none-eabi/10.3.1/../../../../arm-none-eabi/lib/thumb/v7e-m+fp/hard\libc_nano.a(lib_a-strtok.o)
                                         0x74 (size before relaxing)
 .rodata.__assert_func.str1.1
                0x0000000008010a67       0x3c c:/st/stm32cubeide_1.10.1/stm32cubeide/plugins/com.st.stm32cube.ide.mcu.externaltools.gnu-tools-for-stm32.10.3-2021.10.win32_1.0.0.202111181127/tools/bin/../lib/gcc/arm-none-eabi/10.3.1/../../../../arm-none-eabi/lib/thumb/v7e-m+fp/hard\libc_nano.a(lib_a-assert.o)
                                         0x3d (size before relaxing)
 .rodata._svfprintf_r.str1.1
                0x0000000008010aa3       0x11 c:/st/stm32cubeide_1.10.1/stm32cubeide/plugins/com.st.stm32cube.ide.mcu.externaltools.gnu-tools-for-stm32.10.3-2021.10.win32_1.0.0.202111181127/tools/bin/../lib/gcc/arm-none-eabi/10.3.1/../../../../arm-none-eabi/lib/thumb/v7e-m+fp/hard\libc_nano.a(lib_a-nano-svfprintf.o)
 .rodata._vfprintf_r.str1.1
                0x0000000008010ab4       0x11 c:/st/stm32cubeide_1.10.1/stm32cubeide/plugins/com.st.stm32cube.ide.mcu.externaltools.gnu-tools-for-stm32.10.3-2021.10.win32_1.0.0.202111181127/tools/bin/../lib/gcc/arm-none-eabi/10.3.1/../../../../arm-none-eabi/lib/thumb/v7e-m+fp/hard\libc_nano.a(lib_a-nano-vfprintf.o)
 .rodata._printf_i.str1.1
                0x0000000008010ab4       0x22 c:/st/stm32cubeide_1.10.1/stm32cubeide/plugins/com.st.stm32cube.ide.mcu.externaltools.gnu-tools-for-stm32.10.3-2021.10.win32_1.0.0.202111181127/tools/bin/../lib/gcc/arm-none-eabi/10.3.1/../../../../arm-none-eabi/lib/thumb/v7e-m+fp/hard\libc_nano.a(lib_a-nano-vfprintf_i.o)
 *fill*         0x0000000008010ad6        0x2 
 .rodata.__sf_fake_stderr
                0x0000000008010ad8       0x20 c:/st/stm32cubeide_1.10.1/stm32cubeide/plugins/com.st.stm32cube.ide.mcu.externaltools.gnu-tools-for-stm32.10.3-2021.10.win32_1.0.0.202111181127/tools/bin/../lib/gcc/arm-none-eabi/10.3.1/../../../../arm-none-eabi/lib/thumb/v7e-m+fp/hard\libc_nano.a(lib_a-findfp.o)
                0x0000000008010ad8                __sf_fake_stderr
 .rodata.__sf_fake_stdin
                0x0000000008010af8       0x20 c:/st/stm32cubeide_1.10.1/stm32cubeide/plugins/com.st.stm32cube.ide.mcu.externaltools.gnu-tools-for-stm32.10.3-2021.10.win32_1.0.0.202111181127/tools/bin/../lib/gcc/arm-none-eabi/10.3.1/../../../../arm-none-eabi/lib/thumb/v7e-m+fp/hard\libc_nano.a(lib_a-findfp.o)
                0x0000000008010af8                __sf_fake_stdin
 .rodata.__sf_fake_stdout
                0x0000000008010b18       0x20 c:/st/stm32cubeide_1.10.1/stm32cubeide/plugins/com.st.stm32cube.ide.mcu.externaltools.gnu-tools-for-stm32.10.3-2021.10.win32_1.0.0.202111181127/tools/bin/../lib/gcc/arm-none-eabi/10.3.1/../../../../arm-none-eabi/lib/thumb/v7e-m+fp/hard\libc_nano.a(lib_a-findfp.o)
                0x0000000008010b18                __sf_fake_stdout
                0x0000000008010b38                . = ALIGN (0x4)

.ARM.extab      0x0000000008010b38        0x0
                0x0000000008010b38                . = ALIGN (0x4)
 *(.ARM.extab* .gnu.linkonce.armextab.*)
                0x0000000008010b38                . = ALIGN (0x4)

.ARM            0x0000000008010b38        0x8
                0x0000000008010b38                . = ALIGN (0x4)
                0x0000000008010b38                __exidx_start = .
 *(.ARM.exidx*)
 .ARM.exidx     0x0000000008010b38        0x8 c:/st/stm32cubeide_1.10.1/stm32cubeide/plugins/com.st.stm32cube.ide.mcu.externaltools.gnu-tools-for-stm32.10.3-2021.10.win32_1.0.0.202111181127/tools/bin/../lib/gcc/arm-none-eabi/10.3.1/thumb/v7e-m+fp/hard\libgcc.a(_udivmoddi4.o)
                0x0000000008010b40                __exidx_end = .
                0x0000000008010b40                . = ALIGN (0x4)

.rel.dyn        0x0000000008010b40        0x0
 .rel.iplt      0x0000000008010b40        0x0 c:/st/stm32cubeide_1.10.1/stm32cubeide/plugins/com.st.stm32cube.ide.mcu.externaltools.gnu-tools-for-stm32.10.3-2021.10.win32_1.0.0.202111181127/tools/bin/../lib/gcc/arm-none-eabi/10.3.1/thumb/v7e-m+fp/hard/crtbegin.o

.preinit_array  0x0000000008010b40        0x0
                0x0000000008010b40                . = ALIGN (0x4)
                0x0000000008010b40                PROVIDE (__preinit_array_start = .)
 *(.preinit_array*)
                0x0000000008010b40                PROVIDE (__preinit_array_end = .)
                0x0000000008010b40                . = ALIGN (0x4)

.init_array     0x0000000008010b40        0x8
                0x0000000008010b40                . = ALIGN (0x4)
                0x0000000008010b40                PROVIDE (__init_array_start = .)
 *(SORT_BY_NAME(.init_array.*))
 *(.init_array*)
 .init_array    0x0000000008010b40        0x4 c:/st/stm32cubeide_1.10.1/stm32cubeide/plugins/com.st.stm32cube.ide.mcu.externaltools.gnu-tools-for-stm32.10.3-2021.10.win32_1.0.0.202111181127/tools/bin/../lib/gcc/arm-none-eabi/10.3.1/thumb/v7e-m+fp/hard/crtbegin.o
 .init_array    0x0000000008010b44        0x4 ./Core/srccpp/Ethernet/W5500.o
                0x0000000008010b48                PROVIDE (__init_array_end = .)
                0x0000000008010b48                . = ALIGN (0x4)

.fini_array     0x0000000008010b48        0x8
                0x0000000008010b48                . = ALIGN (0x4)
                [!provide]                        PROVIDE (__fini_array_start = .)
 *(SORT_BY_NAME(.fini_array.*))
 *(.fini_array*)
 .fini_array    0x0000000008010b48        0x4 c:/st/stm32cubeide_1.10.1/stm32cubeide/plugins/com.st.stm32cube.ide.mcu.externaltools.gnu-tools-for-stm32.10.3-2021.10.win32_1.0.0.202111181127/tools/bin/../lib/gcc/arm-none-eabi/10.3.1/thumb/v7e-m+fp/hard/crtbegin.o
 .fini_array    0x0000000008010b4c        0x4 ./Core/srccpp/Ethernet/W5500.o
                [!provide]                        PROVIDE (__fini_array_end = .)
                0x0000000008010b50                . = ALIGN (0x4)
                0x0000000008010b50                _sidata = LOADADDR (.data)

.data           0x0000000020000000       0xdc load address 0x0000000008010b50
                0x0000000020000000                . = ALIGN (0x4)
                0x0000000020000000                _sdata = .
 *(.data)
 *(.data*)
 .data.SystemCoreClock
                0x0000000020000000        0x4 ./Core/Src/system_stm32l4xx.o
                0x0000000020000000                SystemCoreClock
 .data.request  0x0000000020000004       0x18 ./Core/Src/W5500_C/httpClient.o
                0x0000000020000004                request
 .data.dest_ip  0x000000002000001c        0x4 ./Core/Src/W5500_C/httpClient.o
 .data.dest_port
                0x0000000020000020        0x2 ./Core/Src/W5500_C/httpClient.o
 .data.sock_any_port
                0x0000000020000022        0x2 ./Core/Src/W5500_C/socket.o
 .data.gWIZNETINFO
                0x0000000020000024       0x17 ./Core/Src/W5500_C/w5500_spi.o
                0x0000000020000024                gWIZNETINFO
 *fill*         0x000000002000003b        0x1 
 .data.Domain_IP
                0x000000002000003c        0x4 ./Core/Src/W5500_C/w5500_spi.o
                0x000000002000003c                Domain_IP
 .data.WIZCHIP  0x0000000020000040       0x2c ./Core/Src/W5500_C/wizchip_conf.o