Archive member included to satisfy reference by file (symbol)

c:/st/stm32cubeide_1.10.1/stm32cubeide/plugins/com.st.stm32cube.ide.mcu.externaltools.gnu-tools-for-stm32.10.3-2021.10.win32_1.0.0.202111181127/tools/bin/../lib/gcc/arm-none-eabi/10.3.1/../../../../arm-none-eabi/lib/thumb/v7e-m+fp/hard\libstdc++_nano.a(del_ops.o)
                              ./Core/srccpp/BussinessLogic/ApplicationSW.o (operator delete(void*, unsigned int))
c:/st/stm32cubeide_1.10.1/stm32cubeide/plugins/com.st.stm32cube.ide.mcu.externaltools.gnu-tools-for-stm32.10.3-2021.10.win32_1.0.0.202111181127/tools/bin/../lib/gcc/arm-none-eabi/10.3.1/../../../../arm-none-eabi/lib/thumb/v7e-m+fp/hard\libstdc++_nano.a(del_op.o)
                              c:/st/stm32cubeide_1.10.1/stm32cubeide/plugins/com.st.stm32cube.ide.mcu.externaltools.gnu-tools-for-stm32.10.3-2021.10.win32_1.0.0.202111181127/tools/bin/../lib/gcc/arm-none-eabi/10.3.1/../../../../arm-none-eabi/lib/thumb/v7e-m+fp/hard\libstdc++_nano.a(del_ops.o) (operator delete(void*))
c:/st/stm32cubeide_1.10.1/stm32cubeide/plugins/com.st.stm32cube.ide.mcu.externaltools.gnu-tools-for-stm32.10.3-2021.10.win32_1.0.0.202111181127/tools/bin/../lib/gcc/arm-none-eabi/10.3.1/../../../../arm-none-eabi/lib/thumb/v7e-m+fp/hard\libc_nano.a(lib_a-errno.o)
                              ./Core/Src/syscalls.o (__errno)
c:/st/stm32cubeide_1.10.1/stm32cubeide/plugins/com.st.stm32cube.ide.mcu.externaltools.gnu-tools-for-stm32.10.3-2021.10.win32_1.0.0.202111181127/tools/bin/../lib/gcc/arm-none-eabi/10.3.1/../../../../arm-none-eabi/lib/thumb/v7e-m+fp/hard\libc_nano.a(lib_a-exit.o)
                              c:/st/stm32cubeide_1.10.1/stm32cubeide/plugins/com.st.stm32cube.ide.mcu.externaltools.gnu-tools-for-stm32.10.3-2021.10.win32_1.0.0.202111181127/tools/bin/../lib/gcc/arm-none-eabi/10.3.1/../../../../arm-none-eabi/lib/thumb/v7e-m+fp/hard/crt0.o (exit)
c:/st/stm32cubeide_1.10.1/stm32cubeide/plugins/com.st.stm32cube.ide.mcu.externaltools.gnu-tools-for-stm32.10.3-2021.10.win32_1.0.0.202111181127/tools/bin/../lib/gcc/arm-none-eabi/10.3.1/../../../../arm-none-eabi/lib/thumb/v7e-m+fp/hard\libc_nano.a(lib_a-impure.o)
                              c:/st/stm32cubeide_1.10.1/stm32cubeide/plugins/com.st.stm32cube.ide.mcu.externaltools.gnu-tools-for-stm32.10.3-2021.10.win32_1.0.0.202111181127/tools/bin/../lib/gcc/arm-none-eabi/10.3.1/../../../../arm-none-eabi/lib/thumb/v7e-m+fp/hard\libc_nano.a(lib_a-exit.o) (_global_impure_ptr)
c:/st/stm32cubeide_1.10.1/stm32cubeide/plugins/com.st.stm32cube.ide.mcu.externaltools.gnu-tools-for-stm32.10.3-2021.10.win32_1.0.0.202111181127/tools/bin/../lib/gcc/arm-none-eabi/10.3.1/../../../../arm-none-eabi/lib/thumb/v7e-m+fp/hard\libc_nano.a(lib_a-init.o)
                              c:/st/stm32cubeide_1.10.1/stm32cubeide/plugins/com.st.stm32cube.ide.mcu.externaltools.gnu-tools-for-stm32.10.3-2021.10.win32_1.0.0.202111181127/tools/bin/../lib/gcc/arm-none-eabi/10.3.1/../../../../arm-none-eabi/lib/thumb/v7e-m+fp/hard/crt0.o (__libc_init_array)
c:/st/stm32cubeide_1.10.1/stm32cubeide/plugins/com.st.stm32cube.ide.mcu.externaltools.gnu-tools-for-stm32.10.3-2021.10.win32_1.0.0.202111181127/tools/bin/../lib/gcc/arm-none-eabi/10.3.1/../../../../arm-none-eabi/lib/thumb/v7e-m+fp/hard\libc_nano.a(lib_a-malloc.o)
                              c:/st/stm32cubeide_1.10.1/stm32cubeide/plugins/com.st.stm32cube.ide.mcu.externaltools.gnu-tools-for-stm32.10.3-2021.10.win32_1.0.0.202111181127/tools/bin/../lib/gcc/arm-none-eabi/10.3.1/../../../../arm-none-eabi/lib/thumb/v7e-m+fp/hard\libstdc++_nano.a(del_op.o) (free)
c:/st/stm32cubeide_1.10.1/stm32cubeide/plugins/com.st.stm32cube.ide.mcu.externaltools.gnu-tools-for-stm32.10.3-2021.10.win32_1.0.0.202111181127/tools/bin/../lib/gcc/arm-none-eabi/10.3.1/../../../../arm-none-eabi/lib/thumb/v7e-m+fp/hard\libc_nano.a(lib_a-memcpy-stub.o)
                              ./Core/Src/UARTTxRxHandle.o (memcpy)
c:/st/stm32cubeide_1.10.1/stm32cubeide/plugins/com.st.stm32cube.ide.mcu.externaltools.gnu-tools-for-stm32.10.3-2021.10.win32_1.0.0.202111181127/tools/bin/../lib/gcc/arm-none-eabi/10.3.1/../../../../arm-none-eabi/lib/thumb/v7e-m+fp/hard\libc_nano.a(lib_a-memset.o)
                              c:/st/stm32cubeide_1.10.1/stm32cubeide/plugins/com.st.stm32cube.ide.mcu.externaltools.gnu-tools-for-stm32.10.3-2021.10.win32_1.0.0.202111181127/tools/bin/../lib/gcc/arm-none-eabi/10.3.1/../../../../arm-none-eabi/lib/thumb/v7e-m+fp/hard/crt0.o (memset)
c:/st/stm32cubeide_1.10.1/stm32cubeide/plugins/com.st.stm32cube.ide.mcu.externaltools.gnu-tools-for-stm32.10.3-2021.10.win32_1.0.0.202111181127/tools/bin/../lib/gcc/arm-none-eabi/10.3.1/../../../../arm-none-eabi/lib/thumb/v7e-m+fp/hard\libc_nano.a(lib_a-nano-freer.o)
[...]
Memory Configuration

Name             Origin             Length             Attributes
RAM              0x0000000020000000 0x0000000000010000 xrw
RAM2             0x0000000010000000 0x0000000000004000 xrw
FLASH            0x0000000008000000 0x0000000000040000 xr
*default*        0x0000000000000000 0xffffffffffffffff

Linker script and memory map

LOAD c:/st/stm32cubeide_1.10.1/stm32cubeide/plugins/com.st.stm32cube.ide.mcu.externaltools.gnu-tools-for-stm32.10.3-2021.10.win32_1.0.0.202111181127/tools/bin/../lib/gcc/arm-none-eabi/10.3.1/thumb/v7e-m+fp/hard/crti.o
LOAD c:/st/stm32cubeide_1.10.1/stm32cubeide/plugins/com.st.stm32cube.ide.mcu.externaltools.gnu-tools-for-stm32.10.3-2021.10.win32_1.0.0.202111181127/tools/bin/../lib/gcc/arm-none-eabi/10.3.1/thumb/v7e-m+fp/hard/crtbegin.o
LOAD c:/st/stm32cubeide_1.10.1/stm32cubeide/plugins/com.st.stm32cube.ide.mcu.externaltools.gnu-tools-for-stm32.10.3-2021.10.win32_1.0.0.202111181127/tools/bin/../lib/gcc/arm-none-eabi/10.3.1/../../../../arm-none-eabi/lib/thumb/v7e-m+fp/hard/crt0.o
LOAD ./Core/Src/Dwin/dwin_receive_decode.o
LOAD ./Core/Src/ESP8266/esp8266.o
LOAD ./Core/Src/ESP8266/esp8266_rx.o
LOAD ./Core/Src/GLCD_clib.o
LOAD ./Core/Src/TimerIntHandler.o
LOAD ./Core/Src/UARTTxRxHandle.o
LOAD ./Core/Src/main.o
LOAD ./Core/Src/stm32l4xx_hal_msp.o
LOAD ./Core/Src/stm32l4xx_it.o
LOAD ./Core/Src/syscalls.o
LOAD ./Core/Src/sysmem.o
LOAD ./Core/Src/system_stm32l4xx.o
LOAD ./Core/Src/Internet/DHCP/dhcp.o
LOAD ./Core/Src/Internet/DNS/dns.o
LOAD ./Core/Src/RTC/ds1307.o
LOAD ./Core/Src/W25Q64/w25qxx.o
LOAD ./Core/Src/W5500_C/W5500/w5500.o
LOAD ./Core/Src/W5500_C/httpClient.o
LOAD ./Core/Src/W5500_C/socket.o
LOAD ./Core/Src/W5500_C/w5500_spi.o
LOAD ./Core/Src/W5500_C/wizchip_conf.o
LOAD ./Core/Startup/startup_stm32l433rctx.o
LOAD ./Core/srccpp/BussinessLogic/ApplicationSW.o
LOAD ./Core/srccpp/Common/common.o
LOAD ./Core/srccpp/DisplayCPP/DisplayRoutine.o
LOAD ./Core/srccpp/DisplayCPP/GLCD.o
LOAD ./Core/srccpp/Ethernet/W5500.o
LOAD ./Core/srccpp/Modbus/Modbusrtu.o
LOAD ./Core/srccpp/OfflineStorage/OfflineStorage.o
LOAD ./Core/srccpp/Shift/SHIFT.o
LOAD ./Core/srccpp/WifiEsp8266/ESP8266.o
LOAD ./Core/srccpp/main.o
LOAD ./Drivers/STM32L4xx_HAL_Driver/Src/stm32l4xx_hal.o
LOAD ./Drivers/STM32L4xx_HAL_Driver/Src/stm32l4xx_hal_cortex.o
LOAD ./Drivers/STM32L4xx_HAL_Driver/Src/stm32l4xx_hal_dma.o
LOAD ./Drivers/STM32L4xx_HAL_Driver/Src/stm32l4xx_hal_dma_ex.o
LOAD ./Drivers/STM32L4xx_HAL_Driver/Src/stm32l4xx_hal_exti.o
LOAD ./Drivers/STM32L4xx_HAL_Driver/Src/stm32l4xx_hal_flash.o
LOAD ./Drivers/STM32L4xx_HAL_Driver/Src/stm32l4xx_hal_flash_ex.o
LOAD ./Drivers/STM32L4xx_HAL_Driver/Src/stm32l4xx_hal_flash_ramfunc.o
LOAD ./Drivers/STM32L4xx_HAL_Driver/Src/stm32l4xx_hal_gpio.o
LOAD ./Drivers/STM32L4xx_HAL_Driver/Src/stm32l4xx_hal_i2c.o
LOAD ./Drivers/STM32L4xx_HAL_Driver/Src/stm32l4xx_hal_i2c_ex.o
LOAD ./Drivers/STM32L4xx_HAL_Driver/Src/stm32l4xx_hal_pwr.o
LOAD ./Drivers/STM32L4xx_HAL_Driver/Src/stm32l4xx_hal_pwr_ex.o
LOAD ./Drivers/STM32L4xx_HAL_Driver/Src/stm32l4xx_hal_rcc.o
LOAD ./Drivers/STM32L4xx_HAL_Driver/Src/stm32l4xx_hal_rcc_ex.o
LOAD ./Drivers/STM32L4xx_HAL_Driver/Src/stm32l4xx_hal_spi.o
LOAD ./Drivers/STM32L4xx_HAL_Driver/Src/stm32l4xx_hal_spi_ex.o
LOAD ./Drivers/STM32L4xx_HAL_Driver/Src/stm32l4xx_hal_tim.o
LOAD ./Drivers/STM32L4xx_HAL_Driver/Src/stm32l4xx_hal_tim_ex.o
LOAD ./Drivers/STM32L4xx_HAL_Driver/Src/stm32l4xx_hal_uart.o
LOAD ./Drivers/STM32L4xx_HAL_Driver/Src/stm32l4xx_hal_uart_ex.o
START GROUP
LOAD c:/st/stm32cubeide_1.10.1/stm32cubeide/plugins/com.st.stm32cube.ide.mcu.externaltools.gnu-tools-for-stm32.10.3-2021.10.win32_1.0.0.202111181127/tools/bin/../lib/gcc/arm-none-eabi/10.3.1/../../../../arm-none-eabi/lib/thumb/v7e-m+fp/hard\libstdc++_nano.a
LOAD c:/st/stm32cubeide_1.10.1/stm32cubeide/plugins/com.st.stm32cube.ide.mcu.externaltools.gnu-tools-for-stm32.10.3-2021.10.win32_1.0.0.202111181127/tools/bin/../lib/gcc/arm-none-eabi/10.3.1/../../../../arm-none-eabi/lib/thumb/v7e-m+fp/hard\libsupc++_nano.a
END GROUP
LOAD c:/st/stm32cubeide_1.10.1/stm32cubeide/plugins/com.st.stm32cube.ide.mcu.externaltools.gnu-tools-for-stm32.10.3-2021.10.win32_1.0.0.202111181127/tools/bin/../lib/gcc/arm-none-eabi/10.3.1/../../../../arm-none-eabi/lib/thumb/v7e-m+fp/hard\libstdc++_nano.a
LOAD c:/st/stm32cubeide_1.10.1/stm32cubeide/plugins/com.st.stm32cube.ide.mcu.externaltools.gnu-tools-for-stm32.10.3-2021.10.win32_1.0.0.202111181127/tools/bin/../lib/gcc/arm-none-eabi/10.3.1/../../../../arm-none-eabi/lib/thumb/v7e-m+fp/hard\libm.a
LOAD c:/st/stm32cubeide_1.10.1/stm32cubeide/plugins/com.st.stm32cube.ide.mcu.externaltools.gnu-tools-for-stm32.10.3-2021.10.win32_1.0.0.202111181127/tools/bin/../lib/gcc/arm-none-eabi/10.3.1/../../../../arm-none-eabi/lib/thumb/v7e-m+fp/hard\libc_nano.a
START GROUP
LOAD c:/st/stm32cubeide_1.10.1/stm32cubeide/plugins/com.st.stm32cube.ide.mcu.externaltools.gnu-tools-for-stm32.10.3-2021.10.win32_1.0.0.202111181127/tools/bin/../lib/gcc/arm-none-eabi/10.3.1/thumb/v7e-m+fp/hard\libgcc.a
LOAD c:/st/stm32cubeide_1.10.1/stm32cubeide/plugins/com.st.stm32cube.ide.mcu.externaltools.gnu-tools-for-stm32.10.3-2021.10.win32_1.0.0.202111181127/tools/bin/../lib/gcc/arm-none-eabi/10.3.1/../../../../arm-none-eabi/lib/thumb/v7e-m+fp/hard\libc_nano.a
END GROUP
START GROUP
LOAD c:/st/stm32cubeide_1.10.1/stm32cubeide/plugins/com.st.stm32cube.ide.mcu.externaltools.gnu-tools-for-stm32.10.3-2021.10.win32_1.0.0.202111181127/tools/bin/../lib/gcc/arm-none-eabi/10.3.1/thumb/v7e-m+fp/hard\libgcc.a
LOAD c:/st/stm32cubeide_1.10.1/stm32cubeide/plugins/com.st.stm32cube.ide.mcu.externaltools.gnu-tools-for-stm32.10.3-2021.10.win32_1.0.0.202111181127/tools/bin/../lib/gcc/arm-none-eabi/10.3.1/../../../../arm-none-eabi/lib/thumb/v7e-m+fp/hard\libc_nano.a
LOAD c:/st/stm32cubeide_1.10.1/stm32cubeide/plugins/com.st.stm32cube.ide.mcu.externaltools.gnu-tools-for-stm32.10.3-2021.10.win32_1.0.0.202111181127/tools/bin/../lib/gcc/arm-none-eabi/10.3.1/../../../../arm-none-eabi/lib/thumb/v7e-m+fp/hard\libnosys.a
END GROUP
START GROUP
LOAD c:/st/stm32cubeide_1.10.1/stm32cubeide/plugins/com.st.stm32cube.ide.mcu.externaltools.gnu-tools-for-stm32.10.3-2021.10.win32_1.0.0.202111181127/tools/bin/../lib/gcc/arm-none-eabi/10.3.1/thumb/v7e-m+fp/hard\libgcc.a
LOAD c:/st/stm32cubeide_1.10.1/stm32cubeide/plugins/com.st.stm32cube.ide.mcu.externaltools.gnu-tools-for-stm32.10.3-2021.10.win32_1.0.0.202111181127/tools/bin/../lib/gcc/arm-none-eabi/10.3.1/../../../../arm-none-eabi/lib/thumb/v7e-m+fp/hard\libc_nano.a
LOAD c:/st/stm32cubeide_1.10.1/stm32cubeide/plugins/com.st.stm32cube.ide.mcu.externaltools.gnu-tools-for-stm32.10.3-2021.10.win32_1.0.0.202111181127/tools/bin/../lib/gcc/arm-none-eabi/10.3.1/../../../../arm-none-eabi/lib/thumb/v7e-m+fp/hard\libnosys.a
END GROUP
LOAD c:/st/stm32cubeide_1.10.1/stm32cubeide/plugins/com.st.stm32cube.ide.mcu.externaltools.gnu-tools-for-stm32.10.3-2021.10.win32_1.0.0.202111181127/tools/bin/../lib/gcc/arm-none-eabi/10.3.1/thumb/v7e-m+fp/hard/crtend.o
LOAD c:/st/stm32cubeide_1.10.1/stm32cubeide/plugins/com.st.stm32cube.ide.mcu.externaltools.gnu-tools-for-stm32.10.3-2021.10.win32_1.0.0.202111181127/tools/bin/../lib/gcc/arm-none-eabi/10.3.1/thumb/v7e-m+fp/hard/crtn.o
                0x0000000020010000                _estack = (ORIGIN (RAM) + LENGTH (RAM))
                0x0000000000000200                _Min_Heap_Size = 0x200
                0x0000000000000400                _Min_Stack_Size = 0x400

.isr_vector     0x0000000008000000      0x18c
                0x0000000008000000                . = ALIGN (0x4)
 *(.isr_vector)
 .isr_vector    0x0000000008000000      0x18c ./Core/Startup/startup_stm32l433rctx.o
                0x0000000008000000                g_pfnVectors
                0x000000000800018c                . = ALIGN (0x4)

.text           0x0000000008000190     0xf0dc
                0x0000000008000190                . = ALIGN (0x4)
 *(.text)
 .text          0x0000000008000190       0x40 c:/st/stm32cubeide_1.10.1/stm32cubeide/plugins/com.st.stm32cube.ide.mcu.externaltools.gnu-tools-for-stm32.10.3-2021.10.win32_1.0.0.202111181127/tools/bin/../lib/gcc/arm-none-eabi/10.3.1/thumb/v7e-m+fp/hard/crtbegin.o
 .text          0x00000000080001d0       0x14 c:/st/stm32cubeide_1.10.1/stm32cubeide/plugins/com.st.stm32cube.ide.mcu.externaltools.gnu-tools-for-stm32.10.3-2021.10.win32_1.0.0.202111181127/tools/bin/../lib/gcc/arm-none-eabi/10.3.1/../../../../arm-none-eabi/lib/thumb/v7e-m+fp/hard\libc_nano.a(lib_a-strcmp.o)
                0x00000000080001d0                strcmp
 *fill*         0x00000000080001e4        0xc 
 .text          0x00000000080001f0       0xa0 c:/st/stm32cubeide_1.10.1/stm32cubeide/plugins/com.st.stm32cube.ide.mcu.externaltools.gnu-tools-for-stm32.10.3-2021.10.win32_1.0.0.202111181127/tools/bin/../lib/gcc/arm-none-eabi/10.3.1/../../../../arm-none-eabi/lib/thumb/v7e-m+fp/hard\libc_nano.a(lib_a-memchr.o)
                0x00000000080001f0                memchr
 .text          0x0000000008000290       0x30 c:/st/stm32cubeide_1.10.1/stm32cubeide/plugins/com.st.stm32cube.ide.mcu.externaltools.gnu-tools-for-stm32.10.3-2021.10.win32_1.0.0.202111181127/tools/bin/../lib/gcc/arm-none-eabi/10.3.1/thumb/v7e-m+fp/hard\libgcc.a(_aeabi_uldivmod.o)
                0x0000000008000290                __aeabi_uldivmod
 .text          0x00000000080002c0      0x2d0 c:/st/stm32cubeide_1.10.1/stm32cubeide/plugins/com.st.stm32cube.ide.mcu.externaltools.gnu-tools-for-stm32.10.3-2021.10.win32_1.0.0.202111181127/tools/bin/../lib/gcc/arm-none-eabi/10.3.1/thumb/v7e-m+fp/hard\libgcc.a(_udivmoddi4.o)
                0x00000000080002c0                __udivmoddi4
 .text          0x0000000008000590        0x4 c:/st/stm32cubeide_1.10.1/stm32cubeide/plugins/com.st.stm32cube.ide.mcu.externaltools.gnu-tools-for-stm32.10.3-2021.10.win32_1.0.0.202111181127/tools/bin/../lib/gcc/arm-none-eabi/10.3.1/thumb/v7e-m+fp/hard\libgcc.a(_dvmd_tls.o)
                0x0000000008000590                __aeabi_idiv0
                0x0000000008000590                __aeabi_ldiv0
 *(.text*)
 .text.Dwin_Receive_Decode
                0x0000000008000594       0xd8 ./Core/Src/Dwin/dwin_receive_decode.o
                0x0000000008000594                Dwin_Receive_Decode
 .text.HAL_TIM_PeriodElapsedCallback
                0x000000000800066c       0x94 ./Core/Src/TimerIntHandler.o
                0x000000000800066c                HAL_TIM_PeriodElapsedCallback
 .text.HAL_UART_RxCpltCallback
                0x0000000008000700      0x1a8 ./Core/Src/UARTTxRxHandle.o
                0x0000000008000700                HAL_UART_RxCpltCallback
 .text.main     0x00000000080008a8       0xb0 ./Core/Src/main.o
                0x00000000080008a8                main
 .text.SystemClock_Config
                0x0000000008000958       0xa4 ./Core/Src/main.o
                0x0000000008000958                SystemClock_Config
 .text.MX_I2C1_Init
                0x00000000080009fc       0x80 ./Core/Src/main.o
 .text.MX_LPUART1_UART_Init
                0x0000000008000a7c       0x58 ./Core/Src/main.o
 .text.MX_USART1_UART_Init
                0x0000000008000ad4       0x60 ./Core/Src/main.o
 .text.MX_USART2_UART_Init
                0x0000000008000b34       0x60 ./Core/Src/main.o
 .text.MX_SPI1_Init
                0x0000000008000b94       0x90 ./Core/Src/main.o
 .text.MX_SPI2_Init
                0x0000000008000c24       0x90 ./Core/Src/main.o
 .text.MX_TIM1_Init
                0x0000000008000cb4       0xa8 ./Core/Src/main.o
 .text.MX_TIM6_Init
                0x0000000008000d5c       0x6c ./Core/Src/main.o
 .text.MX_TIM7_Init
                0x0000000008000dc8       0x70 ./Core/Src/main.o
 .text.MX_GPIO_Init
                0x0000000008000e38      0x1e4 ./Core/Src/main.o
 .text.Error_Handler
                0x000000000800101c        0xa ./Core/Src/main.o
                0x000000000800101c                Error_Handler
 *fill*         0x0000000008001026        0x2 
 .text.HAL_MspInit
                0x0000000008001028       0x48 ./Core/Src/stm32l4xx_hal_msp.o
                0x0000000008001028                HAL_MspInit
 .text.HAL_I2C_MspInit
                0x0000000008001070       0xb8 ./Core/Src/stm32l4xx_hal_msp.o
                0x0000000008001070                HAL_I2C_MspInit
 .text.HAL_UART_MspInit
                0x0000000008001128      0x1ec ./Core/Src/stm32l4xx_hal_msp.o
                0x0000000008001128                HAL_UART_MspInit
 .text.HAL_SPI_MspInit
                0x0000000008001314       0xec ./Core/Src/stm32l4xx_hal_msp.o
                0x0000000008001314                HAL_SPI_MspInit
 .text.HAL_TIM_Base_MspInit
                0x0000000008001400       0xac ./Core/Src/stm32l4xx_hal_msp.o
                0x0000000008001400                HAL_TIM_Base_MspInit
 .text.NMI_Handler
                0x00000000080014ac        0x6 ./Core/Src/stm32l4xx_it.o
                0x00000000080014ac                NMI_Handler
 .text.HardFault_Handler
                0x00000000080014b2        0x6 ./Core/Src/stm32l4xx_it.o
                0x00000000080014b2                HardFault_Handler
 .text.MemManage_Handler
                0x00000000080014b8        0x6 ./Core/Src/stm32l4xx_it.o
                0x00000000080014b8                MemManage_Handler
 .text.BusFault_Handler
                0x00000000080014be        0x6 ./Core/Src/stm32l4xx_it.o
                0x00000000080014be                BusFault_Handler
 .text.UsageFault_Handler
                0x00000000080014c4        0x6 ./Core/Src/stm32l4xx_it.o
                0x00000000080014c4                UsageFault_Handler
 .text.SVC_Handler
                0x00000000080014ca        0xe ./Core/Src/stm32l4xx_it.o
                0x00000000080014ca                SVC_Handler
 .text.DebugMon_Handler
                0x00000000080014d8        0xe ./Core/Src/stm32l4xx_it.o
                0x00000000080014d8                DebugMon_Handler
 .text.PendSV_Handler
                0x00000000080014e6        0xe ./Core/Src/stm32l4xx_it.o
                0x00000000080014e6                PendSV_Handler
 .text.SysTick_Handler
                0x00000000080014f4        0xc ./Core/Src/stm32l4xx_it.o
                0x00000000080014f4                SysTick_Handler
 .text.USART1_IRQHandler
                0x0000000008001500       0x14 ./Core/Src/stm32l4xx_it.o
                0x0000000008001500                USART1_IRQHandler
 .text.TIM6_DAC_IRQHandler
                0x0000000008001514       0x14 ./Core/Src/stm32l4xx_it.o
                0x0000000008001514                TIM6_DAC_IRQHandler
 .text.TIM7_IRQHandler
                0x0000000008001528       0x14 ./Core/Src/stm32l4xx_it.o
                0x0000000008001528                TIM7_IRQHandler
 .text.LPUART1_IRQHandler
                0x000000000800153c       0x14 ./Core/Src/stm32l4xx_it.o
                0x000000000800153c                LPUART1_IRQHandler
 .text._getpid  0x0000000008001550       0x10 ./Core/Src/syscalls.o
                0x0000000008001550                _getpid
 .text._kill    0x0000000008001560       0x20 ./Core/Src/syscalls.o
                0x0000000008001560                _kill
 .text._exit    0x0000000008001580       0x14 ./Core/Src/syscalls.o
                0x0000000008001580                _exit
 .text._read    0x0000000008001594       0x3a ./Core/Src/syscalls.o
                0x0000000008001594                _read
 .text._write   0x00000000080015ce       0x38 ./Core/Src/syscalls.o
                0x00000000080015ce                _write
 .text._close   0x0000000008001606       0x18 ./Core/Src/syscalls.o
                0x0000000008001606                _close
 .text._fstat   0x000000000800161e       0x20 ./Core/Src/syscalls.o
                0x000000000800161e                _fstat
 .text._isatty  0x000000000800163e       0x16 ./Core/Src/syscalls.o
                0x000000000800163e                _isatty
 .text._lseek   0x0000000008001654       0x1a ./Core/Src/syscalls.o
                0x0000000008001654                _lseek
 *fill*         0x000000000800166e        0x2 
 .text._sbrk    0x0000000008001670       0x6c ./Core/Src/sysmem.o
                0x0000000008001670                _sbrk
 .text.SystemInit
                0x00000000080016dc       0x24 ./Core/Src/system_stm32l4xx.o
                0x00000000080016dc                SystemInit
 .text.DHCP_time_handler
                0x0000000008001700       0x1c ./Core/Src/Internet/DHCP/dhcp.o
                0x0000000008001700                DHCP_time_handler
 .text.W25qxx_Spi
                0x000000000800171c       0x2c ./Core/Src/W25Q64/w25qxx.o
                0x000000000800171c                W25qxx_Spi
 .text.W25qxx_ReadID
                0x0000000008001748       0x6c ./Core/Src/W25Q64/w25qxx.o
                0x0000000008001748                W25qxx_ReadID
 .text.W25qxx_ReadUniqID
                0x00000000080017b4       0x6c ./Core/Src/W25Q64/w25qxx.o
                0x00000000080017b4                W25qxx_ReadUniqID
 .text.W25qxx_ReadStatusRegister
                0x0000000008001820       0x8c ./Core/Src/W25Q64/w25qxx.o
                0x0000000008001820                W25qxx_ReadStatusRegister
 .text.W25qxx_Init
                0x00000000080018ac      0x1a4 ./Core/Src/W25Q64/w25qxx.o
                0x00000000080018ac                W25qxx_Init
 .text.WIZCHIP_READ
                0x0000000008001a50       0x98 ./Core/Src/W5500_C/W5500/w5500.o
                0x0000000008001a50                WIZCHIP_READ
 .text.WIZCHIP_WRITE
                0x0000000008001ae8       0x9c ./Core/Src/W5500_C/W5500/w5500.o
                0x0000000008001ae8                WIZCHIP_WRITE
 .text.WIZCHIP_READ_BUF
                0x0000000008001b84       0xc0 ./Core/Src/W5500_C/W5500/w5500.o
                0x0000000008001b84                WIZCHIP_READ_BUF
 .text.WIZCHIP_WRITE_BUF
                0x0000000008001c44       0xc0 ./Core/Src/W5500_C/W5500/w5500.o
                0x0000000008001c44                WIZCHIP_WRITE_BUF
 .text.getSn_TX_FSR
                0x0000000008001d04       0x96 ./Core/Src/W5500_C/W5500/w5500.o
                0x0000000008001d04                getSn_TX_FSR
 .text.getSn_RX_RSR
                0x0000000008001d9a       0x96 ./Core/Src/W5500_C/W5500/w5500.o
                0x0000000008001d9a                getSn_RX_RSR
 .text.wiz_send_data
                0x0000000008001e30       0xb8 ./Core/Src/W5500_C/W5500/w5500.o
                0x0000000008001e30                wiz_send_data
 .text.wiz_recv_data
                0x0000000008001ee8       0xb8 ./Core/Src/W5500_C/W5500/w5500.o
                0x0000000008001ee8                wiz_recv_data
 .text.httpc_init
                0x0000000008001fa0       0x7c ./Core/Src/W5500_C/httpClient.o
                0x0000000008001fa0                httpc_init
 .text.httpc_connection_handler
                0x000000000800201c      0x164 ./Core/Src/W5500_C/httpClient.o
                0x000000000800201c                httpc_connection_handler
 .text.httpc_connect
                0x0000000008002180       0x58 ./Core/Src/W5500_C/httpClient.o
                0x0000000008002180                httpc_connect
 .text.httpc_send
                0x00000000080021d8      0x170 ./Core/Src/W5500_C/httpClient.o
                0x00000000080021d8                httpc_send
 .text.get_httpc_any_port
                0x0000000008002348       0x7c ./Core/Src/W5500_C/httpClient.o
                0x0000000008002348                get_httpc_any_port
 .text.receivehttpcheck
                0x00000000080023c4      0x8c8 ./Core/Src/W5500_C/httpClient.o
                0x00000000080023c4                receivehttpcheck
 .text.socket   0x0000000008002c8c      0x22c ./Core/Src/W5500_C/socket.o
                0x0000000008002c8c                socket
 .text.close    0x0000000008002eb8       0xdc ./Core/Src/W5500_C/socket.o
                0x0000000008002eb8                close
 .text.connect  0x0000000008002f94      0x1b8 ./Core/Src/W5500_C/socket.o
                0x0000000008002f94                connect
 .text.disconnect
                0x000000000800314c       0xec ./Core/Src/W5500_C/socket.o
                0x000000000800314c                disconnect
 .text.send     0x0000000008003238      0x1f4 ./Core/Src/W5500_C/socket.o
                0x0000000008003238                send
 .text.recv     0x000000000800342c      0x16c ./Core/Src/W5500_C/socket.o
                0x000000000800342c                recv
 .text.wizchip_select
                0x0000000008003598       0x18 ./Core/Src/W5500_C/w5500_spi.o
                0x0000000008003598                wizchip_select
 .text.wizchip_deselect
                0x00000000080035b0       0x18 ./Core/Src/W5500_C/w5500_spi.o
                0x00000000080035b0                wizchip_deselect
 .text.W5500_Spi
                0x00000000080035c8       0x2c ./Core/Src/W5500_C/w5500_spi.o
                0x00000000080035c8                W5500_Spi
 .text.wiz5500Init
                0x00000000080035f4       0xcc ./Core/Src/W5500_C/w5500_spi.o
                0x00000000080035f4                wiz5500Init
 .text.initializeHttp
                0x00000000080036c0       0x2c ./Core/Src/W5500_C/w5500_spi.o
                0x00000000080036c0                initializeHttp
 .text.ethernetHTTPRoutine
                0x00000000080036ec      0x8bc ./Core/Src/W5500_C/w5500_spi.o
                0x00000000080036ec                ethernetHTTPRoutine
 .text.wizchip_cris_enter
                0x0000000008003fa8        0xe ./Core/Src/W5500_C/wizchip_conf.o
                0x0000000008003fa8                wizchip_cris_enter
 .text.wizchip_cris_exit
                0x0000000008003fb6        0xe ./Core/Src/W5500_C/wizchip_conf.o
                0x0000000008003fb6                wizchip_cris_exit
 .text.wizchip_cs_select
                0x0000000008003fc4        0xe ./Core/Src/W5500_C/wizchip_conf.o
                0x0000000008003fc4                wizchip_cs_select
 .text.wizchip_cs_deselect
                0x0000000008003fd2        0xe ./Core/Src/W5500_C/wizchip_conf.o
                0x0000000008003fd2                wizchip_cs_deselect
 .text.wizchip_bus_readdata
                0x0000000008003fe0       0x1a ./Core/Src/W5500_C/wizchip_conf.o
                0x0000000008003fe0                wizchip_bus_readdata
 .text.wizchip_bus_writedata
                0x0000000008003ffa       0x1e ./Core/Src/W5500_C/wizchip_conf.o
                0x0000000008003ffa                wizchip_bus_writedata
 .text.wizchip_spi_readbyte
                0x0000000008004018       0x10 ./Core/Src/W5500_C/wizchip_conf.o
                0x0000000008004018                wizchip_spi_readbyte
 .text.wizchip_spi_writebyte
                0x0000000008004028       0x16 ./Core/Src/W5500_C/wizchip_conf.o
                0x0000000008004028                wizchip_spi_writebyte
 *fill*         0x000000000800403e        0x2 
 .text.reg_wizchip_cs_cbfunc
                0x0000000008004040       0x4c ./Core/Src/W5500_C/wizchip_conf.o
                0x0000000008004040                reg_wizchip_cs_cbfunc
 .text.reg_wizchip_spi_cbfunc
                0x000000000800408c       0x58 ./Core/Src/W5500_C/wizchip_conf.o
                0x000000000800408c                reg_wizchip_spi_cbfunc
 .text.ctlwizchip
                0x00000000080040e4      0x1c4 ./Core/Src/W5500_C/wizchip_conf.o
                0x00000000080040e4                ctlwizchip
 .text.wizchip_sw_reset
                0x00000000080042a8       0x98 ./Core/Src/W5500_C/wizchip_conf.o
                0x00000000080042a8                wizchip_sw_reset
 .text.wizchip_init
                0x0000000008004340      0x118 ./Core/Src/W5500_C/wizchip_conf.o
                0x0000000008004340                wizchip_init
 .text.wizchip_clrinterrupt
                0x0000000008004458       0x68 ./Core/Src/W5500_C/wizchip_conf.o
                0x0000000008004458                wizchip_clrinterrupt
 .text.wizchip_getinterrupt
                0x00000000080044c0       0x4a ./Core/Src/W5500_C/wizchip_conf.o
                0x00000000080044c0                wizchip_getinterrupt
 .text.wizchip_setinterruptmask
                0x000000000800450a       0x36 ./Core/Src/W5500_C/wizchip_conf.o
                0x000000000800450a                wizchip_setinterruptmask
 .text.wizchip_getinterruptmask
                0x0000000008004540       0x46 ./Core/Src/W5500_C/wizchip_conf.o
                0x0000000008004540                wizchip_getinterruptmask
 .text.wizphy_getphylink
                0x0000000008004586       0x2c ./Core/Src/W5500_C/wizchip_conf.o
                0x0000000008004586                wizphy_getphylink
 .text.wizphy_getphypmode
                0x00000000080045b2       0x32 ./Core/Src/W5500_C/wizchip_conf.o
                0x00000000080045b2                wizphy_getphypmode
 .text.wizphy_reset
                0x00000000080045e4       0x4e ./Core/Src/W5500_C/wizchip_conf.o
                0x00000000080045e4                wizphy_reset
 .text.wizphy_setphyconf
                0x0000000008004632       0x84 ./Core/Src/W5500_C/wizchip_conf.o
                0x0000000008004632                wizphy_setphyconf
 .text.wizphy_getphyconf
                0x00000000080046b6       0xd2 ./Core/Src/W5500_C/wizchip_conf.o
                0x00000000080046b6                wizphy_getphyconf
 .text.wizphy_setphypmode
                0x0000000008004788       0x94 ./Core/Src/W5500_C/wizchip_conf.o
                0x0000000008004788                wizphy_setphypmode
 .text.wizchip_setnetinfo
                0x000000000800481c       0x80 ./Core/Src/W5500_C/wizchip_conf.o
                0x000000000800481c                wizchip_setnetinfo
 .text.wizchip_getnetinfo
                0x000000000800489c       0x80 ./Core/Src/W5500_C/wizchip_conf.o
                0x000000000800489c                wizchip_getnetinfo
 .text.Reset_Handler
                0x000000000800491c       0x50 ./Core/Startup/startup_stm32l433rctx.o
                0x000000000800491c                Reset_Handler
 .text.Default_Handler
                0x000000000800496c        0x2 ./Core/Startup/startup_stm32l433rctx.o
                0x000000000800496c                RTC_Alarm_IRQHandler
                0x000000000800496c                EXTI2_IRQHandler
                0x000000000800496c                TIM1_CC_IRQHandler
                0x000000000800496c                TSC_IRQHandler
                0x000000000800496c                TAMP_STAMP_IRQHandler
                0x000000000800496c                EXTI3_IRQHandler
                0x000000000800496c                LPTIM2_IRQHandler
                0x000000000800496c                I2C3_ER_IRQHandler
                0x000000000800496c                EXTI0_IRQHandler
                0x000000000800496c                I2C2_EV_IRQHandler
                0x000000000800496c                CAN1_RX0_IRQHandler
                0x000000000800496c                FPU_IRQHandler
                0x000000000800496c                TIM1_UP_TIM16_IRQHandler
                0x000000000800496c                SPI1_IRQHandler
                0x000000000800496c                DMA2_Channel2_IRQHandler
                0x000000000800496c                DMA1_Channel4_IRQHandler
                0x000000000800496c                ADC1_IRQHandler
                0x000000000800496c                USART3_IRQHandler
                0x000000000800496c                DMA1_Channel7_IRQHandler
                0x000000000800496c                CAN1_RX1_IRQHandler
                0x000000000800496c                LCD_IRQHandler
                0x000000000800496c                DMA2_Channel1_IRQHandler
                0x000000000800496c                QUADSPI_IRQHandler
                0x000000000800496c                I2C1_EV_IRQHandler
                0x000000000800496c                DMA1_Channel6_IRQHandler
                0x000000000800496c                DMA2_Channel4_IRQHandler
                0x000000000800496c                RCC_IRQHandler
                0x000000000800496c                TIM1_TRG_COM_IRQHandler
                0x000000000800496c                DMA1_Channel1_IRQHandler
                0x000000000800496c                Default_Handler
                0x000000000800496c                DMA2_Channel7_IRQHandler
                0x000000000800496c                EXTI15_10_IRQHandler
                0x000000000800496c                SDMMC1_IRQHandler
                0x000000000800496c                I2C3_EV_IRQHandler
                0x000000000800496c                USB_IRQHandler
                0x000000000800496c                EXTI9_5_IRQHandler
                0x000000000800496c                RTC_WKUP_IRQHandler
                0x000000000800496c                PVD_PVM_IRQHandler
                0x000000000800496c                SPI2_IRQHandler
                0x000000000800496c                CAN1_TX_IRQHandler
                0x000000000800496c                DMA2_Channel5_IRQHandler
                0x000000000800496c                CRS_IRQHandler
                0x000000000800496c                DMA1_Channel5_IRQHandler
                0x000000000800496c                EXTI4_IRQHandler
                0x000000000800496c                RNG_IRQHandler
                0x000000000800496c                DMA1_Channel3_IRQHandler
                0x000000000800496c                COMP_IRQHandler
                0x000000000800496c                WWDG_IRQHandler
                0x000000000800496c                DMA2_Channel6_IRQHandler
                0x000000000800496c                TIM2_IRQHandler
                0x000000000800496c                EXTI1_IRQHandler
                0x000000000800496c                USART2_IRQHandler
                0x000000000800496c                I2C2_ER_IRQHandler
                0x000000000800496c                DMA1_Channel2_IRQHandler
                0x000000000800496c                CAN1_SCE_IRQHandler
                0x000000000800496c                FLASH_IRQHandler
                0x000000000800496c                SPI3_IRQHandler
                0x000000000800496c                I2C1_ER_IRQHandler
                0x000000000800496c                SWPMI1_IRQHandler
                0x000000000800496c                LPTIM1_IRQHandler
                0x000000000800496c                SAI1_IRQHandler
                0x000000000800496c                DMA2_Channel3_IRQHandler
                0x000000000800496c                TIM1_BRK_TIM15_IRQHandler
 *fill*         0x000000000800496e        0x2 
 .text._ZN10PowermeterC2Ev
                0x0000000008004970       0x20 ./Core/srccpp/BussinessLogic/ApplicationSW.o
                0x0000000008004970                Powermeter::Powermeter()
                0x0000000008004970                Powermeter::Powermeter()
 .text._ZN10PowermeterD2Ev
                0x0000000008004990       0x20 ./Core/srccpp/BussinessLogic/ApplicationSW.o
                0x0000000008004990                Powermeter::~Powermeter()
                0x0000000008004990                Powermeter::~Powermeter()
 .text._ZN10PowermeterD0Ev
                0x00000000080049b0       0x20 ./Core/srccpp/BussinessLogic/ApplicationSW.o
                0x00000000080049b0                Powermeter::~Powermeter()
 .text._ZN6commonC2Ev
                0x00000000080049d0       0x20 ./Core/srccpp/Common/common.o
                0x00000000080049d0                common::common()
                0x00000000080049d0                common::common()
 .text._ZN6commonD2Ev
                0x00000000080049f0       0x20 ./Core/srccpp/Common/common.o
                0x00000000080049f0                common::~common()
                0x00000000080049f0                common::~common()
 .text._ZN6commonD0Ev
                0x0000000008004a10       0x20 ./Core/srccpp/Common/common.o
                0x0000000008004a10                common::~common()
 .text._ZN14DisplayRoutineC2Ev
                0x0000000008004a30       0xc4 ./Core/srccpp/DisplayCPP/DisplayRoutine.o
                0x0000000008004a30                DisplayRoutine::DisplayRoutine()
                0x0000000008004a30                DisplayRoutine::DisplayRoutine()
 .text._ZN14DisplayRoutineD2Ev
                0x0000000008004af4       0x28 ./Core/srccpp/DisplayCPP/DisplayRoutine.o
                0x0000000008004af4                DisplayRoutine::~DisplayRoutine()
                0x0000000008004af4                DisplayRoutine::~DisplayRoutine()
 .text._ZN14DisplayRoutineD0Ev
                0x0000000008004b1c       0x22 ./Core/srccpp/DisplayCPP/DisplayRoutine.o
                0x0000000008004b1c                DisplayRoutine::~DisplayRoutine()
 .text._ZN14DisplayRoutine4InitEv
                0x0000000008004b3e       0x30 ./Core/srccpp/DisplayCPP/DisplayRoutine.o
                0x0000000008004b3e                DisplayRoutine::Init()
 .text._ZN6common26ReadtheValueAssignPinstateEhh
                0x0000000008004b6e       0x3e ./Core/srccpp/DisplayCPP/GLCD.o
                0x0000000008004b6e                common::ReadtheValueAssignPinstate(unsigned char, unsigned char)
 .text._ZN4GLCDC2Ev
                0x0000000008004bac     0x3ef8 ./Core/srccpp/DisplayCPP/GLCD.o
                0x0000000008004bac                GLCD::GLCD()
                0x0000000008004bac                GLCD::GLCD()
 .text._ZN4GLCDD2Ev
                0x0000000008008aa4       0x24 ./Core/srccpp/DisplayCPP/GLCD.o
                0x0000000008008aa4                GLCD::~GLCD()
                0x0000000008008aa4                GLCD::~GLCD()
 .text._ZN4GLCDD0Ev
                0x0000000008008ac8       0x22 ./Core/srccpp/DisplayCPP/GLCD.o
                0x0000000008008ac8                GLCD::~GLCD()
 *fill*         0x0000000008008aea        0x2 
 .text._ZN4GLCD9m_ctrloffEv
                0x0000000008008aec       0x54 ./Core/srccpp/DisplayCPP/GLCD.o
                0x0000000008008aec                GLCD::m_ctrloff()
 .text._ZN4GLCD7m_delayEjh
                0x0000000008008b40       0x42 ./Core/srccpp/DisplayCPP/GLCD.o
                0x0000000008008b40                GLCD::m_delay(unsigned int, unsigned char)
 *fill*         0x0000000008008b82        0x2 
 .text._ZN4GLCD16m_IOWritethedataEh
                0x0000000008008b84       0xe4 ./Core/srccpp/DisplayCPP/GLCD.o
                0x0000000008008b84                GLCD::m_IOWritethedata(unsigned char)
 .text._ZN4GLCD11m_displayonEv
                0x0000000008008c68       0x78 ./Core/srccpp/DisplayCPP/GLCD.o
                0x0000000008008c68                GLCD::m_displayon()
 .text._ZN4GLCD11m_setcolumnEh
                0x0000000008008ce0      0x108 ./Core/srccpp/DisplayCPP/GLCD.o
                0x0000000008008ce0                GLCD::m_setcolumn(unsigned char)
 .text._ZN4GLCD9m_setpageEh
                0x0000000008008de8       0x84 ./Core/srccpp/DisplayCPP/GLCD.o
                0x0000000008008de8                GLCD::m_setpage(unsigned char)
 .text._ZN4GLCD14m_setstartlineEh
                0x0000000008008e6c       0x84 ./Core/srccpp/DisplayCPP/GLCD.o
                0x0000000008008e6c                GLCD::m_setstartline(unsigned char)
 .text._ZN4GLCD9m_lcddataEPht
                0x0000000008008ef0      0x134 ./Core/srccpp/DisplayCPP/GLCD.o
                0x0000000008008ef0                GLCD::m_lcddata(unsigned char*, unsigned short)
 .text._ZN4GLCD8m_clrlcdEv
                0x0000000008009024       0x56 ./Core/srccpp/DisplayCPP/GLCD.o
                0x0000000008009024                GLCD::m_clrlcd()
 *fill*         0x000000000800907a        0x2 
 .text._ZN10W5500ClassC2Ev
                0x000000000800907c       0x20 ./Core/srccpp/Ethernet/W5500.o
                0x000000000800907c                W5500Class::W5500Class()
                0x000000000800907c                W5500Class::W5500Class()
 .text._ZN10W5500ClassD2Ev
                0x000000000800909c       0x20 ./Core/srccpp/Ethernet/W5500.o
                0x000000000800909c                W5500Class::~W5500Class()
                0x000000000800909c                W5500Class::~W5500Class()
 .text._ZN10W5500ClassD0Ev
                0x00000000080090bc       0x20 ./Core/srccpp/Ethernet/W5500.o
                0x00000000080090bc                W5500Class::~W5500Class()
 .text._Z41__static_initialization_and_destruction_0ii
                0x00000000080090dc       0x44 ./Core/srccpp/Ethernet/W5500.o
 .text._GLOBAL__sub_I_w5500
                0x0000000008009120       0x10 ./Core/srccpp/Ethernet/W5500.o
 .text._GLOBAL__sub_D_w5500
                0x0000000008009130       0x10 ./Core/srccpp/Ethernet/W5500.o
 .text._ZN9ModbusrtuC2Ev
                0x0000000008009140       0x54 ./Core/srccpp/Modbus/Modbusrtu.o
                0x0000000008009140                Modbusrtu::Modbusrtu()
                0x0000000008009140                Modbusrtu::Modbusrtu()
 .text._ZN9ModbusrtuD2Ev
                0x0000000008009194       0x20 ./Core/srccpp/Modbus/Modbusrtu.o
                0x0000000008009194                Modbusrtu::~Modbusrtu()
                0x0000000008009194                Modbusrtu::~Modbusrtu()
 .text._ZN9ModbusrtuD0Ev
                0x00000000080091b4       0x22 ./Core/srccpp/Modbus/Modbusrtu.o
                0x00000000080091b4                Modbusrtu::~Modbusrtu()
 *fill*         0x00000000080091d6        0x2 
 .text._ZN9Modbusrtu21ModbusReadTransactionEv
                0x00000000080091d8      0x1d4 ./Core/srccpp/Modbus/Modbusrtu.o
                0x00000000080091d8                Modbusrtu::ModbusReadTransaction()
 .text._ZN9Modbusrtu11ASCChecksumEPhh
                0x00000000080093ac       0x74 ./Core/srccpp/Modbus/Modbusrtu.o
                0x00000000080093ac                Modbusrtu::ASCChecksum(unsigned char*, unsigned char)
 .text._ZN9Modbusrtu9dwinFrameEv
                0x0000000008009420      0x154 ./Core/srccpp/Modbus/Modbusrtu.o
                0x0000000008009420                Modbusrtu::dwinFrame()
 .text._ZN14OfflineStorageC2Ev
                0x0000000008009574       0x20 ./Core/srccpp/OfflineStorage/OfflineStorage.o
                0x0000000008009574                OfflineStorage::OfflineStorage()
                0x0000000008009574                OfflineStorage::OfflineStorage()
 .text._ZN14OfflineStorageD2Ev
                0x0000000008009594       0x20 ./Core/srccpp/OfflineStorage/OfflineStorage.o
                0x0000000008009594                OfflineStorage::~OfflineStorage()
                0x0000000008009594                OfflineStorage::~OfflineStorage()
 .text._ZN14OfflineStorageD0Ev
                0x00000000080095b4       0x20 ./Core/srccpp/OfflineStorage/OfflineStorage.o
                0x00000000080095b4                OfflineStorage::~OfflineStorage()
 .text.cppMain  0x00000000080095d4       0xa8 ./Core/srccpp/main.o
                0x00000000080095d4                cppMain
 .text.HAL_Init
                0x000000000800967c       0x30 ./Drivers/STM32L4xx_HAL_Driver/Src/stm32l4xx_hal.o
                0x000000000800967c                HAL_Init
 .text.HAL_InitTick
                0x00000000080096ac       0x78 ./Drivers/STM32L4xx_HAL_Driver/Src/stm32l4xx_hal.o
                0x00000000080096ac                HAL_InitTick
 .text.HAL_IncTick
                0x0000000008009724       0x28 ./Drivers/STM32L4xx_HAL_Driver/Src/stm32l4xx_hal.o
                0x0000000008009724                HAL_IncTick
 .text.HAL_GetTick
                0x000000000800974c       0x18 ./Drivers/STM32L4xx_HAL_Driver/Src/stm32l4xx_hal.o
                0x000000000800974c                HAL_GetTick
 .text.HAL_Delay
                0x0000000008009764       0x48 ./Drivers/STM32L4xx_HAL_Driver/Src/stm32l4xx_hal.o
                0x0000000008009764                HAL_Delay
 .text.__NVIC_SetPriorityGrouping
                0x00000000080097ac       0x48 ./Drivers/STM32L4xx_HAL_Driver/Src/stm32l4xx_hal_cortex.o
 .text.__NVIC_GetPriorityGrouping
                0x00000000080097f4       0x1c ./Drivers/STM32L4xx_HAL_Driver/Src/stm32l4xx_hal_cortex.o
 .text.__NVIC_EnableIRQ
                0x0000000008009810       0x3c ./Drivers/STM32L4xx_HAL_Driver/Src/stm32l4xx_hal_cortex.o
 .text.__NVIC_SetPriority
                0x000000000800984c       0x54 ./Drivers/STM32L4xx_HAL_Driver/Src/stm32l4xx_hal_cortex.o
 .text.NVIC_EncodePriority
                0x00000000080098a0       0x66 ./Drivers/STM32L4xx_HAL_Driver/Src/stm32l4xx_hal_cortex.o
 *fill*         0x0000000008009906        0x2 
 .text.SysTick_Config
                0x0000000008009908       0x44 ./Drivers/STM32L4xx_HAL_Driver/Src/stm32l4xx_hal_cortex.o
 .text.HAL_NVIC_SetPriorityGrouping
                0x000000000800994c       0x16 ./Drivers/STM32L4xx_HAL_Driver/Src/stm32l4xx_hal_cortex.o
                0x000000000800994c                HAL_NVIC_SetPriorityGrouping
 .text.HAL_NVIC_SetPriority
                0x0000000008009962       0x38 ./Drivers/STM32L4xx_HAL_Driver/Src/stm32l4xx_hal_cortex.o
                0x0000000008009962                HAL_NVIC_SetPriority
 .text.HAL_NVIC_EnableIRQ
                0x000000000800999a       0x1c ./Drivers/STM32L4xx_HAL_Driver/Src/stm32l4xx_hal_cortex.o
                0x000000000800999a                HAL_NVIC_EnableIRQ
 .text.HAL_SYSTICK_Config
                0x00000000080099b6       0x18 ./Drivers/STM32L4xx_HAL_Driver/Src/stm32l4xx_hal_cortex.o
                0x00000000080099b6                HAL_SYSTICK_Config
 .text.HAL_DMA_Abort
                0x00000000080099ce       0x7c ./Drivers/STM32L4xx_HAL_Driver/Src/stm32l4xx_hal_dma.o
                0x00000000080099ce                HAL_DMA_Abort
 .text.HAL_DMA_Abort_IT
                0x0000000008009a4a       0x82 ./Drivers/STM32L4xx_HAL_Driver/Src/stm32l4xx_hal_dma.o
                0x0000000008009a4a                HAL_DMA_Abort_IT
 .text.HAL_GPIO_Init
                0x0000000008009acc      0x2f4 ./Drivers/STM32L4xx_HAL_Driver/Src/stm32l4xx_hal_gpio.o
                0x0000000008009acc                HAL_GPIO_Init
 .text.HAL_GPIO_WritePin
                0x0000000008009dc0       0x30 ./Drivers/STM32L4xx_HAL_Driver/Src/stm32l4xx_hal_gpio.o
                0x0000000008009dc0                HAL_GPIO_WritePin
 .text.HAL_GPIO_TogglePin
                0x0000000008009df0       0x34 ./Drivers/STM32L4xx_HAL_Driver/Src/stm32l4xx_hal_gpio.o
                0x0000000008009df0                HAL_GPIO_TogglePin
 .text.HAL_I2C_Init
                0x0000000008009e24      0x11e ./Drivers/STM32L4xx_HAL_Driver/Src/stm32l4xx_hal_i2c.o
                0x0000000008009e24                HAL_I2C_Init
 .text.HAL_I2CEx_ConfigAnalogFilter
                0x0000000008009f42       0x96 ./Drivers/STM32L4xx_HAL_Driver/Src/stm32l4xx_hal_i2c_ex.o
                0x0000000008009f42                HAL_I2CEx_ConfigAnalogFilter
 .text.HAL_I2CEx_ConfigDigitalFilter
                0x0000000008009fd8       0x98 ./Drivers/STM32L4xx_HAL_Driver/Src/stm32l4xx_hal_i2c_ex.o
                0x0000000008009fd8                HAL_I2CEx_ConfigDigitalFilter
 .text.HAL_PWREx_GetVoltageRange
                0x000000000800a070       0x1c ./Drivers/STM32L4xx_HAL_Driver/Src/stm32l4xx_hal_pwr_ex.o
                0x000000000800a070                HAL_PWREx_GetVoltageRange
 .text.HAL_PWREx_ControlVoltageScaling
                0x000000000800a08c       0xac ./Drivers/STM32L4xx_HAL_Driver/Src/stm32l4xx_hal_pwr_ex.o
                0x000000000800a08c                HAL_PWREx_ControlVoltageScaling
 .text.HAL_RCC_OscConfig
                0x000000000800a138      0x828 ./Drivers/STM32L4xx_HAL_Driver/Src/stm32l4xx_hal_rcc.o
                0x000000000800a138                HAL_RCC_OscConfig
 .text.HAL_RCC_ClockConfig
                0x000000000800a960      0x200 ./Drivers/STM32L4xx_HAL_Driver/Src/stm32l4xx_hal_rcc.o
                0x000000000800a960                HAL_RCC_ClockConfig
 .text.HAL_RCC_GetSysClockFreq
                0x000000000800ab60      0x118 ./Drivers/STM32L4xx_HAL_Driver/Src/stm32l4xx_hal_rcc.o
                0x000000000800ab60                HAL_RCC_GetSysClockFreq
 .text.HAL_RCC_GetHCLKFreq
                0x000000000800ac78       0x18 ./Drivers/STM32L4xx_HAL_Driver/Src/stm32l4xx_hal_rcc.o
                0x000000000800ac78                HAL_RCC_GetHCLKFreq
 .text.HAL_RCC_GetPCLK1Freq
                0x000000000800ac90       0x2c ./Drivers/STM32L4xx_HAL_Driver/Src/stm32l4xx_hal_rcc.o
                0x000000000800ac90                HAL_RCC_GetPCLK1Freq
 .text.HAL_RCC_GetPCLK2Freq
                0x000000000800acbc       0x2c ./Drivers/STM32L4xx_HAL_Driver/Src/stm32l4xx_hal_rcc.o
                0x000000000800acbc                HAL_RCC_GetPCLK2Freq
 .text.RCC_SetFlashLatencyFromMSIRange
                0x000000000800ace8       0xc0 ./Drivers/STM32L4xx_HAL_Driver/Src/stm32l4xx_hal_rcc.o
 .text.HAL_RCCEx_PeriphCLKConfig
                0x000000000800ada8      0x494 ./Drivers/STM32L4xx_HAL_Driver/Src/stm32l4xx_hal_rcc_ex.o
                0x000000000800ada8                HAL_RCCEx_PeriphCLKConfig
 .text.RCCEx_PLLSAI1_Config
                0x000000000800b23c      0x1e4 ./Drivers/STM32L4xx_HAL_Driver/Src/stm32l4xx_hal_rcc_ex.o
 .text.HAL_SPI_Init
                0x000000000800b420      0x146 ./Drivers/STM32L4xx_HAL_Driver/Src/stm32l4xx_hal_spi.o
                0x000000000800b420                HAL_SPI_Init
 .text.HAL_SPI_TransmitReceive
                0x000000000800b566      0x426 ./Drivers/STM32L4xx_HAL_Driver/Src/stm32l4xx_hal_spi.o
                0x000000000800b566                HAL_SPI_TransmitReceive
 .text.SPI_WaitFlagStateUntilTimeout
                0x000000000800b98c      0x110 ./Drivers/STM32L4xx_HAL_Driver/Src/stm32l4xx_hal_spi.o
 .text.SPI_WaitFifoStateUntilTimeout
                0x000000000800ba9c      0x12c ./Drivers/STM32L4xx_HAL_Driver/Src/stm32l4xx_hal_spi.o
 .text.SPI_EndRxTxTransaction
                0x000000000800bbc8       0x8c ./Drivers/STM32L4xx_HAL_Driver/Src/stm32l4xx_hal_spi.o
 .text.HAL_TIM_Base_Init
                0x000000000800bc54       0xae ./Drivers/STM32L4xx_HAL_Driver/Src/stm32l4xx_hal_tim.o
                0x000000000800bc54                HAL_TIM_Base_Init
 *fill*         0x000000000800bd02        0x2 
 .text.HAL_TIM_Base_Start
                0x000000000800bd04       0x98 ./Drivers/STM32L4xx_HAL_Driver/Src/stm32l4xx_hal_tim.o
                0x000000000800bd04                HAL_TIM_Base_Start
 .text.HAL_TIM_Base_Start_IT
                0x000000000800bd9c       0xa8 ./Drivers/STM32L4xx_HAL_Driver/Src/stm32l4xx_hal_tim.o
                0x000000000800bd9c                HAL_TIM_Base_Start_IT
 .text.HAL_TIM_IRQHandler
                0x000000000800be44      0x23e ./Drivers/STM32L4xx_HAL_Driver/Src/stm32l4xx_hal_tim.o
                0x000000000800be44                HAL_TIM_IRQHandler
 .text.HAL_TIM_ConfigClockSource
                0x000000000800c082      0x192 ./Drivers/STM32L4xx_HAL_Driver/Src/stm32l4xx_hal_tim.o
                0x000000000800c082                HAL_TIM_ConfigClockSource
 .text.HAL_TIM_OC_DelayElapsedCallback
                0x000000000800c214       0x14 ./Drivers/STM32L4xx_HAL_Driver/Src/stm32l4xx_hal_tim.o
                0x000000000800c214                HAL_TIM_OC_DelayElapsedCallback
 .text.HAL_TIM_IC_CaptureCallback
                0x000000000800c228       0x14 ./Drivers/STM32L4xx_HAL_Driver/Src/stm32l4xx_hal_tim.o
                0x000000000800c228                HAL_TIM_IC_CaptureCallback
 .text.HAL_TIM_PWM_PulseFinishedCallback
                0x000000000800c23c       0x14 ./Drivers/STM32L4xx_HAL_Driver/Src/stm32l4xx_hal_tim.o
                0x000000000800c23c                HAL_TIM_PWM_PulseFinishedCallback
 .text.HAL_TIM_TriggerCallback
                0x000000000800c250       0x14 ./Drivers/STM32L4xx_HAL_Driver/Src/stm32l4xx_hal_tim.o
                0x000000000800c250                HAL_TIM_TriggerCallback
 .text.TIM_Base_SetConfig
                0x000000000800c264       0xc8 ./Drivers/STM32L4xx_HAL_Driver/Src/stm32l4xx_hal_tim.o
                0x000000000800c264                TIM_Base_SetConfig
 .text.TIM_TI1_ConfigInputStage
                0x000000000800c32c       0x5e ./Drivers/STM32L4xx_HAL_Driver/Src/stm32l4xx_hal_tim.o
 .text.TIM_TI2_ConfigInputStage
                0x000000000800c38a       0x60 ./Drivers/STM32L4xx_HAL_Driver/Src/stm32l4xx_hal_tim.o
 .text.TIM_ITRx_SetConfig
                0x000000000800c3ea       0x36 ./Drivers/STM32L4xx_HAL_Driver/Src/stm32l4xx_hal_tim.o
 .text.TIM_ETR_SetConfig
                0x000000000800c420       0x40 ./Drivers/STM32L4xx_HAL_Driver/Src/stm32l4xx_hal_tim.o
                0x000000000800c420                TIM_ETR_SetConfig
 .text.HAL_TIMEx_MasterConfigSynchronization
                0x000000000800c460       0xcc ./Drivers/STM32L4xx_HAL_Driver/Src/stm32l4xx_hal_tim_ex.o
                0x000000000800c460                HAL_TIMEx_MasterConfigSynchronization
 .text.HAL_TIMEx_CommutCallback
                0x000000000800c52c       0x14 ./Drivers/STM32L4xx_HAL_Driver/Src/stm32l4xx_hal_tim_ex.o
                0x000000000800c52c                HAL_TIMEx_CommutCallback
 .text.HAL_TIMEx_BreakCallback
                0x000000000800c540       0x14 ./Drivers/STM32L4xx_HAL_Driver/Src/stm32l4xx_hal_tim_ex.o
                0x000000000800c540                HAL_TIMEx_BreakCallback
 .text.HAL_TIMEx_Break2Callback
                0x000000000800c554       0x14 ./Drivers/STM32L4xx_HAL_Driver/Src/stm32l4xx_hal_tim_ex.o
                0x000000000800c554                HAL_TIMEx_Break2Callback
 .text.HAL_UART_Init
                0x000000000800c568       0x9c ./Drivers/STM32L4xx_HAL_Driver/Src/stm32l4xx_hal_uart.o
                0x000000000800c568                HAL_UART_Init
 .text.HAL_UART_Transmit_IT
                0x000000000800c604       0xdc ./Drivers/STM32L4xx_HAL_Driver/Src/stm32l4xx_hal_uart.o
                0x000000000800c604                HAL_UART_Transmit_IT
 .text.HAL_UART_Receive_IT
                0x000000000800c6e0       0xac ./Drivers/STM32L4xx_HAL_Driver/Src/stm32l4xx_hal_uart.o
                0x000000000800c6e0                HAL_UART_Receive_IT
 .text.HAL_UART_IRQHandler
                0x000000000800c78c      0x5c4 ./Drivers/STM32L4xx_HAL_Driver/Src/stm32l4xx_hal_uart.o
                0x000000000800c78c                HAL_UART_IRQHandler
 .text.HAL_UART_TxCpltCallback
                0x000000000800cd50       0x14 ./Drivers/STM32L4xx_HAL_Driver/Src/stm32l4xx_hal_uart.o
                0x000000000800cd50                HAL_UART_TxCpltCallback
 .text.HAL_UART_ErrorCallback
                0x000000000800cd64       0x14 ./Drivers/STM32L4xx_HAL_Driver/Src/stm32l4xx_hal_uart.o
                0x000000000800cd64                HAL_UART_ErrorCallback
 .text.HAL_UARTEx_RxEventCallback
                0x000000000800cd78       0x18 ./Drivers/STM32L4xx_HAL_Driver/Src/stm32l4xx_hal_uart.o
                0x000000000800cd78                HAL_UARTEx_RxEventCallback
 .text.UART_SetConfig
                0x000000000800cd90      0x4b4 ./Drivers/STM32L4xx_HAL_Driver/Src/stm32l4xx_hal_uart.o
                0x000000000800cd90                UART_SetConfig
 .text.UART_AdvFeatureConfig
                0x000000000800d244      0x144 ./Drivers/STM32L4xx_HAL_Driver/Src/stm32l4xx_hal_uart.o
                0x000000000800d244                UART_AdvFeatureConfig
 .text.UART_CheckIdleState
                0x000000000800d388       0x92 ./Drivers/STM32L4xx_HAL_Driver/Src/stm32l4xx_hal_uart.o
                0x000000000800d388                UART_CheckIdleState
 .text.UART_WaitOnFlagUntilTimeout
                0x000000000800d41a      0x188 ./Drivers/STM32L4xx_HAL_Driver/Src/stm32l4xx_hal_uart.o
                0x000000000800d41a                UART_WaitOnFlagUntilTimeout
 *fill*         0x000000000800d5a2        0x2 
 .text.UART_Start_Receive_IT
                0x000000000800d5a4      0x194 ./Drivers/STM32L4xx_HAL_Driver/Src/stm32l4xx_hal_uart.o
                0x000000000800d5a4                UART_Start_Receive_IT
 .text.UART_EndRxTransfer
                0x000000000800d738       0xc6 ./Drivers/STM32L4xx_HAL_Driver/Src/stm32l4xx_hal_uart.o
 .text.UART_DMAAbortOnError
                0x000000000800d7fe       0x2c ./Drivers/STM32L4xx_HAL_Driver/Src/stm32l4xx_hal_uart.o
 .text.UART_TxISR_8BIT
                0x000000000800d82a       0xb8 ./Drivers/STM32L4xx_HAL_Driver/Src/stm32l4xx_hal_uart.o
 .text.UART_TxISR_16BIT
                0x000000000800d8e2       0xc0 ./Drivers/STM32L4xx_HAL_Driver/Src/stm32l4xx_hal_uart.o
 .text.UART_EndTransmit_IT
                0x000000000800d9a2       0x54 ./Drivers/STM32L4xx_HAL_Driver/Src/stm32l4xx_hal_uart.o
 .text.UART_RxISR_8BIT
                0x000000000800d9f6      0x160 ./Drivers/STM32L4xx_HAL_Driver/Src/stm32l4xx_hal_uart.o
 .text.UART_RxISR_16BIT
                0x000000000800db56      0x160 ./Drivers/STM32L4xx_HAL_Driver/Src/stm32l4xx_hal_uart.o
 .text.HAL_UARTEx_WakeupCallback
                0x000000000800dcb6       0x14 ./Drivers/STM32L4xx_HAL_Driver/Src/stm32l4xx_hal_uart_ex.o
                0x000000000800dcb6                HAL_UARTEx_WakeupCallback
 .text._ZdlPvj  0x000000000800dcca        0x4 c:/st/stm32cubeide_1.10.1/stm32cubeide/plugins/com.st.stm32cube.ide.mcu.externaltools.gnu-tools-for-stm32.10.3-2021.10.win32_1.0.0.202111181127/tools/bin/../lib/gcc/arm-none-eabi/10.3.1/../../../../arm-none-eabi/lib/thumb/v7e-m+fp/hard\libstdc++_nano.a(del_ops.o)
                0x000000000800dcca                operator delete(void*, unsigned int)
 .text._ZdlPv   0x000000000800dcce        0x4 c:/st/stm32cubeide_1.10.1/stm32cubeide/plugins/com.st.stm32cube.ide.mcu.externaltools.gnu-tools-for-stm32.10.3-2021.10.win32_1.0.0.202111181127/tools/bin/../lib/gcc/arm-none-eabi/10.3.1/../../../../arm-none-eabi/lib/thumb/v7e-m+fp/hard\libstdc++_nano.a(del_op.o)
                0x000000000800dcce                operator delete(void*)
 *fill*         0x000000000800dcd2        0x2 
 .text.__errno  0x000000000800dcd4        0xc c:/st/stm32cubeide_1.10.1/stm32cubeide/plugins/com.st.stm32cube.ide.mcu.externaltools.gnu-tools-for-stm32.10.3-2021.10.win32_1.0.0.202111181127/tools/bin/../lib/gcc/arm-none-eabi/10.3.1/../../../../arm-none-eabi/lib/thumb/v7e-m+fp/hard\libc_nano.a(lib_a-errno.o)
                0x000000000800dcd4                __errno
 .text.__libc_init_array
                0x000000000800dce0       0x48 c:/st/stm32cubeide_1.10.1/stm32cubeide/plugins/com.st.stm32cube.ide.mcu.externaltools.gnu-tools-for-stm32.10.3-2021.10.win32_1.0.0.202111181127/tools/bin/../lib/gcc/arm-none-eabi/10.3.1/../../../../arm-none-eabi/lib/thumb/v7e-m+fp/hard\libc_nano.a(lib_a-init.o)
                0x000000000800dce0                __libc_init_array
 .text.malloc   0x000000000800dd28       0x10 c:/st/stm32cubeide_1.10.1/stm32cubeide/plugins/com.st.stm32cube.ide.mcu.externaltools.gnu-tools-for-stm32.10.3-2021.10.win32_1.0.0.202111181127/tools/bin/../lib/gcc/arm-none-eabi/10.3.1/../../../../arm-none-eabi/lib/thumb/v7e-m+fp/hard\libc_nano.a(lib_a-malloc.o)
                0x000000000800dd28                malloc
 .text.free     0x000000000800dd38       0x10 c:/st/stm32cubeide_1.10.1/stm32cubeide/plugins/com.st.stm32cube.ide.mcu.externaltools.gnu-tools-for-stm32.10.3-2021.10.win32_1.0.0.202111181127/tools/bin/../lib/gcc/arm-none-eabi/10.3.1/../../../../arm-none-eabi/lib/thumb/v7e-m+fp/hard\libc_nano.a(lib_a-malloc.o)
                0x000000000800dd38                free
 .text.memcpy   0x000000000800dd48       0x1c c:/st/stm32cubeide_1.10.1/stm32cubeide/plugins/com.st.stm32cube.ide.mcu.externaltools.gnu-tools-for-stm32.10.3-2021.10.win32_1.0.0.202111181127/tools/bin/../lib/gcc/arm-none-eabi/10.3.1/../../../../arm-none-eabi/lib/thumb/v7e-m+fp/hard\libc_nano.a(lib_a-memcpy-stub.o)
                0x000000000800dd48                memcpy
 .text.memset   0x000000000800dd64       0x10 c:/st/stm32cubeide_1.10.1/stm32cubeide/plugins/com.st.stm32cube.ide.mcu.externaltools.gnu-tools-for-stm32.10.3-2021.10.win32_1.0.0.202111181127/tools/bin/../lib/gcc/arm-none-eabi/10.3.1/../../../../arm-none-eabi/lib/thumb/v7e-m+fp/hard\libc_nano.a(lib_a-memset.o)
                0x000000000800dd64                memset
 .text._free_r  0x000000000800dd74       0x98 c:/st/stm32cubeide_1.10.1/stm32cubeide/plugins/com.st.stm32cube.ide.mcu.externaltools.gnu-tools-for-stm32.10.3-2021.10.win32_1.0.0.202111181127/tools/bin/../lib/gcc/arm-none-eabi/10.3.1/../../../../arm-none-eabi/lib/thumb/v7e-m+fp/hard\libc_nano.a(lib_a-nano-freer.o)
                0x000000000800dd74                _free_r
 .text.sbrk_aligned
                0x000000000800de0c       0x40 c:/st/stm32cubeide_1.10.1/stm32cubeide/plugins/com.st.stm32cube.ide.mcu.externaltools.gnu-tools-for-stm32.10.3-2021.10.win32_1.0.0.202111181127/tools/bin/../lib/gcc/arm-none-eabi/10.3.1/../../../../arm-none-eabi/lib/thumb/v7e-m+fp/hard\libc_nano.a(lib_a-nano-mallocr.o)
 .text._malloc_r
                0x000000000800de4c       0xe8 c:/st/stm32cubeide_1.10.1/stm32cubeide/plugins/com.st.stm32cube.ide.mcu.externaltools.gnu-tools-for-stm32.10.3-2021.10.win32_1.0.0.202111181127/tools/bin/../lib/gcc/arm-none-eabi/10.3.1/../../../../arm-none-eabi/lib/thumb/v7e-m+fp/hard\libc_nano.a(lib_a-nano-mallocr.o)
                0x000000000800de4c                _malloc_r
 .text.rand     0x000000000800df34       0x7c c:/st/stm32cubeide_1.10.1/stm32cubeide/plugins/com.st.stm32cube.ide.mcu.externaltools.gnu-tools-for-stm32.10.3-2021.10.win32_1.0.0.202111181127/tools/bin/../lib/gcc/arm-none-eabi/10.3.1/../../../../arm-none-eabi/lib/thumb/v7e-m+fp/hard\libc_nano.a(lib_a-rand.o)
                0x000000000800df34                rand
 .text._sbrk_r  0x000000000800dfb0       0x20 c:/st/stm32cubeide_1.10.1/stm32cubeide/plugins/com.st.stm32cube.ide.mcu.externaltools.gnu-tools-for-stm32.10.3-2021.10.win32_1.0.0.202111181127/tools/bin/../lib/gcc/arm-none-eabi/10.3.1/../../../../arm-none-eabi/lib/thumb/v7e-m+fp/hard\libc_nano.a(lib_a-sbrkr.o)
                0x000000000800dfb0                _sbrk_r
 .text.sprintf  0x000000000800dfd0       0x40 c:/st/stm32cubeide_1.10.1/stm32cubeide/plugins/com.st.stm32cube.ide.mcu.externaltools.gnu-tools-for-stm32.10.3-2021.10.win32_1.0.0.202111181127/tools/bin/../lib/gcc/arm-none-eabi/10.3.1/../../../../arm-none-eabi/lib/thumb/v7e-m+fp/hard\libc_nano.a(lib_a-sprintf.o)
                0x000000000800dfd0                siprintf
                0x000000000800dfd0                sprintf
 .text.strchr   0x000000000800e010       0x1a c:/st/stm32cubeide_1.10.1/stm32cubeide/plugins/com.st.stm32cube.ide.mcu.externaltools.gnu-tools-for-stm32.10.3-2021.10.win32_1.0.0.202111181127/tools/bin/../lib/gcc/arm-none-eabi/10.3.1/../../../../arm-none-eabi/lib/thumb/v7e-m+fp/hard\libc_nano.a(lib_a-strchr.o)
                0x000000000800e010                strchr
 .text.strcpy   0x000000000800e02a       0x10 c:/st/stm32cubeide_1.10.1/stm32cubeide/plugins/com.st.stm32cube.ide.mcu.externaltools.gnu-tools-for-stm32.10.3-2021.10.win32_1.0.0.202111181127/tools/bin/../lib/gcc/arm-none-eabi/10.3.1/../../../../arm-none-eabi/lib/thumb/v7e-m+fp/hard\libc_nano.a(lib_a-strcpy.o)
                0x000000000800e02a                strcpy
 *fill*         0x000000000800e03a        0x2 
 .text.strtok   0x000000000800e03c       0x68 c:/st/stm32cubeide_1.10.1/stm32cubeide/plugins/com.st.stm32cube.ide.mcu.externaltools.gnu-tools-for-stm32.10.3-2021.10.win32_1.0.0.202111181127/tools/bin/../lib/gcc/arm-none-eabi/10.3.1/../../../../arm-none-eabi/lib/thumb/v7e-m+fp/hard\libc_nano.a(lib_a-strtok.o)
                0x000000000800e03c                strtok
 .text.__strtok_r
                0x000000000800e0a4       0x50 c:/st/stm32cubeide_1.10.1/stm32cubeide/plugins/com.st.stm32cube.ide.mcu.externaltools.gnu-tools-for-stm32.10.3-2021.10.win32_1.0.0.202111181127/tools/bin/../lib/gcc/arm-none-eabi/10.3.1/../../../../arm-none-eabi/lib/thumb/v7e-m+fp/hard\libc_nano.a(lib_a-strtok_r.o)
                0x000000000800e0a4                __strtok_r
 .text.__assert_func
                0x000000000800e0f4       0x3c c:/st/stm32cubeide_1.10.1/stm32cubeide/plugins/com.st.stm32cube.ide.mcu.externaltools.gnu-tools-for-stm32.10.3-2021.10.win32_1.0.0.202111181127/tools/bin/../lib/gcc/arm-none-eabi/10.3.1/../../../../arm-none-eabi/lib/thumb/v7e-m+fp/hard\libc_nano.a(lib_a-assert.o)
                0x000000000800e0f4                __assert_func
 .text.fprintf  0x000000000800e130       0x24 c:/st/stm32cubeide_1.10.1/stm32cubeide/plugins/com.st.stm32cube.ide.mcu.externaltools.gnu-tools-for-stm32.10.3-2021.10.win32_1.0.0.202111181127/tools/bin/../lib/gcc/arm-none-eabi/10.3.1/../../../../arm-none-eabi/lib/thumb/v7e-m+fp/hard\libc_nano.a(lib_a-fprintf.o)
                0x000000000800e130                fiprintf
                0x000000000800e130                fprintf
 .text.__malloc_lock
                0x000000000800e154        0xc c:/st/stm32cubeide_1.10.1/stm32cubeide/plugins/com.st.stm32cube.ide.mcu.externaltools.gnu-tools-for-stm32.10.3-2021.10.win32_1.0.0.202111181127/tools/bin/../lib/gcc/arm-none-eabi/10.3.1/../../../../arm-none-eabi/lib/thumb/v7e-m+fp/hard\libc_nano.a(lib_a-mlock.o)
                0x000000000800e154                __malloc_lock
 .text.__malloc_unlock
                0x000000000800e160        0xc c:/st/stm32cubeide_1.10.1/stm32cubeide/plugins/com.st.stm32cube.ide.mcu.externaltools.gnu-tools-for-stm32.10.3-2021.10.win32_1.0.0.202111181127/tools/bin/../lib/gcc/arm-none-eabi/10.3.1/../../../../arm-none-eabi/lib/thumb/v7e-m+fp/hard\libc_nano.a(lib_a-mlock.o)
                0x000000000800e160                __malloc_unlock
 .text.__ssputs_r
                0x000000000800e16c       0xb6 c:/st/stm32cubeide_1.10.1/stm32cubeide/plugins/com.st.stm32cube.ide.mcu.externaltools.gnu-tools-for-stm32.10.3-2021.10.win32_1.0.0.202111181127/tools/bin/../lib/gcc/arm-none-eabi/10.3.1/../../../../arm-none-eabi/lib/thumb/v7e-m+fp/hard\libc_nano.a(lib_a-nano-svfprintf.o)
                0x000000000800e16c                __ssputs_r
 *fill*         0x000000000800e222        0x2 
 .text._svfprintf_r
                0x000000000800e224      0x200 c:/st/stm32cubeide_1.10.1/stm32cubeide/plugins/com.st.stm32cube.ide.mcu.externaltools.gnu-tools-for-stm32.10.3-2021.10.win32_1.0.0.202111181127/tools/bin/../lib/gcc/arm-none-eabi/10.3.1/../../../../arm-none-eabi/lib/thumb/v7e-m+fp/hard\libc_nano.a(lib_a-nano-svfprintf.o)
                0x000000000800e224                _svfiprintf_r
                0x000000000800e224                _svfprintf_r
 .text.__sfputc_r
                0x000000000800e424       0x2e c:/st/stm32cubeide_1.10.1/stm32cubeide/plugins/com.st.stm32cube.ide.mcu.externaltools.gnu-tools-for-stm32.10.3-2021.10.win32_1.0.0.202111181127/tools/bin/../lib/gcc/arm-none-eabi/10.3.1/../../../../arm-none-eabi/lib/thumb/v7e-m+fp/hard\libc_nano.a(lib_a-nano-vfprintf.o)
 .text.__sfputs_r
                0x000000000800e452       0x24 c:/st/stm32cubeide_1.10.1/stm32cubeide/plugins/com.st.stm32cube.ide.mcu.externaltools.gnu-tools-for-stm32.10.3-2021.10.win32_1.0.0.202111181127/tools/bin/../lib/gcc/arm-none-eabi/10.3.1/../../../../arm-none-eabi/lib/thumb/v7e-m+fp/hard\libc_nano.a(lib_a-nano-vfprintf.o)
                0x000000000800e452                __sfputs_r
 *fill*         0x000000000800e476        0x2 
 .text._vfprintf_r
                0x000000000800e478      0x260 c:/st/stm32cubeide_1.10.1/stm32cubeide/plugins/com.st.stm32cube.ide.mcu.externaltools.gnu-tools-for-stm32.10.3-2021.10.win32_1.0.0.202111181127/tools/bin/../lib/gcc/arm-none-eabi/10.3.1/../../../../arm-none-eabi/lib/thumb/v7e-m+fp/hard\libc_nano.a(lib_a-nano-vfprintf.o)
                0x000000000800e478                _vfprintf_r
                0x000000000800e478                _vfiprintf_r
 .text._printf_common
                0x000000000800e6d8       0xda c:/st/stm32cubeide_1.10.1/stm32cubeide/plugins/com.st.stm32cube.ide.mcu.externaltools.gnu-tools-for-stm32.10.3-2021.10.win32_1.0.0.202111181127/tools/bin/../lib/gcc/arm-none-eabi/10.3.1/../../../../arm-none-eabi/lib/thumb/v7e-m+fp/hard\libc_nano.a(lib_a-nano-vfprintf_i.o)
                0x000000000800e6d8                _printf_common
 *fill*         0x000000000800e7b2        0x2 
 .text._printf_i
                0x000000000800e7b4      0x24c c:/st/stm32cubeide_1.10.1/stm32cubeide/plugins/com.st.stm32cube.ide.mcu.externaltools.gnu-tools-for-stm32.10.3-2021.10.win32_1.0.0.202111181127/tools/bin/../lib/gcc/arm-none-eabi/10.3.1/../../../../arm-none-eabi/lib/thumb/v7e-m+fp/hard\libc_nano.a(lib_a-nano-vfprintf_i.o)
                0x000000000800e7b4                _printf_i
 .text.__swbuf_r
                0x000000000800ea00       0xa4 c:/st/stm32cubeide_1.10.1/stm32cubeide/plugins/com.st.stm32cube.ide.mcu.externaltools.gnu-tools-for-stm32.10.3-2021.10.win32_1.0.0.202111181127/tools/bin/../lib/gcc/arm-none-eabi/10.3.1/../../../../arm-none-eabi/lib/thumb/v7e-m+fp/hard\libc_nano.a(lib_a-wbuf.o)
                0x000000000800ea00                __swbuf_r
 .text.__swsetup_r
                0x000000000800eaa4       0xdc c:/st/stm32cubeide_1.10.1/stm32cubeide/plugins/com.st.stm32cube.ide.mcu.externaltools.gnu-tools-for-stm32.10.3-2021.10.win32_1.0.0.202111181127/tools/bin/../lib/gcc/arm-none-eabi/10.3.1/../../../../arm-none-eabi/lib/thumb/v7e-m+fp/hard\libc_nano.a(lib_a-wsetup.o)
                0x000000000800eaa4                __swsetup_r
 .text.abort    0x000000000800eb80        0xe c:/st/stm32cubeide_1.10.1/stm32cubeide/plugins/com.st.stm32cube.ide.mcu.externaltools.gnu-tools-for-stm32.10.3-2021.10.win32_1.0.0.202111181127/tools/bin/../lib/gcc/arm-none-eabi/10.3.1/../../../../arm-none-eabi/lib/thumb/v7e-m+fp/hard\libc_nano.a(lib_a-abort.o)
                0x000000000800eb80                abort
 *fill*         0x000000000800eb8e        0x2 
 .text.__sflush_r
                0x000000000800eb90      0x10c c:/st/stm32cubeide_1.10.1/stm32cubeide/plugins/com.st.stm32cube.ide.mcu.externaltools.gnu-tools-for-stm32.10.3-2021.10.win32_1.0.0.202111181127/tools/bin/../lib/gcc/arm-none-eabi/10.3.1/../../../../arm-none-eabi/lib/thumb/v7e-m+fp/hard\libc_nano.a(lib_a-fflush.o)
                0x000000000800eb90                __sflush_r
 .text._fflush_r
                0x000000000800ec9c       0x78 c:/st/stm32cubeide_1.10.1/stm32cubeide/plugins/com.st.stm32cube.ide.mcu.externaltools.gnu-tools-for-stm32.10.3-2021.10.win32_1.0.0.202111181127/tools/bin/../lib/gcc/arm-none-eabi/10.3.1/../../../../arm-none-eabi/lib/thumb/v7e-m+fp/hard\libc_nano.a(lib_a-fflush.o)
                0x000000000800ec9c                _fflush_r
 .text.std      0x000000000800ed14       0x48 c:/st/stm32cubeide_1.10.1/stm32cubeide/plugins/com.st.stm32cube.ide.mcu.externaltools.gnu-tools-for-stm32.10.3-2021.10.win32_1.0.0.202111181127/tools/bin/../lib/gcc/arm-none-eabi/10.3.1/../../../../arm-none-eabi/lib/thumb/v7e-m+fp/hard\libc_nano.a(lib_a-findfp.o)
 .text._cleanup_r
                0x000000000800ed5c        0xc c:/st/stm32cubeide_1.10.1/stm32cubeide/plugins/com.st.stm32cube.ide.mcu.externaltools.gnu-tools-for-stm32.10.3-2021.10.win32_1.0.0.202111181127/tools/bin/../lib/gcc/arm-none-eabi/10.3.1/../../../../arm-none-eabi/lib/thumb/v7e-m+fp/hard\libc_nano.a(lib_a-findfp.o)
                0x000000000800ed5c                _cleanup_r
 .text.__sfmoreglue
                0x000000000800ed68       0x2c c:/st/stm32cubeide_1.10.1/stm32cubeide/plugins/com.st.stm32cube.ide.mcu.externaltools.gnu-tools-for-stm32.10.3-2021.10.win32_1.0.0.202111181127/tools/bin/../lib/gcc/arm-none-eabi/10.3.1/../../../../arm-none-eabi/lib/thumb/v7e-m+fp/hard\libc_nano.a(lib_a-findfp.o)
                0x000000000800ed68                __sfmoreglue
 .text.__sfp_lock_acquire
                0x000000000800ed94        0xc c:/st/stm32cubeide_1.10.1/stm32cubeide/plugins/com.st.stm32cube.ide.mcu.externaltools.gnu-tools-for-stm32.10.3-2021.10.win32_1.0.0.202111181127/tools/bin/../lib/gcc/arm-none-eabi/10.3.1/../../../../arm-none-eabi/lib/thumb/v7e-m+fp/hard\libc_nano.a(lib_a-findfp.o)
                0x000000000800ed94                __sfp_lock_acquire
 .text.__sfp_lock_release
                0x000000000800eda0        0xc c:/st/stm32cubeide_1.10.1/stm32cubeide/plugins/com.st.stm32cube.ide.mcu.externaltools.gnu-tools-for-stm32.10.3-2021.10.win32_1.0.0.202111181127/tools/bin/../lib/gcc/arm-none-eabi/10.3.1/../../../../arm-none-eabi/lib/thumb/v7e-m+fp/hard\libc_nano.a(lib_a-findfp.o)
                0x000000000800eda0                __sfp_lock_release
 .text.__sinit_lock_acquire
                0x000000000800edac        0xc c:/st/stm32cubeide_1.10.1/stm32cubeide/plugins/com.st.stm32cube.ide.mcu.externaltools.gnu-tools-for-stm32.10.3-2021.10.win32_1.0.0.202111181127/tools/bin/../lib/gcc/arm-none-eabi/10.3.1/../../../../arm-none-eabi/lib/thumb/v7e-m+fp/hard\libc_nano.a(lib_a-findfp.o)
                0x000000000800edac                __sinit_lock_acquire
 .text.__sinit_lock_release
                0x000000000800edb8        0xc c:/st/stm32cubeide_1.10.1/stm32cubeide/plugins/com.st.stm32cube.ide.mcu.externaltools.gnu-tools-for-stm32.10.3-2021.10.win32_1.0.0.202111181127/tools/bin/../lib/gcc/arm-none-eabi/10.3.1/../../../../arm-none-eabi/lib/thumb/v7e-m+fp/hard\libc_nano.a(lib_a-findfp.o)
                0x000000000800edb8                __sinit_lock_release
 .text.__sinit  0x000000000800edc4       0x70 c:/st/stm32cubeide_1.10.1/stm32cubeide/plugins/com.st.stm32cube.ide.mcu.externaltools.gnu-tools-for-stm32.10.3-2021.10.win32_1.0.0.202111181127/tools/bin/../lib/gcc/arm-none-eabi/10.3.1/../../../../arm-none-eabi/lib/thumb/v7e-m+fp/hard\libc_nano.a(lib_a-findfp.o)
                0x000000000800edc4                __sinit
 .text.__sfp    0x000000000800ee34       0x8c c:/st/stm32cubeide_1.10.1/stm32cubeide/plugins/com.st.stm32cube.ide.mcu.externaltools.gnu-tools-for-stm32.10.3-2021.10.win32_1.0.0.202111181127/tools/bin/../lib/gcc/arm-none-eabi/10.3.1/../../../../arm-none-eabi/lib/thumb/v7e-m+fp/hard\libc_nano.a(lib_a-findfp.o)
                0x000000000800ee34                __sfp
 .text._fwalk_reent
                0x000000000800eec0       0x3e c:/st/stm32cubeide_1.10.1/stm32cubeide/plugins/com.st.stm32cube.ide.mcu.externaltools.gnu-tools-for-stm32.10.3-2021.10.win32_1.0.0.202111181127/tools/bin/../lib/gcc/arm-none-eabi/10.3.1/../../../../arm-none-eabi/lib/thumb/v7e-m+fp/hard\libc_nano.a(lib_a-fwalk.o)
                0x000000000800eec0                _fwalk_reent
 .text.__retarget_lock_init_recursive
                0x000000000800eefe        0x2 c:/st/stm32cubeide_1.10.1/stm32cubeide/plugins/com.st.stm32cube.ide.mcu.externaltools.gnu-tools-for-stm32.10.3-2021.10.win32_1.0.0.202111181127/tools/bin/../lib/gcc/arm-none-eabi/10.3.1/../../../../arm-none-eabi/lib/thumb/v7e-m+fp/hard\libc_nano.a(lib_a-lock.o)
                0x000000000800eefe                __retarget_lock_init_recursive
 .text.__retarget_lock_acquire_recursive
                0x000000000800ef00        0x2 c:/st/stm32cubeide_1.10.1/stm32cubeide/plugins/com.st.stm32cube.ide.mcu.externaltools.gnu-tools-for-stm32.10.3-2021.10.win32_1.0.0.202111181127/tools/bin/../lib/gcc/arm-none-eabi/10.3.1/../../../../arm-none-eabi/lib/thumb/v7e-m+fp/hard\libc_nano.a(lib_a-lock.o)
                0x000000000800ef00                __retarget_lock_acquire_recursive
 .text.__retarget_lock_release_recursive
                0x000000000800ef02        0x2 c:/st/stm32cubeide_1.10.1/stm32cubeide/plugins/com.st.stm32cube.ide.mcu.externaltools.gnu-tools-for-stm32.10.3-2021.10.win32_1.0.0.202111181127/tools/bin/../lib/gcc/arm-none-eabi/10.3.1/../../../../arm-none-eabi/lib/thumb/v7e-m+fp/hard\libc_nano.a(lib_a-lock.o)
                0x000000000800ef02                __retarget_lock_release_recursive
 .text.__swhatbuf_r
                0x000000000800ef04       0x4a c:/st/stm32cubeide_1.10.1/stm32cubeide/plugins/com.st.stm32cube.ide.mcu.externaltools.gnu-tools-for-stm32.10.3-2021.10.win32_1.0.0.202111181127/tools/bin/../lib/gcc/arm-none-eabi/10.3.1/../../../../arm-none-eabi/lib/thumb/v7e-m+fp/hard\libc_nano.a(lib_a-makebuf.o)
                0x000000000800ef04                __swhatbuf_r
 *fill*         0x000000000800ef4e        0x2 
 .text.__smakebuf_r
                0x000000000800ef50       0x80 c:/st/stm32cubeide_1.10.1/stm32cubeide/plugins/com.st.stm32cube.ide.mcu.externaltools.gnu-tools-for-stm32.10.3-2021.10.win32_1.0.0.202111181127/tools/bin/../lib/gcc/arm-none-eabi/10.3.1/../../../../arm-none-eabi/lib/thumb/v7e-m+fp/hard\libc_nano.a(lib_a-makebuf.o)
                0x000000000800ef50                __smakebuf_r
 .text.memmove  0x000000000800efd0       0x34 c:/st/stm32cubeide_1.10.1/stm32cubeide/plugins/com.st.stm32cube.ide.mcu.externaltools.gnu-tools-for-stm32.10.3-2021.10.win32_1.0.0.202111181127/tools/bin/../lib/gcc/arm-none-eabi/10.3.1/../../../../arm-none-eabi/lib/thumb/v7e-m+fp/hard\libc_nano.a(lib_a-memmove.o)
                0x000000000800efd0                memmove
 .text._realloc_r
                0x000000000800f004       0x5e c:/st/stm32cubeide_1.10.1/stm32cubeide/plugins/com.st.stm32cube.ide.mcu.externaltools.gnu-tools-for-stm32.10.3-2021.10.win32_1.0.0.202111181127/tools/bin/../lib/gcc/arm-none-eabi/10.3.1/../../../../arm-none-eabi/lib/thumb/v7e-m+fp/hard\libc_nano.a(lib_a-nano-reallocr.o)
                0x000000000800f004                _realloc_r
 .text._raise_r
                0x000000000800f062       0x50 c:/st/stm32cubeide_1.10.1/stm32cubeide/plugins/com.st.stm32cube.ide.mcu.externaltools.gnu-tools-for-stm32.10.3-2021.10.win32_1.0.0.202111181127/tools/bin/../lib/gcc/arm-none-eabi/10.3.1/../../../../arm-none-eabi/lib/thumb/v7e-m+fp/hard\libc_nano.a(lib_a-signal.o)
                0x000000000800f062                _raise_r
 *fill*         0x000000000800f0b2        0x2 
 .text.raise    0x000000000800f0b4       0x10 c:/st/stm32cubeide_1.10.1/stm32cubeide/plugins/com.st.stm32cube.ide.mcu.externaltools.gnu-tools-for-stm32.10.3-2021.10.win32_1.0.0.202111181127/tools/bin/../lib/gcc/arm-none-eabi/10.3.1/../../../../arm-none-eabi/lib/thumb/v7e-m+fp/hard\libc_nano.a(lib_a-signal.o)
                0x000000000800f0b4                raise
 .text._kill_r  0x000000000800f0c4       0x24 c:/st/stm32cubeide_1.10.1/stm32cubeide/plugins/com.st.stm32cube.ide.mcu.externaltools.gnu-tools-for-stm32.10.3-2021.10.win32_1.0.0.202111181127/tools/bin/../lib/gcc/arm-none-eabi/10.3.1/../../../../arm-none-eabi/lib/thumb/v7e-m+fp/hard\libc_nano.a(lib_a-signalr.o)
                0x000000000800f0c4                _kill_r
 .text._getpid_r
                0x000000000800f0e8        0x4 c:/st/stm32cubeide_1.10.1/stm32cubeide/plugins/com.st.stm32cube.ide.mcu.externaltools.gnu-tools-for-stm32.10.3-2021.10.win32_1.0.0.202111181127/tools/bin/../lib/gcc/arm-none-eabi/10.3.1/../../../../arm-none-eabi/lib/thumb/v7e-m+fp/hard\libc_nano.a(lib_a-signalr.o)
                0x000000000800f0e8                _getpid_r
 .text.__sread  0x000000000800f0ec       0x22 c:/st/stm32cubeide_1.10.1/stm32cubeide/plugins/com.st.stm32cube.ide.mcu.externaltools.gnu-tools-for-stm32.10.3-2021.10.win32_1.0.0.202111181127/tools/bin/../lib/gcc/arm-none-eabi/10.3.1/../../../../arm-none-eabi/lib/thumb/v7e-m+fp/hard\libc_nano.a(lib_a-stdio.o)
                0x000000000800f0ec                __sread
 .text.__swrite
                0x000000000800f10e       0x38 c:/st/stm32cubeide_1.10.1/stm32cubeide/plugins/com.st.stm32cube.ide.mcu.externaltools.gnu-tools-for-stm32.10.3-2021.10.win32_1.0.0.202111181127/tools/bin/../lib/gcc/arm-none-eabi/10.3.1/../../../../arm-none-eabi/lib/thumb/v7e-m+fp/hard\libc_nano.a(lib_a-stdio.o)
                0x000000000800f10e                __swrite
 .text.__sseek  0x000000000800f146       0x24 c:/st/stm32cubeide_1.10.1/stm32cubeide/plugins/com.st.stm32cube.ide.mcu.externaltools.gnu-tools-for-stm32.10.3-2021.10.win32_1.0.0.202111181127/tools/bin/../lib/gcc/arm-none-eabi/10.3.1/../../../../arm-none-eabi/lib/thumb/v7e-m+fp/hard\libc_nano.a(lib_a-stdio.o)
                0x000000000800f146                __sseek
 .text.__sclose
                0x000000000800f16a        0x8 c:/st/stm32cubeide_1.10.1/stm32cubeide/plugins/com.st.stm32cube.ide.mcu.externaltools.gnu-tools-for-stm32.10.3-2021.10.win32_1.0.0.202111181127/tools/bin/../lib/gcc/arm-none-eabi/10.3.1/../../../../arm-none-eabi/lib/thumb/v7e-m+fp/hard\libc_nano.a(lib_a-stdio.o)
                0x000000000800f16a                __sclose
 *fill*         0x000000000800f172        0x2 
 .text._write_r
                0x000000000800f174       0x24 c:/st/stm32cubeide_1.10.1/stm32cubeide/plugins/com.st.stm32cube.ide.mcu.externaltools.gnu-tools-for-stm32.10.3-2021.10.win32_1.0.0.202111181127/tools/bin/../lib/gcc/arm-none-eabi/10.3.1/../../../../arm-none-eabi/lib/thumb/v7e-m+fp/hard\libc_nano.a(lib_a-writer.o)
                0x000000000800f174                _write_r
 .text._close_r
                0x000000000800f198       0x20 c:/st/stm32cubeide_1.10.1/stm32cubeide/plugins/com.st.stm32cube.ide.mcu.externaltools.gnu-tools-for-stm32.10.3-2021.10.win32_1.0.0.202111181127/tools/bin/../lib/gcc/arm-none-eabi/10.3.1/../../../../arm-none-eabi/lib/thumb/v7e-m+fp/hard\libc_nano.a(lib_a-closer.o)
                0x000000000800f198                _close_r
 .text._fstat_r
                0x000000000800f1b8       0x24 c:/st/stm32cubeide_1.10.1/stm32cubeide/plugins/com.st.stm32cube.ide.mcu.externaltools.gnu-tools-for-stm32.10.3-2021.10.win32_1.0.0.202111181127/tools/bin/../lib/gcc/arm-none-eabi/10.3.1/../../../../arm-none-eabi/lib/thumb/v7e-m+fp/hard\libc_nano.a(lib_a-fstatr.o)
                0x000000000800f1b8                _fstat_r
 .text._isatty_r
                0x000000000800f1dc       0x20 c:/st/stm32cubeide_1.10.1/stm32cubeide/plugins/com.st.stm32cube.ide.mcu.externaltools.gnu-tools-for-stm32.10.3-2021.10.win32_1.0.0.202111181127/tools/bin/../lib/gcc/arm-none-eabi/10.3.1/../../../../arm-none-eabi/lib/thumb/v7e-m+fp/hard\libc_nano.a(lib_a-isattyr.o)
                0x000000000800f1dc                _isatty_r
 .text._lseek_r
                0x000000000800f1fc       0x24 c:/st/stm32cubeide_1.10.1/stm32cubeide/plugins/com.st.stm32cube.ide.mcu.externaltools.gnu-tools-for-stm32.10.3-2021.10.win32_1.0.0.202111181127/tools/bin/../lib/gcc/arm-none-eabi/10.3.1/../../../../arm-none-eabi/lib/thumb/v7e-m+fp/hard\libc_nano.a(lib_a-lseekr.o)
                0x000000000800f1fc                _lseek_r
 .text._malloc_usable_size_r
                0x000000000800f220       0x10 c:/st/stm32cubeide_1.10.1/stm32cubeide/plugins/com.st.stm32cube.ide.mcu.externaltools.gnu-tools-for-stm32.10.3-2021.10.win32_1.0.0.202111181127/tools/bin/../lib/gcc/arm-none-eabi/10.3.1/../../../../arm-none-eabi/lib/thumb/v7e-m+fp/hard\libc_nano.a(lib_a-nano-msizer.o)
                0x000000000800f220                _malloc_usable_size_r
 .text._read_r  0x000000000800f230       0x24 c:/st/stm32cubeide_1.10.1/stm32cubeide/plugins/com.st.stm32cube.ide.mcu.externaltools.gnu-tools-for-stm32.10.3-2021.10.win32_1.0.0.202111181127/tools/bin/../lib/gcc/arm-none-eabi/10.3.1/../../../../arm-none-eabi/lib/thumb/v7e-m+fp/hard\libc_nano.a(lib_a-readr.o)
                0x000000000800f230                _read_r
 *(.glue_7)
 .glue_7        0x000000000800f254        0x0 linker stubs
 *(.glue_7t)
 .glue_7t       0x000000000800f254        0x0 linker stubs
 *(.eh_frame)
 .eh_frame      0x000000000800f254        0x0 c:/st/stm32cubeide_1.10.1/stm32cubeide/plugins/com.st.stm32cube.ide.mcu.externaltools.gnu-tools-for-stm32.10.3-2021.10.win32_1.0.0.202111181127/tools/bin/../lib/gcc/arm-none-eabi/10.3.1/thumb/v7e-m+fp/hard/crtbegin.o
 *(.init)
 .init          0x000000000800f254        0x4 c:/st/stm32cubeide_1.10.1/stm32cubeide/plugins/com.st.stm32cube.ide.mcu.externaltools.gnu-tools-for-stm32.10.3-2021.10.win32_1.0.0.202111181127/tools/bin/../lib/gcc/arm-none-eabi/10.3.1/thumb/v7e-m+fp/hard/crti.o
                0x000000000800f254                _init
 .init          0x000000000800f258        0x8 c:/st/stm32cubeide_1.10.1/stm32cubeide/plugins/com.st.stm32cube.ide.mcu.externaltools.gnu-tools-for-stm32.10.3-2021.10.win32_1.0.0.202111181127/tools/bin/../lib/gcc/arm-none-eabi/10.3.1/thumb/v7e-m+fp/hard/crtn.o
 *(.fini)
 .fini          0x000000000800f260        0x4 c:/st/stm32cubeide_1.10.1/stm32cubeide/plugins/com.st.stm32cube.ide.mcu.externaltools.gnu-tools-for-stm32.10.3-2021.10.win32_1.0.0.202111181127/tools/bin/../lib/gcc/arm-none-eabi/10.3.1/thumb/v7e-m+fp/hard/crti.o
                0x000000000800f260                _fini
 .fini          0x000000000800f264        0x8 c:/st/stm32cubeide_1.10.1/stm32cubeide/plugins/com.st.stm32cube.ide.mcu.externaltools.gnu-tools-for-stm32.10.3-2021.10.win32_1.0.0.202111181127/tools/bin/../lib/gcc/arm-none-eabi/10.3.1/thumb/v7e-m+fp/hard/crtn.o
                0x000000000800f26c                . = ALIGN (0x4)
                0x000000000800f26c                _etext = .

.vfp11_veneer   0x000000000800f26c        0x0
 .vfp11_veneer  0x000000000800f26c        0x0 linker stubs

.v4_bx          0x000000000800f26c        0x0
 .v4_bx         0x000000000800f26c        0x0 linker stubs

.iplt           0x000000000800f26c        0x0
 .iplt          0x000000000800f26c        0x0 c:/st/stm32cubeide_1.10.1/stm32cubeide/plugins/com.st.stm32cube.ide.mcu.externaltools.gnu-tools-for-stm32.10.3-2021.10.win32_1.0.0.202111181127/tools/bin/../lib/gcc/arm-none-eabi/10.3.1/thumb/v7e-m+fp/hard/crtbegin.o

.rodata         0x000000000800f26c      0x770
                0x000000000800f26c                . = ALIGN (0x4)
 *(.rodata)
 .rodata        0x000000000800f26c       0xf6 ./Core/Src/W5500_C/httpClient.o
 *fill*         0x000000000800f362        0x2 
 .rodata        0x000000000800f364      0x1be ./Core/Src/W5500_C/w5500_spi.o
 *fill*         0x000000000800f522        0x2 
 .rodata        0x000000000800f524       0x49 ./Core/srccpp/DisplayCPP/DisplayRoutine.o
 *fill*         0x000000000800f56d        0x3 
 .rodata        0x000000000800f570        0xf ./Core/srccpp/DisplayCPP/GLCD.o
 *fill*         0x000000000800f57f        0x1 
 .rodata        0x000000000800f580      0x200 ./Core/srccpp/Modbus/Modbusrtu.o
 *(.rodata*)
 .rodata.AHBPrescTable
                0x000000000800f780       0x10 ./Core/Src/system_stm32l4xx.o
                0x000000000800f780                AHBPrescTable
 .rodata.APBPrescTable
                0x000000000800f790        0x8 ./Core/Src/system_stm32l4xx.o
                0x000000000800f790                APBPrescTable
 .rodata.MSIRangeTable
                0x000000000800f798       0x30 ./Core/Src/system_stm32l4xx.o
                0x000000000800f798                MSIRangeTable
 .rodata._ZTV10Powermeter
                0x000000000800f7c8       0x10 ./Core/srccpp/BussinessLogic/ApplicationSW.o
                0x000000000800f7c8                vtable for Powermeter
 .rodata._ZTV6common
                0x000000000800f7d8       0x10 ./Core/srccpp/Common/common.o
                0x000000000800f7d8                vtable for common
 .rodata._ZTV14DisplayRoutine
                0x000000000800f7e8       0x10 ./Core/srccpp/DisplayCPP/DisplayRoutine.o
                0x000000000800f7e8                vtable for DisplayRoutine
 .rodata._ZTV4GLCD
                0x000000000800f7f8       0x10 ./Core/srccpp/DisplayCPP/GLCD.o
                0x000000000800f7f8                vtable for GLCD
 .rodata._ZTV10W5500Class
                0x000000000800f808       0x10 ./Core/srccpp/Ethernet/W5500.o
                0x000000000800f808                vtable for W5500Class
 .rodata._ZTV9Modbusrtu
                0x000000000800f818       0x10 ./Core/srccpp/Modbus/Modbusrtu.o
                0x000000000800f818                vtable for Modbusrtu
 .rodata._ZTV14OfflineStorage
                0x000000000800f828       0x10 ./Core/srccpp/OfflineStorage/OfflineStorage.o
                0x000000000800f828                vtable for OfflineStorage
 .rodata._global_impure_ptr
                0x000000000800f838        0x4 c:/st/stm32cubeide_1.10.1/stm32cubeide/plugins/com.st.stm32cube.ide.mcu.externaltools.gnu-tools-for-stm32.10.3-2021.10.win32_1.0.0.202111181127/tools/bin/../lib/gcc/arm-none-eabi/10.3.1/../../../../arm-none-eabi/lib/thumb/v7e-m+fp/hard\libc_nano.a(lib_a-impure.o)
                0x000000000800f838                _global_impure_ptr
 .rodata.srand.str1.1
                0x000000000800f83c       0x72 c:/st/stm32cubeide_1.10.1/stm32cubeide/plugins/com.st.stm32cube.ide.mcu.externaltools.gnu-tools-for-stm32.10.3-2021.10.win32_1.0.0.202111181127/tools/bin/../lib/gcc/arm-none-eabi/10.3.1/../../../../arm-none-eabi/lib/thumb/v7e-m+fp/hard\libc_nano.a(lib_a-rand.o)
 .rodata.strtok.str1.1
                0x000000000800f8ae       0x5d c:/st/stm32cubeide_1.10.1/stm32cubeide/plugins/com.st.stm32cube.ide.mcu.externaltools.gnu-tools-for-stm32.10.3-2021.10.win32_1.0.0.202111181127/tools/bin/../lib/gcc/arm-none-eabi/10.3.1/../../../../arm-none-eabi/lib/thumb/v7e-m+fp/hard\libc_nano.a(lib_a-strtok.o)
                                         0x74 (size before relaxing)
 .rodata.__assert_func.str1.1
                0x000000000800f90b       0x3c c:/st/stm32cubeide_1.10.1/stm32cubeide/plugins/com.st.stm32cube.ide.mcu.externaltools.gnu-tools-for-stm32.10.3-2021.10.win32_1.0.0.202111181127/tools/bin/../lib/gcc/arm-none-eabi/10.3.1/../../../../arm-none-eabi/lib/thumb/v7e-m+fp/hard\libc_nano.a(lib_a-assert.o)
                                         0x3d (size before relaxing)
 .rodata._svfprintf_r.str1.1
                0x000000000800f947       0x11 c:/st/stm32cubeide_1.10.1/stm32cubeide/plugins/com.st.stm32cube.ide.mcu.externaltools.gnu-tools-for-stm32.10.3-2021.10.win32_1.0.0.202111181127/tools/bin/../lib/gcc/arm-none-eabi/10.3.1/../../../../arm-none-eabi/lib/thumb/v7e-m+fp/hard\libc_nano.a(lib_a-nano-svfprintf.o)
 .rodata._vfprintf_r.str1.1
                0x000000000800f958       0x11 c:/st/stm32cubeide_1.10.1/stm32cubeide/plugins/com.st.stm32cube.ide.mcu.externaltools.gnu-tools-for-stm32.10.3-2021.10.win32_1.0.0.202111181127/tools/bin/../lib/gcc/arm-none-eabi/10.3.1/../../../../arm-none-eabi/lib/thumb/v7e-m+fp/hard\libc_nano.a(lib_a-nano-vfprintf.o)
 .rodata._printf_i.str1.1
                0x000000000800f958       0x22 c:/st/stm32cubeide_1.10.1/stm32cubeide/plugins/com.st.stm32cube.ide.mcu.externaltools.gnu-tools-for-stm32.10.3-2021.10.win32_1.0.0.202111181127/tools/bin/../lib/gcc/arm-none-eabi/10.3.1/../../../../arm-none-eabi/lib/thumb/v7e-m+fp/hard\libc_nano.a(lib_a-nano-vfprintf_i.o)
 *fill*         0x000000000800f97a        0x2 
 .rodata.__sf_fake_stderr
                0x000000000800f97c       0x20 c:/st/stm32cubeide_1.10.1/stm32cubeide/plugins/com.st.stm32cube.ide.mcu.externaltools.gnu-tools-for-stm32.10.3-2021.10.win32_1.0.0.202111181127/tools/bin/../lib/gcc/arm-none-eabi/10.3.1/../../../../arm-none-eabi/lib/thumb/v7e-m+fp/hard\libc_nano.a(lib_a-findfp.o)
                0x000000000800f97c                __sf_fake_stderr
 .rodata.__sf_fake_stdin
                0x000000000800f99c       0x20 c:/st/stm32cubeide_1.10.1/stm32cubeide/plugins/com.st.stm32cube.ide.mcu.externaltools.gnu-tools-for-stm32.10.3-2021.10.win32_1.0.0.202111181127/tools/bin/../lib/gcc/arm-none-eabi/10.3.1/../../../../arm-none-eabi/lib/thumb/v7e-m+fp/hard\libc_nano.a(lib_a-findfp.o)
                0x000000000800f99c                __sf_fake_stdin
 .rodata.__sf_fake_stdout
                0x000000000800f9bc       0x20 c:/st/stm32cubeide_1.10.1/stm32cubeide/plugins/com.st.stm32cube.ide.mcu.externaltools.gnu-tools-for-stm32.10.3-2021.10.win32_1.0.0.202111181127/tools/bin/../lib/gcc/arm-none-eabi/10.3.1/../../../../arm-none-eabi/lib/thumb/v7e-m+fp/hard\libc_nano.a(lib_a-findfp.o)
                0x000000000800f9bc                __sf_fake_stdout
                0x000000000800f9dc                . = ALIGN (0x4)

.ARM.extab      0x000000000800f9dc        0x0
                0x000000000800f9dc                . = ALIGN (0x4)
 *(.ARM.extab* .gnu.linkonce.armextab.*)
                0x000000000800f9dc                . = ALIGN (0x4)

.ARM            0x000000000800f9dc        0x8
                0x000000000800f9dc                . = ALIGN (0x4)
                0x000000000800f9dc                __exidx_start = .
 *(.ARM.exidx*)
 .ARM.exidx     0x000000000800f9dc        0x8 c:/st/stm32cubeide_1.10.1/stm32cubeide/plugins/com.st.stm32cube.ide.mcu.externaltools.gnu-tools-for-stm32.10.3-2021.10.win32_1.0.0.202111181127/tools/bin/../lib/gcc/arm-none-eabi/10.3.1/thumb/v7e-m+fp/hard\libgcc.a(_udivmoddi4.o)
                0x000000000800f9e4                __exidx_end = .
                0x000000000800f9e4                . = ALIGN (0x4)

.rel.dyn        0x000000000800f9e4        0x0
 .rel.iplt      0x000000000800f9e4        0x0 c:/st/stm32cubeide_1.10.1/stm32cubeide/plugins/com.st.stm32cube.ide.mcu.externaltools.gnu-tools-for-stm32.10.3-2021.10.win32_1.0.0.202111181127/tools/bin/../lib/gcc/arm-none-eabi/10.3.1/thumb/v7e-m+fp/hard/crtbegin.o

.preinit_array  0x000000000800f9e4        0x0
                0x000000000800f9e4                . = ALIGN (0x4)
                0x000000000800f9e4                PROVIDE (__preinit_array_start = .)
 *(.preinit_array*)
                0x000000000800f9e4                PROVIDE (__preinit_array_end = .)
                0x000000000800f9e4                . = ALIGN (0x4)

.init_array     0x000000000800f9e4        0x8
                0x000000000800f9e4                . = ALIGN (0x4)
                0x000000000800f9e4                PROVIDE (__init_array_start = .)
 *(SORT_BY_NAME(.init_array.*))
 *(.init_array*)
 .init_array    0x000000000800f9e4        0x4 c:/st/stm32cubeide_1.10.1/stm32cubeide/plugins/com.st.stm32cube.ide.mcu.externaltools.gnu-tools-for-stm32.10.3-2021.10.win32_1.0.0.202111181127/tools/bin/../lib/gcc/arm-none-eabi/10.3.1/thumb/v7e-m+fp/hard/crtbegin.o
 .init_array    0x000000000800f9e8        0x4 ./Core/srccpp/Ethernet/W5500.o
                0x000000000800f9ec                PROVIDE (__init_array_end = .)
                0x000000000800f9ec                . = ALIGN (0x4)

.fini_array     0x000000000800f9ec        0x8
                0x000000000800f9ec                . = ALIGN (0x4)
                [!provide]                        PROVIDE (__fini_array_start = .)
 *(SORT_BY_NAME(.fini_array.*))
 *(.fini_array*)
 .fini_array    0x000000000800f9ec        0x4 c:/st/stm32cubeide_1.10.1/stm32cubeide/plugins/com.st.stm32cube.ide.mcu.externaltools.gnu-tools-for-stm32.10.3-2021.10.win32_1.0.0.202111181127/tools/bin/../lib/gcc/arm-none-eabi/10.3.1/thumb/v7e-m+fp/hard/crtbegin.o
 .fini_array    0x000000000800f9f0        0x4 ./Core/srccpp/Ethernet/W5500.o
                [!provide]                        PROVIDE (__fini_array_end = .)
                0x000000000800f9f4                . = ALIGN (0x4)
                0x000000000800f9f4                _sidata = LOADADDR (.data)

.data           0x0000000020000000       0xf4 load address 0x000000000800f9f4
                0x0000000020000000                . = ALIGN (0x4)
                0x0000000020000000                _sdata = .
 *(.data)
 *(.data*)
 .data.SystemCoreClock
                0x0000000020000000        0x4 ./Core/Src/system_stm32l4xx.o
                0x0000000020000000                SystemCoreClock
 .data.request  0x0000000020000004       0x18 ./Core/Src/W5500_C/httpClient.o
                0x0000000020000004                request
 .data.dest_ip  0x000000002000001c        0x4 ./Core/Src/W5500_C/httpClient.o
 .data.dest_port
                0x0000000020000020        0x2 ./Core/Src/W5500_C/httpClient.o
 .data.sock_any_port
                0x0000000020000022        0x2 ./Core/Src/W5500_C/socket.o
 .data.gWIZNETINFO
                0x0000000020000024       0x17 ./Core/Src/W5500_C/w5500_spi.o
                0x0000000020000024                gWIZNETINFO
 *fill*         0x000000002000003b        0x1 
 .data.Domain_name
                0x000000002000003c       0x1c ./Core/Src/W5500_C/w5500_spi.o
                0x000000002000003c                Domain_name
 .data.WIZCHIP  0x0000000020000058       0x2c ./Core/Src/W5500_C/wizchip_conf.o
                0x0000000020000058                WIZCHIP
 .data.CurrentMeter
                0x0000000020000084        0x1 ./Core/srccpp/Modbus/Modbusrtu.o
                0x0000000020000084                CurrentMeter
 .data.CurrentFrame
                0x0000000020000085        0x1 ./Core/srccpp/Modbus/Modbusrtu.o
                0x0000000020000085                CurrentFrame
 *fill*         0x0000000020000086        0x2 
 .data.uwTickPrio
                0x0000000020000088        0x4 ./Drivers/STM32L4xx_HAL_Driver/Src/stm32l4xx_hal.o
                0x0000000020000088                uwTickPrio
 .data.uwTickFreq
                0x000000002000008c        0x1 ./Drivers/STM32L4xx_HAL_Driver/Src/stm32l4xx_hal.o
                0x000000002000008c                uwTickFreq
 *fill*         0x000000002000008d        0x3 
 .data._impure_ptr
                0x0000000020000090        0x4 c:/st/stm32cubeide_1.10.1/stm32cubeide/plugins/com.st.stm32cube.ide.mcu.externaltools.gnu-tools-for-stm32.10.3-2021.10.win32_1.0.0.202111181127/tools/bin/../lib/gcc/arm-none-eabi/10.3.1/../../../../arm-none-eabi/lib/thumb/v7e-m+fp/hard\libc_nano.a(lib_a-impure.o)
                0x0000000020000090                _impure_ptr
 .data.impure_data
                0x0000000020000094       0x60 c:/st/stm32cubeide_1.10.1/stm32cubeide/plugins/com.st.stm32cube.ide.mcu.externaltools.gnu-tools-for-stm32.10.3-2021.10.win32_1.0.0.202111181127/tools/bin/../lib/gcc/arm-none-eabi/10.3.1/../../../../arm-none-eabi/lib/thumb/v7e-m+fp/hard\libc_nano.a(lib_a-impure.o)
 *(.RamFunc)
 *(.RamFunc*)
                0x00000000200000f4                . = ALIGN (0x4)
                0x00000000200000f4                _edata = .

.igot.plt       0x00000000200000f4        0x0 load address 0x000000000800fae8
 .igot.plt      0x00000000200000f4        0x0 c:/st/stm32cubeide_1.10.1/stm32cubeide/plugins/com.st.stm32cube.ide.mcu.externaltools.gnu-tools-for-stm32.10.3-2021.10.win32_1.0.0.202111181127/tools/bin/../lib/gcc/arm-none-eabi/10.3.1/thumb/v7e-m+fp/hard/crtbegin.o
                0x00000000200000f4                . = ALIGN (0x4)

.bss            0x00000000200000f4     0x542c load address 0x000000000800fae8
                0x00000000200000f4                _sbss = .
                0x00000000200000f4                __bss_start__ = _sbss
 *(.bss)
 .bss           0x00000000200000f4       0x1c c:/st/stm32cubeide_1.10.1/stm32cubeide/plugins/com.st.stm32cube.ide.mcu.externaltools.gnu-tools-for-stm32.10.3-2021.10.win32_1.0.0.202111181127/tools/bin/../lib/gcc/arm-none-eabi/10.3.1/thumb/v7e-m+fp/hard/crtbegin.o
 *(.bss*)
 .bss.Rx_Dwin_Data_Buff
                0x0000000020000110       0x32 ./Core/Src/Dwin/dwin_receive_decode.o
                0x0000000020000110                Rx_Dwin_Data_Buff
 .bss.Rx_Dwin_Point
                0x0000000020000142        0x1 ./Core/Src/Dwin/dwin_receive_decode.o
                0x0000000020000142                Rx_Dwin_Point
 .bss.No_Of_Dwin_Bytes