../Core/Src/W5500_C/httpClient.c:64:9:httpc_init	32	static
../Core/Src/W5500_C/httpClient.c:93:9:httpc_connection_handler	16	static
../Core/Src/W5500_C/httpClient.c:167:9:httpc_connect	16	static
../Core/Src/W5500_C/httpClient.c:184:10:httpc_add_customHeader_field	48	static
../Core/Src/W5500_C/httpClient.c:203:10:httpc_send_header	32	static
../Core/Src/W5500_C/httpClient.c:259:10:httpc_send_body	24	static
../Core/Src/W5500_C/httpClient.c:292:10:httpc_send	32	static
../Core/Src/W5500_C/httpClient.c:359:10:httpc_recv	24	static
../Core/Src/W5500_C/httpClient.c:378:9:httpc_disconnect	16	static
../Core/Src/W5500_C/httpClient.c:402:10:get_httpc_any_port	8	static
../Core/Src/W5500_C/httpClient.c:422:6:receivehttpcheck	32	static
