../Core/Src/W5500_C/w5500_spi.c:89:6:wizchip_select	8	static
../Core/Src/W5500_C/w5500_spi.c:94:6:wizchip_deselect	8	static
../Core/Src/W5500_C/w5500_spi.c:99:6:W5500_ReadBuff	16	static
../Core/Src/W5500_C/w5500_spi.c:104:6:W5500_WriteBuff	16	static
../Core/Src/W5500_C/w5500_spi.c:109:9:W5500_Spi	32	static
../Core/Src/W5500_C/w5500_spi.c:141:6:Callback_IPAssigned	4	static
../Core/Src/W5500_C/w5500_spi.c:145:6:Callback_IPConflict	4	static
../Core/Src/W5500_C/w5500_spi.c:198:6:wiz5500Init	40	static
../Core/Src/W5500_C/w5500_spi.c:255:6:processDHCP	16	static
../Core/Src/W5500_C/w5500_spi.c:283:6:initializeHttp	16	static
../Core/Src/W5500_C/w5500_spi.c:293:6:ethernetHTTPRoutine	144	static
