../Core/srccpp/Modbus/Modbusrtu.cpp:27:1:Modbusrtu::~Modbusrtu()	0	static
../Core/srccpp/Modbus/Modbusrtu.cpp:27:1:virtual Modbusrtu::~Modbusrtu()	8	static
../Core/srccpp/Modbus/Modbusrtu.cpp:22:1:Modbusrtu::Modbusrtu()	16	static
../Core/srccpp/Modbus/Modbusrtu.cpp:31:9:uint8_t Modbusrtu::getReadInputReg() const	0	static
../Core/srccpp/Modbus/Modbusrtu.cpp:36:10:uint16_t Modbusrtu::getStartAddress() const	0	static
../Core/srccpp/Modbus/Modbusrtu.cpp:41:10:uint16_t Modbusrtu::getNoOfData() const	0	static
../Core/srccpp/Modbus/Modbusrtu.cpp:133:6:void HAL_UART_TxCpltCallback(UART_HandleTypeDef*)	0	static
../Core/srccpp/Modbus/Modbusrtu.cpp:138:10:uint16_t Modbusrtu::ASCChecksum(uint8_t*, uint8_t)	12	static
../Core/srccpp/Modbus/Modbusrtu.cpp:46:6:void Modbusrtu::ModbusReadTransaction()	16	static
