../Core/srccpp/Modbus/Modbusrtu.cpp:37:1:Modbusrtu::~Modbusrtu()	0	static
../Core/srccpp/Modbus/Modbusrtu.cpp:37:1:virtual Modbusrtu::~Modbusrtu()	8	static
../Core/srccpp/Modbus/Modbusrtu.cpp:32:1:Modbusrtu::Modbusrtu()	16	static
../Core/srccpp/Modbus/Modbusrtu.cpp:41:9:uint8_t Modbusrtu::getReadInputReg() const	0	static
../Core/srccpp/Modbus/Modbusrtu.cpp:46:10:uint16_t Modbusrtu::getStartAddress() const	0	static
../Core/srccpp/Modbus/Modbusrtu.cpp:51:10:uint16_t Modbusrtu::getNoOfData() const	0	static
../Core/srccpp/Modbus/Modbusrtu.cpp:104:10:uint16_t Modbusrtu::ASCChecksum(uint8_t*, uint8_t)	12	static
../Core/srccpp/Modbus/Modbusrtu.cpp:56:6:void Modbusrtu::ModbusReadTransaction()	24	static
