../Core/srccpp/OfflineStorage/OfflineStorage.cpp:37:1:OfflineStorage::OfflineStorage()	16	static
../Core/srccpp/OfflineStorage/OfflineStorage.cpp:42:1:OfflineStorage::~OfflineStorage()	16	static
../Core/srccpp/OfflineStorage/OfflineStorage.cpp:42:1:virtual OfflineStorage::~OfflineStorage()	16	static
../Core/srccpp/OfflineStorage/OfflineStorage.cpp:46:6:void OfflineStorage::run()	16	static
../Core/srccpp/OfflineStorage/OfflineStorage.cpp:52:6:void OfflineStorage::m_writesetdata()	16	static
../Core/srccpp/OfflineStorage/OfflineStorage.cpp:80:6:void OfflineStorage::m_writecalculationdata()	16	static
../Core/srccpp/OfflineStorage/OfflineStorage.cpp:94:6:void OfflineStorage::m_readcalculationdata()	16	static
../Core/srccpp/OfflineStorage/OfflineStorage.cpp:104:6:void OfflineStorage::m_readsetdata()	16	static
../Core/srccpp/OfflineStorage/OfflineStorage.cpp:121:6:void OfflineStorage::ReadOfflinedataInit()	16	static
../Core/srccpp/OfflineStorage/OfflineStorage.cpp:127:6:void OfflineStorage::ECUProductionInit()	16	static
