../Core/srccpp/WifiEsp8266/ESP8266.cpp:49:1:ESP8266::~ESP8266()	0	static
../Core/srccpp/WifiEsp8266/ESP8266.cpp:49:1:virtual ESP8266::~ESP8266()	8	static
../Core/srccpp/WifiEsp8266/ESP8266.cpp:44:1:ESP8266::ESP8266()	24	static
../Core/srccpp/WifiEsp8266/ESP8266.cpp:61:6:void ESP8266::Send_WifiCmd()	32	static
../Core/srccpp/WifiEsp8266/ESP8266.cpp:290:6:void ESP8266::RefreshWifiData()	24	static
../Core/srccpp/WifiEsp8266/ESP8266.cpp:54:6:void ESP8266::run()	8	static
../Core/srccpp/WifiEsp8266/ESP8266.cpp:352:6:void ESP8266::Init()	64	static
