../Core/Src/main.c:103:5:main	8	static
../Core/Src/main.c:185:6:SystemClock_Config	96	static
../Core/Src/main.c:236:13:MX_I2C1_Init	8	static
../Core/Src/main.c:284:13:MX_LPUART1_UART_Init	8	static
../Core/Src/main.c:318:13:MX_USART1_UART_Init	8	static
../Core/Src/main.c:353:13:MX_USART2_UART_Init	8	static
../Core/Src/main.c:388:13:MX_SPI1_Init	8	static
../Core/Src/main.c:428:13:MX_SPI2_Init	8	static
../Core/Src/main.c:468:13:MX_TIM1_Init	40	static
../Core/Src/main.c:515:13:MX_TIM6_Init	24	static
../Core/Src/main.c:553:13:MX_TIM7_Init	24	static
../Core/Src/main.c:591:13:MX_GPIO_Init	48	static
../Core/Src/main.c:700:6:Error_Handler	4	static,ignoring_inline_asm
