../Core/srccpp/DisplayCPP/GLCD.cpp:17:1:GLCD::~GLCD()	8	static
../Core/srccpp/DisplayCPP/GLCD.cpp:17:1:virtual GLCD::~GLCD()	8	static
../Core/srccpp/DisplayCPP/GLCD.cpp:12:1:GLCD::GLCD()	40	static
../Core/srccpp/DisplayCPP/GLCD.cpp:21:6:void GLCD::m_ctrloff()	8	static
../Core/srccpp/DisplayCPP/GLCD.cpp:29:6:void GLCD::m_delay(unsigned int)	0	static
../Core/srccpp/DisplayCPP/GLCD.cpp:34:6:void GLCD::m_delay(unsigned int, uint8_t)	0	static
../Core/srccpp/DisplayCPP/GLCD.cpp:42:6:void GLCD::m_IOWritethedata(uint8_t)	8	static
../Core/srccpp/DisplayCPP/GLCD.cpp:54:6:void GLCD::m_displayon()	8	static
../Core/srccpp/DisplayCPP/GLCD.cpp:67:6:void GLCD::m_displayoff()	8	static
../Core/srccpp/DisplayCPP/GLCD.cpp:81:6:void GLCD::m_setcolumn(uint8_t)	16	static
../Core/srccpp/DisplayCPP/GLCD.cpp:115:6:void GLCD::m_setpage(uint8_t)	16	static
../Core/srccpp/DisplayCPP/GLCD.cpp:131:6:void GLCD::m_setstartline(uint8_t)	16	static
../Core/srccpp/DisplayCPP/GLCD.cpp:147:6:void GLCD::m_lcddata(uint8_t*, uint16_t)	24	static
../Core/srccpp/DisplayCPP/GLCD.cpp:187:6:void GLCD::m_lcdputs1(uint8_t, uint8_t, unsigned char*)	16	static
../Core/srccpp/DisplayCPP/GLCD.cpp:201:6:void GLCD::m_lcdputs2(uint8_t, uint8_t, uint8_t*)	16	static
../Core/srccpp/DisplayCPP/GLCD.cpp:215:6:void GLCD::m_clrlcd()	24	static
