Archive member included to satisfy reference by file (symbol)

c:/st/stm32cubeide_1.11.0/stm32cubeide/plugins/com.st.stm32cube.ide.mcu.externaltools.gnu-tools-for-stm32.10.3-2021.10.win32_1.0.100.202210260954/tools/bin/../lib/gcc/arm-none-eabi/10.3.1/../../../../arm-none-eabi/lib/thumb/v7e-m+fp/hard\libstdc++_nano.a(del_ops.o)
                              ./Core/srccpp/BussinessLogic/ApplicationSW.o (operator delete(void*, unsigned int))
c:/st/stm32cubeide_1.11.0/stm32cubeide/plugins/com.st.stm32cube.ide.mcu.externaltools.gnu-tools-for-stm32.10.3-2021.10.win32_1.0.100.202210260954/tools/bin/../lib/gcc/arm-none-eabi/10.3.1/../../../../arm-none-eabi/lib/thumb/v7e-m+fp/hard\libstdc++_nano.a(del_op.o)
                              c:/st/stm32cubeide_1.11.0/stm32cubeide/plugins/com.st.stm32cube.ide.mcu.externaltools.gnu-tools-for-stm32.10.3-2021.10.win32_1.0.100.202210260954/tools/bin/../lib/gcc/arm-none-eabi/10.3.1/../../../../arm-none-eabi/lib/thumb/v7e-m+fp/hard\libstdc++_nano.a(del_ops.o) (operator delete(void*))
c:/st/stm32cubeide_1.11.0/stm32cubeide/plugins/com.st.stm32cube.ide.mcu.externaltools.gnu-tools-for-stm32.10.3-2021.10.win32_1.0.100.202210260954/tools/bin/../lib/gcc/arm-none-eabi/10.3.1/../../../../arm-none-eabi/lib/thumb/v7e-m+fp/hard\libc_nano.a(lib_a-errno.o)
                              ./Core/Src/syscalls.o (__errno)
c:/st/stm32cubeide_1.11.0/stm32cubeide/plugins/com.st.stm32cube.ide.mcu.externaltools.gnu-tools-for-stm32.10.3-2021.10.win32_1.0.100.202210260954/tools/bin/../lib/gcc/arm-none-eabi/10.3.1/../../../../arm-none-eabi/lib/thumb/v7e-m+fp/hard\libc_nano.a(lib_a-exit.o)
                              c:/st/stm32cubeide_1.11.0/stm32cubeide/plugins/com.st.stm32cube.ide.mcu.externaltools.gnu-tools-for-stm32.10.3-2021.10.win32_1.0.100.202210260954/tools/bin/../lib/gcc/arm-none-eabi/10.3.1/../../../../arm-none-eabi/lib/thumb/v7e-m+fp/hard/crt0.o (exit)
c:/st/stm32cubeide_1.11.0/stm32cubeide/plugins/com.st.stm32cube.ide.mcu.externaltools.gnu-tools-for-stm32.10.3-2021.10.win32_1.0.100.202210260954/tools/bin/../lib/gcc/arm-none-eabi/10.3.1/../../../../arm-none-eabi/lib/thumb/v7e-m+fp/hard\libc_nano.a(lib_a-impure.o)
                              c:/st/stm32cubeide_1.11.0/stm32cubeide/plugins/com.st.stm32cube.ide.mcu.externaltools.gnu-tools-for-stm32.10.3-2021.10.win32_1.0.100.202210260954/tools/bin/../lib/gcc/arm-none-eabi/10.3.1/../../../../arm-none-eabi/lib/thumb/v7e-m+fp/hard\libc_nano.a(lib_a-exit.o) (_global_impure_ptr)
c:/st/stm32cubeide_1.11.0/stm32cubeide/plugins/com.st.stm32cube.ide.mcu.externaltools.gnu-tools-for-stm32.10.3-2021.10.win32_1.0.100.202210260954/tools/bin/../lib/gcc/arm-none-eabi/10.3.1/../../../../arm-none-eabi/lib/thumb/v7e-m+fp/hard\libc_nano.a(lib_a-init.o)
                              c:/st/stm32cubeide_1.11.0/stm32cubeide/plugins/com.st.stm32cube.ide.mcu.externaltools.gnu-tools-for-stm32.10.3-2021.10.win32_1.0.100.202210260954/tools/bin/../lib/gcc/arm-none-eabi/10.3.1/../../../../arm-none-eabi/lib/thumb/v7e-m+fp/hard/crt0.o (__libc_init_array)
c:/st/stm32cubeide_1.11.0/stm32cubeide/plugins/com.st.stm32cube.ide.mcu.externaltools.gnu-tools-for-stm32.10.3-2021.10.win32_1.0.100.202210260954/tools/bin/../lib/gcc/arm-none-eabi/10.3.1/../../../../arm-none-eabi/lib/thumb/v7e-m+fp/hard\libc_nano.a(lib_a-malloc.o)
                              c:/st/stm32cubeide_1.11.0/stm32cubeide/plugins/com.st.stm32cube.ide.mcu.externaltools.gnu-tools-for-stm32.10.3-2021.10.win32_1.0.100.202210260954/tools/bin/../lib/gcc/arm-none-eabi/10.3.1/../../../../arm-none-eabi/lib/thumb/v7e-m+fp/hard\libstdc++_nano.a(del_op.o) (free)
c:/st/stm32cubeide_1.11.0/stm32cubeide/plugins/com.st.stm32cube.ide.mcu.externaltools.gnu-tools-for-stm32.10.3-2021.10.win32_1.0.100.202210260954/tools/bin/../lib/gcc/arm-none-eabi/10.3.1/../../../../arm-none-eabi/lib/thumb/v7e-m+fp/hard\libc_nano.a(lib_a-memcpy-stub.o)
                              ./Core/srccpp/Modbus/Modbusrtu.o (memcpy)
c:/st/stm32cubeide_1.11.0/stm32cubeide/plugins/com.st.stm32cube.ide.mcu.externaltools.gnu-tools-for-stm32.10.3-2021.10.win32_1.0.100.202210260954/tools/bin/../lib/gcc/arm-none-eabi/10.3.1/../../../../arm-none-eabi/lib/thumb/v7e-m+fp/hard\libc_nano.a(lib_a-memset.o)
                              c:/st/stm32cubeide_1.11.0/stm32cubeide/plugins/com.st.stm32cube.ide.mcu.externaltools.gnu-tools-for-stm32.10.3-2021.10.win32_1.0.100.202210260954/tools/bin/../lib/gcc/arm-none-eabi/10.3.1/../../../../arm-none-eabi/lib/thumb/v7e-m+fp/hard/crt0.o (memset)
c:/st/stm32cubeide_1.11.0/stm32cubeide/plugins/com.st.stm32cube.ide.mcu.externaltools.gnu-tools-for-stm32.10.3-2021.10.win32_1.0.100.202210260954/tools/bin/../lib/gcc/arm-none-eabi/10.3.1/../../../../arm-none-eabi/lib/thumb/v7e-m+fp/hard\libc_nano.a(lib_a-nano-freer.o)
[...]
Memory Configuration

Name             Origin             Length             Attributes
RAM              0x0000000020000000 0x0000000000010000 xrw
RAM2             0x0000000010000000 0x0000000000004000 xrw
FLASH            0x0000000008000000 0x0000000000040000 xr
*default*        0x0000000000000000 0xffffffffffffffff

Linker script and memory map

LOAD c:/st/stm32cubeide_1.11.0/stm32cubeide/plugins/com.st.stm32cube.ide.mcu.externaltools.gnu-tools-for-stm32.10.3-2021.10.win32_1.0.100.202210260954/tools/bin/../lib/gcc/arm-none-eabi/10.3.1/thumb/v7e-m+fp/hard/crti.o
LOAD c:/st/stm32cubeide_1.11.0/stm32cubeide/plugins/com.st.stm32cube.ide.mcu.externaltools.gnu-tools-for-stm32.10.3-2021.10.win32_1.0.100.202210260954/tools/bin/../lib/gcc/arm-none-eabi/10.3.1/thumb/v7e-m+fp/hard/crtbegin.o
LOAD c:/st/stm32cubeide_1.11.0/stm32cubeide/plugins/com.st.stm32cube.ide.mcu.externaltools.gnu-tools-for-stm32.10.3-2021.10.win32_1.0.100.202210260954/tools/bin/../lib/gcc/arm-none-eabi/10.3.1/../../../../arm-none-eabi/lib/thumb/v7e-m+fp/hard/crt0.o
LOAD ./Core/Src/ESP8266/esp8266.o
LOAD ./Core/Src/ESP8266/esp8266_rx.o
LOAD ./Core/Src/GLCD_clib.o
LOAD ./Core/Src/TimerIntHandler.o
LOAD ./Core/Src/UARTTxRxHandle.o
LOAD ./Core/Src/main.o
LOAD ./Core/Src/stm32l4xx_hal_msp.o
LOAD ./Core/Src/stm32l4xx_it.o
LOAD ./Core/Src/syscalls.o
LOAD ./Core/Src/sysmem.o
LOAD ./Core/Src/system_stm32l4xx.o
LOAD ./Core/Src/Internet/DHCP/dhcp.o
LOAD ./Core/Src/Internet/DNS/dns.o
LOAD ./Core/Src/RTC/ds1307.o
LOAD ./Core/Src/W25Q64/w25qxx.o
LOAD ./Core/Src/W5500_C/W5500/w5500.o
LOAD ./Core/Src/W5500_C/httpClient.o
LOAD ./Core/Src/W5500_C/socket.o
LOAD ./Core/Src/W5500_C/w5500_spi.o
LOAD ./Core/Src/W5500_C/wizchip_conf.o
LOAD ./Core/Startup/startup_stm32l433rctx.o
LOAD ./Core/srccpp/BussinessLogic/ApplicationSW.o
LOAD ./Core/srccpp/Common/common.o
LOAD ./Core/srccpp/DisplayCPP/DisplayRoutine.o
LOAD ./Core/srccpp/DisplayCPP/GLCD.o
LOAD ./Core/srccpp/Ethernet/W5500.o
LOAD ./Core/srccpp/Modbus/Modbusrtu.o
LOAD ./Core/srccpp/OfflineStorage/OfflineStorage.o
LOAD ./Core/srccpp/Shift/SHIFT.o
LOAD ./Core/srccpp/WifiEsp8266/ESP8266.o
LOAD ./Core/srccpp/main.o
LOAD ./Drivers/STM32L4xx_HAL_Driver/Src/stm32l4xx_hal.o
LOAD ./Drivers/STM32L4xx_HAL_Driver/Src/stm32l4xx_hal_cortex.o
LOAD ./Drivers/STM32L4xx_HAL_Driver/Src/stm32l4xx_hal_dma.o
LOAD ./Drivers/STM32L4xx_HAL_Driver/Src/stm32l4xx_hal_dma_ex.o
LOAD ./Drivers/STM32L4xx_HAL_Driver/Src/stm32l4xx_hal_exti.o
LOAD ./Drivers/STM32L4xx_HAL_Driver/Src/stm32l4xx_hal_flash.o
LOAD ./Drivers/STM32L4xx_HAL_Driver/Src/stm32l4xx_hal_flash_ex.o
LOAD ./Drivers/STM32L4xx_HAL_Driver/Src/stm32l4xx_hal_flash_ramfunc.o
LOAD ./Drivers/STM32L4xx_HAL_Driver/Src/stm32l4xx_hal_gpio.o
LOAD ./Drivers/STM32L4xx_HAL_Driver/Src/stm32l4xx_hal_i2c.o
LOAD ./Drivers/STM32L4xx_HAL_Driver/Src/stm32l4xx_hal_i2c_ex.o
LOAD ./Drivers/STM32L4xx_HAL_Driver/Src/stm32l4xx_hal_pwr.o
LOAD ./Drivers/STM32L4xx_HAL_Driver/Src/stm32l4xx_hal_pwr_ex.o
LOAD ./Drivers/STM32L4xx_HAL_Driver/Src/stm32l4xx_hal_rcc.o
LOAD ./Drivers/STM32L4xx_HAL_Driver/Src/stm32l4xx_hal_rcc_ex.o
LOAD ./Drivers/STM32L4xx_HAL_Driver/Src/stm32l4xx_hal_spi.o
LOAD ./Drivers/STM32L4xx_HAL_Driver/Src/stm32l4xx_hal_spi_ex.o
LOAD ./Drivers/STM32L4xx_HAL_Driver/Src/stm32l4xx_hal_tim.o
LOAD ./Drivers/STM32L4xx_HAL_Driver/Src/stm32l4xx_hal_tim_ex.o
LOAD ./Drivers/STM32L4xx_HAL_Driver/Src/stm32l4xx_hal_uart.o
LOAD ./Drivers/STM32L4xx_HAL_Driver/Src/stm32l4xx_hal_uart_ex.o
START GROUP
LOAD c:/st/stm32cubeide_1.11.0/stm32cubeide/plugins/com.st.stm32cube.ide.mcu.externaltools.gnu-tools-for-stm32.10.3-2021.10.win32_1.0.100.202210260954/tools/bin/../lib/gcc/arm-none-eabi/10.3.1/../../../../arm-none-eabi/lib/thumb/v7e-m+fp/hard\libstdc++_nano.a
LOAD c:/st/stm32cubeide_1.11.0/stm32cubeide/plugins/com.st.stm32cube.ide.mcu.externaltools.gnu-tools-for-stm32.10.3-2021.10.win32_1.0.100.202210260954/tools/bin/../lib/gcc/arm-none-eabi/10.3.1/../../../../arm-none-eabi/lib/thumb/v7e-m+fp/hard\libsupc++_nano.a
END GROUP
LOAD c:/st/stm32cubeide_1.11.0/stm32cubeide/plugins/com.st.stm32cube.ide.mcu.externaltools.gnu-tools-for-stm32.10.3-2021.10.win32_1.0.100.202210260954/tools/bin/../lib/gcc/arm-none-eabi/10.3.1/../../../../arm-none-eabi/lib/thumb/v7e-m+fp/hard\libstdc++_nano.a
LOAD c:/st/stm32cubeide_1.11.0/stm32cubeide/plugins/com.st.stm32cube.ide.mcu.externaltools.gnu-tools-for-stm32.10.3-2021.10.win32_1.0.100.202210260954/tools/bin/../lib/gcc/arm-none-eabi/10.3.1/../../../../arm-none-eabi/lib/thumb/v7e-m+fp/hard\libm.a
LOAD c:/st/stm32cubeide_1.11.0/stm32cubeide/plugins/com.st.stm32cube.ide.mcu.externaltools.gnu-tools-for-stm32.10.3-2021.10.win32_1.0.100.202210260954/tools/bin/../lib/gcc/arm-none-eabi/10.3.1/../../../../arm-none-eabi/lib/thumb/v7e-m+fp/hard\libc_nano.a
START GROUP
LOAD c:/st/stm32cubeide_1.11.0/stm32cubeide/plugins/com.st.stm32cube.ide.mcu.externaltools.gnu-tools-for-stm32.10.3-2021.10.win32_1.0.100.202210260954/tools/bin/../lib/gcc/arm-none-eabi/10.3.1/thumb/v7e-m+fp/hard\libgcc.a
LOAD c:/st/stm32cubeide_1.11.0/stm32cubeide/plugins/com.st.stm32cube.ide.mcu.externaltools.gnu-tools-for-stm32.10.3-2021.10.win32_1.0.100.202210260954/tools/bin/../lib/gcc/arm-none-eabi/10.3.1/../../../../arm-none-eabi/lib/thumb/v7e-m+fp/hard\libc_nano.a
END GROUP
START GROUP
LOAD c:/st/stm32cubeide_1.11.0/stm32cubeide/plugins/com.st.stm32cube.ide.mcu.externaltools.gnu-tools-for-stm32.10.3-2021.10.win32_1.0.100.202210260954/tools/bin/../lib/gcc/arm-none-eabi/10.3.1/thumb/v7e-m+fp/hard\libgcc.a
LOAD c:/st/stm32cubeide_1.11.0/stm32cubeide/plugins/com.st.stm32cube.ide.mcu.externaltools.gnu-tools-for-stm32.10.3-2021.10.win32_1.0.100.202210260954/tools/bin/../lib/gcc/arm-none-eabi/10.3.1/../../../../arm-none-eabi/lib/thumb/v7e-m+fp/hard\libc_nano.a
LOAD c:/st/stm32cubeide_1.11.0/stm32cubeide/plugins/com.st.stm32cube.ide.mcu.externaltools.gnu-tools-for-stm32.10.3-2021.10.win32_1.0.100.202210260954/tools/bin/../lib/gcc/arm-none-eabi/10.3.1/../../../../arm-none-eabi/lib/thumb/v7e-m+fp/hard\libnosys.a
END GROUP
START GROUP
LOAD c:/st/stm32cubeide_1.11.0/stm32cubeide/plugins/com.st.stm32cube.ide.mcu.externaltools.gnu-tools-for-stm32.10.3-2021.10.win32_1.0.100.202210260954/tools/bin/../lib/gcc/arm-none-eabi/10.3.1/thumb/v7e-m+fp/hard\libgcc.a
LOAD c:/st/stm32cubeide_1.11.0/stm32cubeide/plugins/com.st.stm32cube.ide.mcu.externaltools.gnu-tools-for-stm32.10.3-2021.10.win32_1.0.100.202210260954/tools/bin/../lib/gcc/arm-none-eabi/10.3.1/../../../../arm-none-eabi/lib/thumb/v7e-m+fp/hard\libc_nano.a
LOAD c:/st/stm32cubeide_1.11.0/stm32cubeide/plugins/com.st.stm32cube.ide.mcu.externaltools.gnu-tools-for-stm32.10.3-2021.10.win32_1.0.100.202210260954/tools/bin/../lib/gcc/arm-none-eabi/10.3.1/../../../../arm-none-eabi/lib/thumb/v7e-m+fp/hard\libnosys.a
END GROUP
LOAD c:/st/stm32cubeide_1.11.0/stm32cubeide/plugins/com.st.stm32cube.ide.mcu.externaltools.gnu-tools-for-stm32.10.3-2021.10.win32_1.0.100.202210260954/tools/bin/../lib/gcc/arm-none-eabi/10.3.1/thumb/v7e-m+fp/hard/crtend.o
LOAD c:/st/stm32cubeide_1.11.0/stm32cubeide/plugins/com.st.stm32cube.ide.mcu.externaltools.gnu-tools-for-stm32.10.3-2021.10.win32_1.0.100.202210260954/tools/bin/../lib/gcc/arm-none-eabi/10.3.1/thumb/v7e-m+fp/hard/crtn.o
                0x0000000020010000                _estack = (ORIGIN (RAM) + LENGTH (RAM))
                0x0000000000000200                _Min_Heap_Size = 0x200
                0x0000000000000400                _Min_Stack_Size = 0x400

.isr_vector     0x0000000008000000      0x18c
                0x0000000008000000                . = ALIGN (0x4)
 *(.isr_vector)
 .isr_vector    0x0000000008000000      0x18c ./Core/Startup/startup_stm32l433rctx.o
                0x0000000008000000                g_pfnVectors
                0x000000000800018c                . = ALIGN (0x4)

.text           0x0000000008000190     0x95a0
                0x0000000008000190                . = ALIGN (0x4)
 *(.text)
 .text          0x0000000008000190       0x40 c:/st/stm32cubeide_1.11.0/stm32cubeide/plugins/com.st.stm32cube.ide.mcu.externaltools.gnu-tools-for-stm32.10.3-2021.10.win32_1.0.100.202210260954/tools/bin/../lib/gcc/arm-none-eabi/10.3.1/thumb/v7e-m+fp/hard/crtbegin.o
 .text          0x00000000080001d0       0x14 c:/st/stm32cubeide_1.11.0/stm32cubeide/plugins/com.st.stm32cube.ide.mcu.externaltools.gnu-tools-for-stm32.10.3-2021.10.win32_1.0.100.202210260954/tools/bin/../lib/gcc/arm-none-eabi/10.3.1/../../../../arm-none-eabi/lib/thumb/v7e-m+fp/hard\libc_nano.a(lib_a-strcmp.o)
                0x00000000080001d0                strcmp
 *fill*         0x00000000080001e4        0xc 
 .text          0x00000000080001f0       0xa0 c:/st/stm32cubeide_1.11.0/stm32cubeide/plugins/com.st.stm32cube.ide.mcu.externaltools.gnu-tools-for-stm32.10.3-2021.10.win32_1.0.100.202210260954/tools/bin/../lib/gcc/arm-none-eabi/10.3.1/../../../../arm-none-eabi/lib/thumb/v7e-m+fp/hard\libc_nano.a(lib_a-memchr.o)
                0x00000000080001f0                memchr
 .text          0x0000000008000290       0x30 c:/st/stm32cubeide_1.11.0/stm32cubeide/plugins/com.st.stm32cube.ide.mcu.externaltools.gnu-tools-for-stm32.10.3-2021.10.win32_1.0.100.202210260954/tools/bin/../lib/gcc/arm-none-eabi/10.3.1/thumb/v7e-m+fp/hard\libgcc.a(_aeabi_uldivmod.o)
                0x0000000008000290                __aeabi_uldivmod
 .text          0x00000000080002c0      0x2d0 c:/st/stm32cubeide_1.11.0/stm32cubeide/plugins/com.st.stm32cube.ide.mcu.externaltools.gnu-tools-for-stm32.10.3-2021.10.win32_1.0.100.202210260954/tools/bin/../lib/gcc/arm-none-eabi/10.3.1/thumb/v7e-m+fp/hard\libgcc.a(_udivmoddi4.o)
                0x00000000080002c0                __udivmoddi4
 .text          0x0000000008000590        0x4 c:/st/stm32cubeide_1.11.0/stm32cubeide/plugins/com.st.stm32cube.ide.mcu.externaltools.gnu-tools-for-stm32.10.3-2021.10.win32_1.0.100.202210260954/tools/bin/../lib/gcc/arm-none-eabi/10.3.1/thumb/v7e-m+fp/hard\libgcc.a(_dvmd_tls.o)
                0x0000000008000590                __aeabi_idiv0
                0x0000000008000590                __aeabi_ldiv0
 *(.text*)
 .text.DecToASCIIFun
                0x0000000008000594       0x66 ./Core/Src/ESP8266/esp8266_rx.o
                0x0000000008000594                DecToASCIIFun
 *fill*         0x00000000080005fa        0x2 
 .text.ESPRxDecoder
                0x00000000080005fc      0xa1c ./Core/Src/ESP8266/esp8266_rx.o
                0x00000000080005fc                ESPRxDecoder
 .text.HAL_TIM_PeriodElapsedCallback
                0x0000000008001018       0x78 ./Core/Src/TimerIntHandler.o
                0x0000000008001018                HAL_TIM_PeriodElapsedCallback
 .text.HAL_UART_RxCpltCallback
                0x0000000008001090      0x13c ./Core/Src/UARTTxRxHandle.o
                0x0000000008001090                HAL_UART_RxCpltCallback
 .text.SystemClock_Config
                0x00000000080011cc       0x76 ./Core/Src/main.o
                0x00000000080011cc                SystemClock_Config
 *fill*         0x0000000008001242        0x2 
 .text.startup.main
                0x0000000008001244      0x42c ./Core/Src/main.o
                0x0000000008001244                main
 .text.Error_Handler
                0x0000000008001670        0x4 ./Core/Src/main.o
                0x0000000008001670                Error_Handler
 .text.HAL_MspInit
                0x0000000008001674       0x30 ./Core/Src/stm32l4xx_hal_msp.o
                0x0000000008001674                HAL_MspInit
 .text.HAL_I2C_MspInit
                0x00000000080016a4       0x88 ./Core/Src/stm32l4xx_hal_msp.o
                0x00000000080016a4                HAL_I2C_MspInit
 .text.HAL_UART_MspInit
                0x000000000800172c      0x160 ./Core/Src/stm32l4xx_hal_msp.o
                0x000000000800172c                HAL_UART_MspInit
 .text.HAL_SPI_MspInit
                0x000000000800188c       0xb4 ./Core/Src/stm32l4xx_hal_msp.o
                0x000000000800188c                HAL_SPI_MspInit
 .text.HAL_TIM_Base_MspInit
                0x0000000008001940       0x8c ./Core/Src/stm32l4xx_hal_msp.o
                0x0000000008001940                HAL_TIM_Base_MspInit
 .text.NMI_Handler
                0x00000000080019cc        0x2 ./Core/Src/stm32l4xx_it.o
                0x00000000080019cc                NMI_Handler
 .text.HardFault_Handler
                0x00000000080019ce        0x2 ./Core/Src/stm32l4xx_it.o
                0x00000000080019ce                HardFault_Handler
 .text.MemManage_Handler
                0x00000000080019d0        0x2 ./Core/Src/stm32l4xx_it.o
                0x00000000080019d0                MemManage_Handler
 .text.BusFault_Handler
                0x00000000080019d2        0x2 ./Core/Src/stm32l4xx_it.o
                0x00000000080019d2                BusFault_Handler
 .text.UsageFault_Handler
                0x00000000080019d4        0x2 ./Core/Src/stm32l4xx_it.o
                0x00000000080019d4                UsageFault_Handler
 .text.SVC_Handler
                0x00000000080019d6        0x2 ./Core/Src/stm32l4xx_it.o
                0x00000000080019d6                SVC_Handler
 .text.DebugMon_Handler
                0x00000000080019d8        0x2 ./Core/Src/stm32l4xx_it.o
                0x00000000080019d8                DebugMon_Handler
 .text.PendSV_Handler
                0x00000000080019da        0x2 ./Core/Src/stm32l4xx_it.o
                0x00000000080019da                PendSV_Handler
 .text.SysTick_Handler
                0x00000000080019dc        0x4 ./Core/Src/stm32l4xx_it.o
                0x00000000080019dc                SysTick_Handler
 .text.USART1_IRQHandler
                0x00000000080019e0        0xc ./Core/Src/stm32l4xx_it.o
                0x00000000080019e0                USART1_IRQHandler
 .text.TIM6_DAC_IRQHandler
                0x00000000080019ec        0xc ./Core/Src/stm32l4xx_it.o
                0x00000000080019ec                TIM6_DAC_IRQHandler
 .text.TIM7_IRQHandler
                0x00000000080019f8        0xc ./Core/Src/stm32l4xx_it.o
                0x00000000080019f8                TIM7_IRQHandler
 .text.LPUART1_IRQHandler
                0x0000000008001a04        0xc ./Core/Src/stm32l4xx_it.o
                0x0000000008001a04                LPUART1_IRQHandler
 .text._getpid  0x0000000008001a10        0x4 ./Core/Src/syscalls.o
                0x0000000008001a10                _getpid
 .text._kill    0x0000000008001a14       0x10 ./Core/Src/syscalls.o
                0x0000000008001a14                _kill
 .text._exit    0x0000000008001a24        0xc ./Core/Src/syscalls.o
                0x0000000008001a24                _exit
 .text._read    0x0000000008001a30       0x1c ./Core/Src/syscalls.o
                0x0000000008001a30                _read
 .text._write   0x0000000008001a4c       0x1c ./Core/Src/syscalls.o
                0x0000000008001a4c                _write
 .text._close   0x0000000008001a68        0x6 ./Core/Src/syscalls.o
                0x0000000008001a68                _close
 .text._fstat   0x0000000008001a6e        0xa ./Core/Src/syscalls.o
                0x0000000008001a6e                _fstat
 .text._isatty  0x0000000008001a78        0x4 ./Core/Src/syscalls.o
                0x0000000008001a78                _isatty
 .text._lseek   0x0000000008001a7c        0x4 ./Core/Src/syscalls.o
                0x0000000008001a7c                _lseek
 .text._sbrk    0x0000000008001a80       0x40 ./Core/Src/sysmem.o
                0x0000000008001a80                _sbrk
 .text.SystemInit
                0x0000000008001ac0       0x14 ./Core/Src/system_stm32l4xx.o
                0x0000000008001ac0                SystemInit
 .text.DHCP_time_handler
                0x0000000008001ad4       0x10 ./Core/Src/Internet/DHCP/dhcp.o
                0x0000000008001ad4                DHCP_time_handler
 .text.W25qxx_Spi
                0x0000000008001ae4       0x28 ./Core/Src/W25Q64/w25qxx.o
                0x0000000008001ae4                W25qxx_Spi
 .text.W25qxx_ReadID
                0x0000000008001b0c       0x48 ./Core/Src/W25Q64/w25qxx.o
                0x0000000008001b0c                W25qxx_ReadID
 .text.W25qxx_ReadUniqID
                0x0000000008001b54       0x54 ./Core/Src/W25Q64/w25qxx.o
                0x0000000008001b54                W25qxx_ReadUniqID
 .text.W25qxx_WriteEnable
                0x0000000008001ba8       0x2c ./Core/Src/W25Q64/w25qxx.o
                0x0000000008001ba8                W25qxx_WriteEnable
 .text.W25qxx_ReadStatusRegister
                0x0000000008001bd4       0x68 ./Core/Src/W25Q64/w25qxx.o
                0x0000000008001bd4                W25qxx_ReadStatusRegister
 .text.W25qxx_WaitForWriteEnd
                0x0000000008001c3c       0x48 ./Core/Src/W25Q64/w25qxx.o
                0x0000000008001c3c                W25qxx_WaitForWriteEnd
 .text.W25qxx_Init
                0x0000000008001c84       0xf4 ./Core/Src/W25Q64/w25qxx.o
                0x0000000008001c84                W25qxx_Init
 .text.W25qxx_EraseSector
                0x0000000008001d78       0x80 ./Core/Src/W25Q64/w25qxx.o
                0x0000000008001d78                W25qxx_EraseSector
 .text.W25qxx_SectorToPage
                0x0000000008001df8       0x14 ./Core/Src/W25Q64/w25qxx.o
                0x0000000008001df8                W25qxx_SectorToPage
 .text.W25qxx_WritePage
                0x0000000008001e0c       0xa8 ./Core/Src/W25Q64/w25qxx.o
                0x0000000008001e0c                W25qxx_WritePage
 .text.W25qxx_WriteSector
                0x0000000008001eb4       0x6c ./Core/Src/W25Q64/w25qxx.o
                0x0000000008001eb4                W25qxx_WriteSector
 .text.W25qxx_ReadPage
                0x0000000008001f20       0xac ./Core/Src/W25Q64/w25qxx.o
                0x0000000008001f20                W25qxx_ReadPage
 .text.W25qxx_ReadSector
                0x0000000008001fcc       0x6c ./Core/Src/W25Q64/w25qxx.o
                0x0000000008001fcc                W25qxx_ReadSector
 .text.WIZCHIP_READ
                0x0000000008002038       0x5c ./Core/Src/W5500_C/W5500/w5500.o
                0x0000000008002038                WIZCHIP_READ
 .text.WIZCHIP_WRITE
                0x0000000008002094       0x64 ./Core/Src/W5500_C/W5500/w5500.o
                0x0000000008002094                WIZCHIP_WRITE
 .text.WIZCHIP_READ_BUF
                0x00000000080020f8       0x74 ./Core/Src/W5500_C/W5500/w5500.o
                0x00000000080020f8                WIZCHIP_READ_BUF
 .text.WIZCHIP_WRITE_BUF
                0x000000000800216c       0x74 ./Core/Src/W5500_C/W5500/w5500.o
                0x000000000800216c                WIZCHIP_WRITE_BUF
 .text.getSn_TX_FSR
                0x00000000080021e0       0x46 ./Core/Src/W5500_C/W5500/w5500.o
                0x00000000080021e0                getSn_TX_FSR
 .text.getSn_RX_RSR
                0x0000000008002226       0x46 ./Core/Src/W5500_C/W5500/w5500.o
                0x0000000008002226                getSn_RX_RSR
 .text.wiz_send_data
                0x000000000800226c       0x5e ./Core/Src/W5500_C/W5500/w5500.o
                0x000000000800226c                wiz_send_data
 .text.wiz_recv_data
                0x00000000080022ca       0x5e ./Core/Src/W5500_C/W5500/w5500.o
                0x00000000080022ca                wiz_recv_data
 .text.httpc_init
                0x0000000008002328       0x48 ./Core/Src/W5500_C/httpClient.o
                0x0000000008002328                httpc_init
 .text.httpc_connect
                0x0000000008002370       0x38 ./Core/Src/W5500_C/httpClient.o
                0x0000000008002370                httpc_connect
 .text.httpc_send
                0x00000000080023a8       0xf8 ./Core/Src/W5500_C/httpClient.o
                0x00000000080023a8                httpc_send
 .text.get_httpc_any_port
                0x00000000080024a0       0x40 ./Core/Src/W5500_C/httpClient.o
                0x00000000080024a0                get_httpc_any_port
 .text.httpc_connection_handler
                0x00000000080024e0       0xb0 ./Core/Src/W5500_C/httpClient.o
                0x00000000080024e0                httpc_connection_handler
 .text.receivehttpcheck
                0x0000000008002590       0x2c ./Core/Src/W5500_C/httpClient.o
                0x0000000008002590                receivehttpcheck
 .text.close    0x00000000080025bc       0x7c ./Core/Src/W5500_C/socket.o
                0x00000000080025bc                close
 .text.socket   0x0000000008002638      0x124 ./Core/Src/W5500_C/socket.o
                0x0000000008002638                socket
 .text.connect  0x000000000800275c       0xf4 ./Core/Src/W5500_C/socket.o
                0x000000000800275c                connect
 .text.disconnect
                0x0000000008002850       0x88 ./Core/Src/W5500_C/socket.o
                0x0000000008002850                disconnect
 .text.send     0x00000000080028d8      0x114 ./Core/Src/W5500_C/socket.o
                0x00000000080028d8                send
 .text.recv     0x00000000080029ec       0xdc ./Core/Src/W5500_C/socket.o
                0x00000000080029ec                recv
 .text.wizchip_select
                0x0000000008002ac8       0x10 ./Core/Src/W5500_C/w5500_spi.o
                0x0000000008002ac8                wizchip_select
 .text.wizchip_deselect
                0x0000000008002ad8       0x10 ./Core/Src/W5500_C/w5500_spi.o
                0x0000000008002ad8                wizchip_deselect
 .text.W5500_Spi
                0x0000000008002ae8       0x28 ./Core/Src/W5500_C/w5500_spi.o
                0x0000000008002ae8                W5500_Spi
 .text.initializeHttp
                0x0000000008002b10       0x28 ./Core/Src/W5500_C/w5500_spi.o
                0x0000000008002b10                initializeHttp
 .text.wiz5500Init
                0x0000000008002b38       0xc8 ./Core/Src/W5500_C/w5500_spi.o
                0x0000000008002b38                wiz5500Init
 .text.ethernetHTTPRoutine
                0x0000000008002c00      0x1a8 ./Core/Src/W5500_C/w5500_spi.o
                0x0000000008002c00                ethernetHTTPRoutine
 .text.wizchip_cris_enter
                0x0000000008002da8        0x2 ./Core/Src/W5500_C/wizchip_conf.o
                0x0000000008002da8                wizchip_cris_enter
 .text.wizchip_bus_readdata
                0x0000000008002daa        0x4 ./Core/Src/W5500_C/wizchip_conf.o
                0x0000000008002daa                wizchip_bus_readdata
 .text.wizchip_bus_writedata
                0x0000000008002dae        0x4 ./Core/Src/W5500_C/wizchip_conf.o
                0x0000000008002dae                wizchip_bus_writedata
 .text.wizchip_spi_readbyte
                0x0000000008002db2        0x4 ./Core/Src/W5500_C/wizchip_conf.o
                0x0000000008002db2                wizchip_spi_readbyte
 .text.wizchip_spi_writebyte
                0x0000000008002db6        0x2 ./Core/Src/W5500_C/wizchip_conf.o
                0x0000000008002db6                wizchip_spi_writebyte
 .text.wizchip_cris_exit
                0x0000000008002db8        0x2 ./Core/Src/W5500_C/wizchip_conf.o
                0x0000000008002db8                wizchip_cris_exit
 .text.wizchip_cs_select
                0x0000000008002dba        0x2 ./Core/Src/W5500_C/wizchip_conf.o
                0x0000000008002dba                wizchip_cs_select
 .text.wizchip_cs_deselect
                0x0000000008002dbc        0x2 ./Core/Src/W5500_C/wizchip_conf.o
                0x0000000008002dbc                wizchip_cs_deselect
 *fill*         0x0000000008002dbe        0x2 
 .text.reg_wizchip_cs_cbfunc
                0x0000000008002dc0       0x24 ./Core/Src/W5500_C/wizchip_conf.o
                0x0000000008002dc0                reg_wizchip_cs_cbfunc
 .text.reg_wizchip_spi_cbfunc
                0x0000000008002de4       0x2c ./Core/Src/W5500_C/wizchip_conf.o
                0x0000000008002de4                reg_wizchip_spi_cbfunc
 .text.wizchip_sw_reset
                0x0000000008002e10       0x7a ./Core/Src/W5500_C/wizchip_conf.o
                0x0000000008002e10                wizchip_sw_reset
 .text.wizchip_init
                0x0000000008002e8a       0x7a ./Core/Src/W5500_C/wizchip_conf.o
                0x0000000008002e8a                wizchip_init
 .text.wizchip_clrinterrupt
                0x0000000008002f04       0x2e ./Core/Src/W5500_C/wizchip_conf.o
                0x0000000008002f04                wizchip_clrinterrupt
 .text.wizchip_getinterrupt
                0x0000000008002f32       0x22 ./Core/Src/W5500_C/wizchip_conf.o
                0x0000000008002f32                wizchip_getinterrupt
 .text.wizchip_setinterruptmask
                0x0000000008002f54       0x1c ./Core/Src/W5500_C/wizchip_conf.o
                0x0000000008002f54                wizchip_setinterruptmask
 .text.wizchip_getinterruptmask
                0x0000000008002f70       0x1c ./Core/Src/W5500_C/wizchip_conf.o
                0x0000000008002f70                wizchip_getinterruptmask
 .text.wizphy_getphylink
                0x0000000008002f8c       0x10 ./Core/Src/W5500_C/wizchip_conf.o
                0x0000000008002f8c                wizphy_getphylink
 .text.wizphy_getphypmode
                0x0000000008002f9c       0x18 ./Core/Src/W5500_C/wizchip_conf.o
                0x0000000008002f9c                wizphy_getphypmode
 .text.wizphy_reset
                0x0000000008002fb4       0x30 ./Core/Src/W5500_C/wizchip_conf.o
                0x0000000008002fb4                wizphy_reset
 .text.wizphy_setphyconf
                0x0000000008002fe4       0x46 ./Core/Src/W5500_C/wizchip_conf.o
                0x0000000008002fe4                wizphy_setphyconf
 .text.wizphy_getphyconf
                0x000000000800302a       0x6a ./Core/Src/W5500_C/wizchip_conf.o
                0x000000000800302a                wizphy_getphyconf
 .text.wizphy_setphypmode
                0x0000000008003094       0x52 ./Core/Src/W5500_C/wizchip_conf.o
                0x0000000008003094                wizphy_setphypmode
 *fill*         0x00000000080030e6        0x2 
 .text.ctlwizchip
                0x00000000080030e8       0xe0 ./Core/Src/W5500_C/wizchip_conf.o
                0x00000000080030e8                ctlwizchip
 .text.wizchip_setnetinfo
                0x00000000080031c8       0x5c ./Core/Src/W5500_C/wizchip_conf.o
                0x00000000080031c8                wizchip_setnetinfo
 .text.wizchip_getnetinfo
                0x0000000008003224       0x5c ./Core/Src/W5500_C/wizchip_conf.o
                0x0000000008003224                wizchip_getnetinfo
 .text.Reset_Handler
                0x0000000008003280       0x50 ./Core/Startup/startup_stm32l433rctx.o
                0x0000000008003280                Reset_Handler
 .text.Default_Handler
                0x00000000080032d0        0x2 ./Core/Startup/startup_stm32l433rctx.o
                0x00000000080032d0                RTC_Alarm_IRQHandler
                0x00000000080032d0                EXTI2_IRQHandler
                0x00000000080032d0                TIM1_CC_IRQHandler
                0x00000000080032d0                TSC_IRQHandler
                0x00000000080032d0                TAMP_STAMP_IRQHandler
                0x00000000080032d0                EXTI3_IRQHandler
                0x00000000080032d0                LPTIM2_IRQHandler
                0x00000000080032d0                I2C3_ER_IRQHandler
                0x00000000080032d0                EXTI0_IRQHandler
                0x00000000080032d0                I2C2_EV_IRQHandler
                0x00000000080032d0                CAN1_RX0_IRQHandler
                0x00000000080032d0                FPU_IRQHandler
                0x00000000080032d0                TIM1_UP_TIM16_IRQHandler
                0x00000000080032d0                SPI1_IRQHandler
                0x00000000080032d0                DMA2_Channel2_IRQHandler
                0x00000000080032d0                DMA1_Channel4_IRQHandler
                0x00000000080032d0                ADC1_IRQHandler
                0x00000000080032d0                USART3_IRQHandler
                0x00000000080032d0                DMA1_Channel7_IRQHandler
                0x00000000080032d0                CAN1_RX1_IRQHandler
                0x00000000080032d0                LCD_IRQHandler
                0x00000000080032d0                DMA2_Channel1_IRQHandler
                0x00000000080032d0                QUADSPI_IRQHandler
                0x00000000080032d0                I2C1_EV_IRQHandler
                0x00000000080032d0                DMA1_Channel6_IRQHandler
                0x00000000080032d0                DMA2_Channel4_IRQHandler
                0x00000000080032d0                RCC_IRQHandler
                0x00000000080032d0                TIM1_TRG_COM_IRQHandler
                0x00000000080032d0                DMA1_Channel1_IRQHandler
                0x00000000080032d0                Default_Handler
                0x00000000080032d0                DMA2_Channel7_IRQHandler
                0x00000000080032d0                EXTI15_10_IRQHandler
                0x00000000080032d0                SDMMC1_IRQHandler
                0x00000000080032d0                I2C3_EV_IRQHandler
                0x00000000080032d0                USB_IRQHandler
                0x00000000080032d0                EXTI9_5_IRQHandler
                0x00000000080032d0                RTC_WKUP_IRQHandler
                0x00000000080032d0                PVD_PVM_IRQHandler
                0x00000000080032d0                SPI2_IRQHandler
                0x00000000080032d0                CAN1_TX_IRQHandler
                0x00000000080032d0                DMA2_Channel5_IRQHandler
                0x00000000080032d0                CRS_IRQHandler
                0x00000000080032d0                DMA1_Channel5_IRQHandler
                0x00000000080032d0                EXTI4_IRQHandler
                0x00000000080032d0                RNG_IRQHandler
                0x00000000080032d0                DMA1_Channel3_IRQHandler
                0x00000000080032d0                COMP_IRQHandler
                0x00000000080032d0                WWDG_IRQHandler
                0x00000000080032d0                DMA2_Channel6_IRQHandler
                0x00000000080032d0                TIM2_IRQHandler
                0x00000000080032d0                EXTI1_IRQHandler
                0x00000000080032d0                USART2_IRQHandler
                0x00000000080032d0                I2C2_ER_IRQHandler
                0x00000000080032d0                DMA1_Channel2_IRQHandler
                0x00000000080032d0                CAN1_SCE_IRQHandler
                0x00000000080032d0                FLASH_IRQHandler
                0x00000000080032d0                SPI3_IRQHandler
                0x00000000080032d0                I2C1_ER_IRQHandler
                0x00000000080032d0                SWPMI1_IRQHandler
                0x00000000080032d0                LPTIM1_IRQHandler
                0x00000000080032d0                SAI1_IRQHandler
                0x00000000080032d0                DMA2_Channel3_IRQHandler
                0x00000000080032d0                TIM1_BRK_TIM15_IRQHandler
 .text._ZN11LoadmeasureD2Ev
                0x00000000080032d2        0x2 ./Core/srccpp/BussinessLogic/ApplicationSW.o
                0x00000000080032d2                Loadmeasure::~Loadmeasure()
                0x00000000080032d2                Loadmeasure::~Loadmeasure()
 .text._ZN11LoadmeasureD0Ev
                0x00000000080032d4        0xe ./Core/srccpp/BussinessLogic/ApplicationSW.o
                0x00000000080032d4                Loadmeasure::~Loadmeasure()
 *fill*         0x00000000080032e2        0x2 
 .text._ZN11LoadmeasureC2Ev
                0x00000000080032e4        0xc ./Core/srccpp/BussinessLogic/ApplicationSW.o
                0x00000000080032e4                Loadmeasure::Loadmeasure()
                0x00000000080032e4                Loadmeasure::Loadmeasure()
 .text._ZN11Loadmeasure17inputBasedTriggerEv
                0x00000000080032f0      0x108 ./Core/srccpp/BussinessLogic/ApplicationSW.o
                0x00000000080032f0                Loadmeasure::inputBasedTrigger()
 .text._ZN11Loadmeasure23calculationCarbonWeightEv
                0x00000000080033f8       0x38 ./Core/srccpp/BussinessLogic/ApplicationSW.o
                0x00000000080033f8                Loadmeasure::calculationCarbonWeight()
 .text._ZN11Loadmeasure23calculationSilicaWeightEv
                0x0000000008003430       0x38 ./Core/srccpp/BussinessLogic/ApplicationSW.o
                0x0000000008003430                Loadmeasure::calculationSilicaWeight()
 .text._ZN11Loadmeasure27calculationManganeaseWeightEv
                0x0000000008003468       0x44 ./Core/srccpp/BussinessLogic/ApplicationSW.o
                0x0000000008003468                Loadmeasure::calculationManganeaseWeight()
 .text._ZN11Loadmeasure23calculationCopperWeightEv
                0x00000000080034ac       0x44 ./Core/srccpp/BussinessLogic/ApplicationSW.o
                0x00000000080034ac                Loadmeasure::calculationCopperWeight()
 .text._ZN11Loadmeasure20calculationTinWeightEv
                0x00000000080034f0       0x34 ./Core/srccpp/BussinessLogic/ApplicationSW.o
                0x00000000080034f0                Loadmeasure::calculationTinWeight()
 .text._ZN11Loadmeasure21calculationZincWeightEv
                0x0000000008003524       0x38 ./Core/srccpp/BussinessLogic/ApplicationSW.o
                0x0000000008003524                Loadmeasure::calculationZincWeight()
 .text._ZN11Loadmeasure3runEv
                0x000000000800355c       0x60 ./Core/srccpp/BussinessLogic/ApplicationSW.o
                0x000000000800355c                Loadmeasure::run()
 .text._ZN6commonD2Ev
                0x00000000080035bc        0x2 ./Core/srccpp/Common/common.o
                0x00000000080035bc                common::~common()
                0x00000000080035bc                common::~common()
 .text._ZN6commonD0Ev
                0x00000000080035be        0xe ./Core/srccpp/Common/common.o
                0x00000000080035be                common::~common()
 .text._ZN6commonC2Ev
                0x00000000080035cc        0xc ./Core/srccpp/Common/common.o
                0x00000000080035cc                common::common()
                0x00000000080035cc                common::common()
 .text._ZN14DisplayRoutineC2Ev
                0x00000000080035d8       0xc0 ./Core/srccpp/DisplayCPP/DisplayRoutine.o
                0x00000000080035d8                DisplayRoutine::DisplayRoutine()
                0x00000000080035d8                DisplayRoutine::DisplayRoutine()
 .text._ZN14DisplayRoutine11value2DigitEhhh
                0x0000000008003698       0x38 ./Core/srccpp/DisplayCPP/DisplayRoutine.o
                0x0000000008003698                DisplayRoutine::value2Digit(unsigned char, unsigned char, unsigned char)
 .text._ZN14DisplayRoutine11value4DigitEthh
                0x00000000080036d0       0x68 ./Core/srccpp/DisplayCPP/DisplayRoutine.o
                0x00000000080036d0                DisplayRoutine::value4Digit(unsigned short, unsigned char, unsigned char)
 .text._ZN14DisplayRoutine3runEv
                0x0000000008003738      0x160 ./Core/srccpp/DisplayCPP/DisplayRoutine.o
                0x0000000008003738                DisplayRoutine::run()
 .text._ZN14DisplayRoutine4InitEv
                0x0000000008003898       0x1e ./Core/srccpp/DisplayCPP/DisplayRoutine.o
                0x0000000008003898                DisplayRoutine::Init()
 *fill*         0x00000000080038b6        0x2 
 .text._ZN14DisplayRoutineD2Ev
                0x00000000080038b8       0x18 ./Core/srccpp/DisplayCPP/DisplayRoutine.o
                0x00000000080038b8                DisplayRoutine::~DisplayRoutine()
                0x00000000080038b8                DisplayRoutine::~DisplayRoutine()
 .text._ZN14DisplayRoutineD0Ev
                0x00000000080038d0       0x16 ./Core/srccpp/DisplayCPP/DisplayRoutine.o
                0x00000000080038d0                DisplayRoutine::~DisplayRoutine()
 *fill*         0x00000000080038e6        0x2 
 .text._ZN4GLCDD2Ev
                0x00000000080038e8       0x14 ./Core/srccpp/DisplayCPP/GLCD.o
                0x00000000080038e8                GLCD::~GLCD()
                0x00000000080038e8                GLCD::~GLCD()
 .text._ZN4GLCDD0Ev
                0x00000000080038fc       0x16 ./Core/srccpp/DisplayCPP/GLCD.o
                0x00000000080038fc                GLCD::~GLCD()
 *fill*         0x0000000008003912        0x2 
 .text._ZN4GLCDC2Ev
                0x0000000008003914     0x1940 ./Core/srccpp/DisplayCPP/GLCD.o
                0x0000000008003914                GLCD::GLCD()
                0x0000000008003914                GLCD::GLCD()
 .text._ZN4GLCD9m_ctrloffEv
                0x0000000008005254       0x4c ./Core/srccpp/DisplayCPP/GLCD.o
                0x0000000008005254                GLCD::m_ctrloff()
 .text._ZN4GLCD16m_IOWritethedataEh
                0x00000000080052a0       0x74 ./Core/srccpp/DisplayCPP/GLCD.o
                0x00000000080052a0                GLCD::m_IOWritethedata(unsigned char)
 .text._ZN4GLCD11m_displayonEv
                0x0000000008005314       0x64 ./Core/srccpp/DisplayCPP/GLCD.o
                0x0000000008005314                GLCD::m_displayon()
 .text._ZN4GLCD11m_setcolumnEh
                0x0000000008005378       0x88 ./Core/srccpp/DisplayCPP/GLCD.o
                0x0000000008005378                GLCD::m_setcolumn(unsigned char)
 .text._ZN4GLCD9m_setpageEh
                0x0000000008005400       0x68 ./Core/srccpp/DisplayCPP/GLCD.o
                0x0000000008005400                GLCD::m_setpage(unsigned char)
 .text._ZN4GLCD14m_setstartlineEh
                0x0000000008005468       0x68 ./Core/srccpp/DisplayCPP/GLCD.o
                0x0000000008005468                GLCD::m_setstartline(unsigned char)
 .text._ZN4GLCD9m_lcddataEPht
                0x00000000080054d0       0xa4 ./Core/srccpp/DisplayCPP/GLCD.o
                0x00000000080054d0                GLCD::m_lcddata(unsigned char*, unsigned short)
 .text._ZN4GLCD10m_lcdputs1EhhPh
                0x0000000008005574       0x30 ./Core/srccpp/DisplayCPP/GLCD.o
                0x0000000008005574                GLCD::m_lcdputs1(unsigned char, unsigned char, unsigned char*)
 .text._ZN4GLCD8m_clrlcdEv
                0x00000000080055a4       0x36 ./Core/srccpp/DisplayCPP/GLCD.o
                0x00000000080055a4                GLCD::m_clrlcd()
 .text._ZN10W5500ClassD2Ev
                0x00000000080055da        0x2 ./Core/srccpp/Ethernet/W5500.o
                0x00000000080055da                W5500Class::~W5500Class()
                0x00000000080055da                W5500Class::~W5500Class()
 .text._ZN10W5500ClassD0Ev
                0x00000000080055dc        0xe ./Core/srccpp/Ethernet/W5500.o
                0x00000000080055dc                W5500Class::~W5500Class()
 *fill*         0x00000000080055ea        0x2 
 .text.startup._GLOBAL__sub_I_w5500
                0x00000000080055ec       0x10 ./Core/srccpp/Ethernet/W5500.o
 .text._ZN9ModbusrtuD2Ev
                0x00000000080055fc        0x2 ./Core/srccpp/Modbus/Modbusrtu.o
                0x00000000080055fc                Modbusrtu::~Modbusrtu()
                0x00000000080055fc                Modbusrtu::~Modbusrtu()
 .text._ZN9ModbusrtuD0Ev
                0x00000000080055fe       0x10 ./Core/srccpp/Modbus/Modbusrtu.o
                0x00000000080055fe                Modbusrtu::~Modbusrtu()
 *fill*         0x000000000800560e        0x2 
 .text._ZN9ModbusrtuC2Ev
                0x0000000008005610       0x34 ./Core/srccpp/Modbus/Modbusrtu.o
                0x0000000008005610                Modbusrtu::Modbusrtu()
                0x0000000008005610                Modbusrtu::Modbusrtu()
 .text.HAL_UART_TxCpltCallback
                0x0000000008005644       0x14 ./Core/srccpp/Modbus/Modbusrtu.o
                0x0000000008005644                HAL_UART_TxCpltCallback
 .text._ZN9Modbusrtu11ASCChecksumEPhh
                0x0000000008005658       0x24 ./Core/srccpp/Modbus/Modbusrtu.o
                0x0000000008005658                Modbusrtu::ASCChecksum(unsigned char*, unsigned char)
 .text._ZN9Modbusrtu21ModbusReadTransactionEv
                0x000000000800567c       0xec ./Core/srccpp/Modbus/Modbusrtu.o
                0x000000000800567c                Modbusrtu::ModbusReadTransaction()
 .text._ZN14OfflineStorageD2Ev
                0x0000000008005768        0x2 ./Core/srccpp/OfflineStorage/OfflineStorage.o
                0x0000000008005768                OfflineStorage::~OfflineStorage()
                0x0000000008005768                OfflineStorage::~OfflineStorage()
 .text._ZN14OfflineStorageD0Ev
                0x000000000800576a        0xe ./Core/srccpp/OfflineStorage/OfflineStorage.o
                0x000000000800576a                OfflineStorage::~OfflineStorage()
 .text._ZN14OfflineStorageC2Ev
                0x0000000008005778        0xc ./Core/srccpp/OfflineStorage/OfflineStorage.o
                0x0000000008005778                OfflineStorage::OfflineStorage()
                0x0000000008005778                OfflineStorage::OfflineStorage()
 .text._ZN14OfflineStorage14m_writesetdataEv
                0x0000000008005784       0xd4 ./Core/srccpp/OfflineStorage/OfflineStorage.o
                0x0000000008005784                OfflineStorage::m_writesetdata()
 .text._ZN14OfflineStorage3runEv
                0x0000000008005858        0x4 ./Core/srccpp/OfflineStorage/OfflineStorage.o
                0x0000000008005858                OfflineStorage::run()
 .text._ZN14OfflineStorage13m_readsetdataEv
                0x000000000800585c       0x80 ./Core/srccpp/OfflineStorage/OfflineStorage.o
                0x000000000800585c                OfflineStorage::m_readsetdata()
 .text._ZN14OfflineStorage19ReadOfflinedataInitEv
                0x00000000080058dc        0x4 ./Core/srccpp/OfflineStorage/OfflineStorage.o
                0x00000000080058dc                OfflineStorage::ReadOfflinedataInit()
 .text.cppMain  0x00000000080058e0       0x90 ./Core/srccpp/main.o
                0x00000000080058e0                cppMain
 .text.HAL_InitTick
                0x0000000008005970       0x4c ./Drivers/STM32L4xx_HAL_Driver/Src/stm32l4xx_hal.o
                0x0000000008005970                HAL_InitTick
 .text.HAL_Init
                0x00000000080059bc       0x1e ./Drivers/STM32L4xx_HAL_Driver/Src/stm32l4xx_hal.o
                0x00000000080059bc                HAL_Init
 *fill*         0x00000000080059da        0x2 
 .text.HAL_IncTick
                0x00000000080059dc       0x18 ./Drivers/STM32L4xx_HAL_Driver/Src/stm32l4xx_hal.o
                0x00000000080059dc                HAL_IncTick
 .text.HAL_GetTick
                0x00000000080059f4        0xc ./Drivers/STM32L4xx_HAL_Driver/Src/stm32l4xx_hal.o
                0x00000000080059f4                HAL_GetTick
 .text.HAL_Delay
                0x0000000008005a00       0x28 ./Drivers/STM32L4xx_HAL_Driver/Src/stm32l4xx_hal.o
                0x0000000008005a00                HAL_Delay
 .text.HAL_NVIC_SetPriorityGrouping
                0x0000000008005a28       0x24 ./Drivers/STM32L4xx_HAL_Driver/Src/stm32l4xx_hal_cortex.o
                0x0000000008005a28                HAL_NVIC_SetPriorityGrouping
 .text.HAL_NVIC_SetPriority
                0x0000000008005a4c       0x64 ./Drivers/STM32L4xx_HAL_Driver/Src/stm32l4xx_hal_cortex.o
                0x0000000008005a4c                HAL_NVIC_SetPriority
 .text.HAL_NVIC_EnableIRQ
                0x0000000008005ab0       0x1c ./Drivers/STM32L4xx_HAL_Driver/Src/stm32l4xx_hal_cortex.o
                0x0000000008005ab0                HAL_NVIC_EnableIRQ
 .text.HAL_SYSTICK_Config
                0x0000000008005acc       0x28 ./Drivers/STM32L4xx_HAL_Driver/Src/stm32l4xx_hal_cortex.o
                0x0000000008005acc                HAL_SYSTICK_Config
 .text.HAL_DMA_Abort
                0x0000000008005af4       0x46 ./Drivers/STM32L4xx_HAL_Driver/Src/stm32l4xx_hal_dma.o
                0x0000000008005af4                HAL_DMA_Abort
 .text.HAL_DMA_Abort_IT
                0x0000000008005b3a       0x4c ./Drivers/STM32L4xx_HAL_Driver/Src/stm32l4xx_hal_dma.o
                0x0000000008005b3a                HAL_DMA_Abort_IT
 *fill*         0x0000000008005b86        0x2 
 .text.HAL_GPIO_Init
                0x0000000008005b88      0x188 ./Drivers/STM32L4xx_HAL_Driver/Src/stm32l4xx_hal_gpio.o
                0x0000000008005b88                HAL_GPIO_Init
 .text.HAL_GPIO_ReadPin
                0x0000000008005d10        0xc ./Drivers/STM32L4xx_HAL_Driver/Src/stm32l4xx_hal_gpio.o
                0x0000000008005d10                HAL_GPIO_ReadPin
 .text.HAL_GPIO_WritePin
                0x0000000008005d1c        0xa ./Drivers/STM32L4xx_HAL_Driver/Src/stm32l4xx_hal_gpio.o
                0x0000000008005d1c                HAL_GPIO_WritePin
 .text.HAL_GPIO_TogglePin
                0x0000000008005d26       0x12 ./Drivers/STM32L4xx_HAL_Driver/Src/stm32l4xx_hal_gpio.o
                0x0000000008005d26                HAL_GPIO_TogglePin
 .text.HAL_I2C_Init
                0x0000000008005d38       0xa2 ./Drivers/STM32L4xx_HAL_Driver/Src/stm32l4xx_hal_i2c.o
                0x0000000008005d38                HAL_I2C_Init
 .text.HAL_I2CEx_ConfigAnalogFilter
                0x0000000008005dda       0x4c ./Drivers/STM32L4xx_HAL_Driver/Src/stm32l4xx_hal_i2c_ex.o
                0x0000000008005dda                HAL_I2CEx_ConfigAnalogFilter
 .text.HAL_I2CEx_ConfigDigitalFilter
                0x0000000008005e26       0x4a ./Drivers/STM32L4xx_HAL_Driver/Src/stm32l4xx_hal_i2c_ex.o
                0x0000000008005e26                HAL_I2CEx_ConfigDigitalFilter
 .text.HAL_PWREx_GetVoltageRange
                0x0000000008005e70       0x10 ./Drivers/STM32L4xx_HAL_Driver/Src/stm32l4xx_hal_pwr_ex.o
                0x0000000008005e70                HAL_PWREx_GetVoltageRange
 .text.HAL_PWREx_ControlVoltageScaling
                0x0000000008005e80       0x6c ./Drivers/STM32L4xx_HAL_Driver/Src/stm32l4xx_hal_pwr_ex.o
                0x0000000008005e80                HAL_PWREx_ControlVoltageScaling
 .text.RCC_SetFlashLatencyFromMSIRange
                0x0000000008005eec       0x84 ./Drivers/STM32L4xx_HAL_Driver/Src/stm32l4xx_hal_rcc.o
 .text.HAL_RCC_GetSysClockFreq
                0x0000000008005f70       0x9c ./Drivers/STM32L4xx_HAL_Driver/Src/stm32l4xx_hal_rcc.o
                0x0000000008005f70                HAL_RCC_GetSysClockFreq
 .text.HAL_RCC_OscConfig
                0x000000000800600c      0x548 ./Drivers/STM32L4xx_HAL_Driver/Src/stm32l4xx_hal_rcc.o
                0x000000000800600c                HAL_RCC_OscConfig
 .text.HAL_RCC_ClockConfig
                0x0000000008006554      0x154 ./Drivers/STM32L4xx_HAL_Driver/Src/stm32l4xx_hal_rcc.o
                0x0000000008006554                HAL_RCC_ClockConfig
 .text.HAL_RCC_GetPCLK1Freq
                0x00000000080066a8       0x24 ./Drivers/STM32L4xx_HAL_Driver/Src/stm32l4xx_hal_rcc.o
                0x00000000080066a8                HAL_RCC_GetPCLK1Freq
 .text.HAL_RCC_GetPCLK2Freq
                0x00000000080066cc       0x24 ./Drivers/STM32L4xx_HAL_Driver/Src/stm32l4xx_hal_rcc.o
                0x00000000080066cc                HAL_RCC_GetPCLK2Freq
 .text.RCCEx_PLLSAI1_Config
                0x00000000080066f0      0x114 ./Drivers/STM32L4xx_HAL_Driver/Src/stm32l4xx_hal_rcc_ex.o
 .text.HAL_RCCEx_PeriphCLKConfig
                0x0000000008006804      0x2f0 ./Drivers/STM32L4xx_HAL_Driver/Src/stm32l4xx_hal_rcc_ex.o
                0x0000000008006804                HAL_RCCEx_PeriphCLKConfig
 .text.SPI_WaitFifoStateUntilTimeout.constprop.0
                0x0000000008006af4       0xcc ./Drivers/STM32L4xx_HAL_Driver/Src/stm32l4xx_hal_spi.o
 .text.SPI_WaitFlagStateUntilTimeout.constprop.0
                0x0000000008006bc0       0xa4 ./Drivers/STM32L4xx_HAL_Driver/Src/stm32l4xx_hal_spi.o
 .text.SPI_EndRxTransaction
                0x0000000008006c64       0x72 ./Drivers/STM32L4xx_HAL_Driver/Src/stm32l4xx_hal_spi.o
 .text.SPI_EndRxTxTransaction
                0x0000000008006cd6       0x4a ./Drivers/STM32L4xx_HAL_Driver/Src/stm32l4xx_hal_spi.o
 .text.HAL_SPI_Init
                0x0000000008006d20       0xd4 ./Drivers/STM32L4xx_HAL_Driver/Src/stm32l4xx_hal_spi.o
                0x0000000008006d20                HAL_SPI_Init
 .text.HAL_SPI_Transmit
                0x0000000008006df4      0x192 ./Drivers/STM32L4xx_HAL_Driver/Src/stm32l4xx_hal_spi.o
                0x0000000008006df4                HAL_SPI_Transmit
 .text.HAL_SPI_TransmitReceive
                0x0000000008006f86      0x258 ./Drivers/STM32L4xx_HAL_Driver/Src/stm32l4xx_hal_spi.o
                0x0000000008006f86                HAL_SPI_TransmitReceive
 .text.HAL_SPI_Receive
                0x00000000080071de      0x170 ./Drivers/STM32L4xx_HAL_Driver/Src/stm32l4xx_hal_spi.o
                0x00000000080071de                HAL_SPI_Receive
 *fill*         0x000000000800734e        0x2 
 .text.HAL_TIM_Base_Start
                0x0000000008007350       0x4c ./Drivers/STM32L4xx_HAL_Driver/Src/stm32l4xx_hal_tim.o
                0x0000000008007350                HAL_TIM_Base_Start
 .text.HAL_TIM_Base_Start_IT
                0x000000000800739c       0x54 ./Drivers/STM32L4xx_HAL_Driver/Src/stm32l4xx_hal_tim.o
                0x000000000800739c                HAL_TIM_Base_Start_IT
 .text.HAL_TIM_OC_DelayElapsedCallback
                0x00000000080073f0        0x2 ./Drivers/STM32L4xx_HAL_Driver/Src/stm32l4xx_hal_tim.o
                0x00000000080073f0                HAL_TIM_OC_DelayElapsedCallback
 .text.HAL_TIM_IC_CaptureCallback
                0x00000000080073f2        0x2 ./Drivers/STM32L4xx_HAL_Driver/Src/stm32l4xx_hal_tim.o
                0x00000000080073f2                HAL_TIM_IC_CaptureCallback
 .text.HAL_TIM_PWM_PulseFinishedCallback
                0x00000000080073f4        0x2 ./Drivers/STM32L4xx_HAL_Driver/Src/stm32l4xx_hal_tim.o
                0x00000000080073f4                HAL_TIM_PWM_PulseFinishedCallback
 .text.HAL_TIM_TriggerCallback
                0x00000000080073f6        0x2 ./Drivers/STM32L4xx_HAL_Driver/Src/stm32l4xx_hal_tim.o
                0x00000000080073f6                HAL_TIM_TriggerCallback
 .text.HAL_TIM_IRQHandler
                0x00000000080073f8      0x160 ./Drivers/STM32L4xx_HAL_Driver/Src/stm32l4xx_hal_tim.o
                0x00000000080073f8                HAL_TIM_IRQHandler
 .text.TIM_Base_SetConfig
                0x0000000008007558       0x74 ./Drivers/STM32L4xx_HAL_Driver/Src/stm32l4xx_hal_tim.o
                0x0000000008007558                TIM_Base_SetConfig
 .text.HAL_TIM_Base_Init
                0x00000000080075cc       0x60 ./Drivers/STM32L4xx_HAL_Driver/Src/stm32l4xx_hal_tim.o
                0x00000000080075cc                HAL_TIM_Base_Init
 .text.TIM_ETR_SetConfig
                0x000000000800762c       0x14 ./Drivers/STM32L4xx_HAL_Driver/Src/stm32l4xx_hal_tim.o
                0x000000000800762c                TIM_ETR_SetConfig
 .text.HAL_TIM_ConfigClockSource
                0x0000000008007640      0x138 ./Drivers/STM32L4xx_HAL_Driver/Src/stm32l4xx_hal_tim.o
                0x0000000008007640                HAL_TIM_ConfigClockSource
 .text.HAL_TIMEx_MasterConfigSynchronization
                0x0000000008007778       0x64 ./Drivers/STM32L4xx_HAL_Driver/Src/stm32l4xx_hal_tim_ex.o
                0x0000000008007778                HAL_TIMEx_MasterConfigSynchronization
 .text.HAL_TIMEx_CommutCallback
                0x00000000080077dc        0x2 ./Drivers/STM32L4xx_HAL_Driver/Src/stm32l4xx_hal_tim_ex.o
                0x00000000080077dc                HAL_TIMEx_CommutCallback
 .text.HAL_TIMEx_BreakCallback
                0x00000000080077de        0x2 ./Drivers/STM32L4xx_HAL_Driver/Src/stm32l4xx_hal_tim_ex.o
                0x00000000080077de                HAL_TIMEx_BreakCallback
 .text.HAL_TIMEx_Break2Callback
                0x00000000080077e0        0x2 ./Drivers/STM32L4xx_HAL_Driver/Src/stm32l4xx_hal_tim_ex.o
                0x00000000080077e0                HAL_TIMEx_Break2Callback
 .text.UART_EndRxTransfer
                0x00000000080077e2       0x4e ./Drivers/STM32L4xx_HAL_Driver/Src/stm32l4xx_hal_uart.o
 .text.UART_TxISR_8BIT.part.0
                0x0000000008007830       0x26 ./Drivers/STM32L4xx_HAL_Driver/Src/stm32l4xx_hal_uart.o
 .text.UART_TxISR_8BIT
                0x0000000008007856       0x2e ./Drivers/STM32L4xx_HAL_Driver/Src/stm32l4xx_hal_uart.o
 .text.UART_TxISR_16BIT
                0x0000000008007884       0x32 ./Drivers/STM32L4xx_HAL_Driver/Src/stm32l4xx_hal_uart.o
 *fill*         0x00000000080078b6        0x2 
 .text.HAL_UART_Transmit_IT
                0x00000000080078b8       0x6c ./Drivers/STM32L4xx_HAL_Driver/Src/stm32l4xx_hal_uart.o
                0x00000000080078b8                HAL_UART_Transmit_IT
 .text.HAL_UART_ErrorCallback
                0x0000000008007924        0x2 ./Drivers/STM32L4xx_HAL_Driver/Src/stm32l4xx_hal_uart.o
                0x0000000008007924                HAL_UART_ErrorCallback
 .text.UART_DMAAbortOnError
                0x0000000008007926       0x14 ./Drivers/STM32L4xx_HAL_Driver/Src/stm32l4xx_hal_uart.o
 .text.HAL_UARTEx_RxEventCallback
                0x000000000800793a        0x2 ./Drivers/STM32L4xx_HAL_Driver/Src/stm32l4xx_hal_uart.o
                0x000000000800793a                HAL_UARTEx_RxEventCallback
 .text.HAL_UART_IRQHandler
                0x000000000800793c      0x28c ./Drivers/STM32L4xx_HAL_Driver/Src/stm32l4xx_hal_uart.o
                0x000000000800793c                HAL_UART_IRQHandler
 .text.UART_RxISR_8BIT
                0x0000000008007bc8       0xa0 ./Drivers/STM32L4xx_HAL_Driver/Src/stm32l4xx_hal_uart.o
 .text.UART_RxISR_16BIT
                0x0000000008007c68       0x9a ./Drivers/STM32L4xx_HAL_Driver/Src/stm32l4xx_hal_uart.o
 *fill*         0x0000000008007d02        0x2 
 .text.UART_SetConfig
                0x0000000008007d04      0x224 ./Drivers/STM32L4xx_HAL_Driver/Src/stm32l4xx_hal_uart.o
                0x0000000008007d04                UART_SetConfig
 .text.UART_AdvFeatureConfig
                0x0000000008007f28       0xa8 ./Drivers/STM32L4xx_HAL_Driver/Src/stm32l4xx_hal_uart.o
                0x0000000008007f28                UART_AdvFeatureConfig
 .text.UART_WaitOnFlagUntilTimeout
                0x0000000008007fd0       0xbc ./Drivers/STM32L4xx_HAL_Driver/Src/stm32l4xx_hal_uart.o
                0x0000000008007fd0                UART_WaitOnFlagUntilTimeout
 .text.UART_CheckIdleState
                0x000000000800808c       0x66 ./Drivers/STM32L4xx_HAL_Driver/Src/stm32l4xx_hal_uart.o
                0x000000000800808c                UART_CheckIdleState
 .text.HAL_UART_Init
                0x00000000080080f2       0x5c ./Drivers/STM32L4xx_HAL_Driver/Src/stm32l4xx_hal_uart.o
                0x00000000080080f2                HAL_UART_Init
 *fill*         0x000000000800814e        0x2 
 .text.UART_Start_Receive_IT
                0x0000000008008150       0xc0 ./Drivers/STM32L4xx_HAL_Driver/Src/stm32l4xx_hal_uart.o
                0x0000000008008150                UART_Start_Receive_IT
 .text.HAL_UART_Receive_IT
                0x0000000008008210       0x50 ./Drivers/STM32L4xx_HAL_Driver/Src/stm32l4xx_hal_uart.o
                0x0000000008008210                HAL_UART_Receive_IT
 .text.HAL_UARTEx_WakeupCallback
                0x0000000008008260        0x2 ./Drivers/STM32L4xx_HAL_Driver/Src/stm32l4xx_hal_uart_ex.o
                0x0000000008008260                HAL_UARTEx_WakeupCallback
 .text._ZdlPvj  0x0000000008008262        0x4 c:/st/stm32cubeide_1.11.0/stm32cubeide/plugins/com.st.stm32cube.ide.mcu.externaltools.gnu-tools-for-stm32.10.3-2021.10.win32_1.0.100.202210260954/tools/bin/../lib/gcc/arm-none-eabi/10.3.1/../../../../arm-none-eabi/lib/thumb/v7e-m+fp/hard\libstdc++_nano.a(del_ops.o)
                0x0000000008008262                operator delete(void*, unsigned int)
 .text._ZdlPv   0x0000000008008266        0x4 c:/st/stm32cubeide_1.11.0/stm32cubeide/plugins/com.st.stm32cube.ide.mcu.externaltools.gnu-tools-for-stm32.10.3-2021.10.win32_1.0.100.202210260954/tools/bin/../lib/gcc/arm-none-eabi/10.3.1/../../../../arm-none-eabi/lib/thumb/v7e-m+fp/hard\libstdc++_nano.a(del_op.o)
                0x0000000008008266                operator delete(void*)
 *fill*         0x000000000800826a        0x2 
 .text.__errno  0x000000000800826c        0xc c:/st/stm32cubeide_1.11.0/stm32cubeide/plugins/com.st.stm32cube.ide.mcu.externaltools.gnu-tools-for-stm32.10.3-2021.10.win32_1.0.100.202210260954/tools/bin/../lib/gcc/arm-none-eabi/10.3.1/../../../../arm-none-eabi/lib/thumb/v7e-m+fp/hard\libc_nano.a(lib_a-errno.o)
                0x000000000800826c                __errno
 .text.__libc_init_array
                0x0000000008008278       0x48 c:/st/stm32cubeide_1.11.0/stm32cubeide/plugins/com.st.stm32cube.ide.mcu.externaltools.gnu-tools-for-stm32.10.3-2021.10.win32_1.0.100.202210260954/tools/bin/../lib/gcc/arm-none-eabi/10.3.1/../../../../arm-none-eabi/lib/thumb/v7e-m+fp/hard\libc_nano.a(lib_a-init.o)
                0x0000000008008278                __libc_init_array
 .text.malloc   0x00000000080082c0       0x10 c:/st/stm32cubeide_1.11.0/stm32cubeide/plugins/com.st.stm32cube.ide.mcu.externaltools.gnu-tools-for-stm32.10.3-2021.10.win32_1.0.100.202210260954/tools/bin/../lib/gcc/arm-none-eabi/10.3.1/../../../../arm-none-eabi/lib/thumb/v7e-m+fp/hard\libc_nano.a(lib_a-malloc.o)
                0x00000000080082c0                malloc
 .text.free     0x00000000080082d0       0x10 c:/st/stm32cubeide_1.11.0/stm32cubeide/plugins/com.st.stm32cube.ide.mcu.externaltools.gnu-tools-for-stm32.10.3-2021.10.win32_1.0.100.202210260954/tools/bin/../lib/gcc/arm-none-eabi/10.3.1/../../../../arm-none-eabi/lib/thumb/v7e-m+fp/hard\libc_nano.a(lib_a-malloc.o)
                0x00000000080082d0                free
 .text.memcpy   0x00000000080082e0       0x1c c:/st/stm32cubeide_1.11.0/stm32cubeide/plugins/com.st.stm32cube.ide.mcu.externaltools.gnu-tools-for-stm32.10.3-2021.10.win32_1.0.100.202210260954/tools/bin/../lib/gcc/arm-none-eabi/10.3.1/../../../../arm-none-eabi/lib/thumb/v7e-m+fp/hard\libc_nano.a(lib_a-memcpy-stub.o)
                0x00000000080082e0                memcpy
 .text.memset   0x00000000080082fc       0x10 c:/st/stm32cubeide_1.11.0/stm32cubeide/plugins/com.st.stm32cube.ide.mcu.externaltools.gnu-tools-for-stm32.10.3-2021.10.win32_1.0.100.202210260954/tools/bin/../lib/gcc/arm-none-eabi/10.3.1/../../../../arm-none-eabi/lib/thumb/v7e-m+fp/hard\libc_nano.a(lib_a-memset.o)
                0x00000000080082fc                memset
 .text._free_r  0x000000000800830c       0x98 c:/st/stm32cubeide_1.11.0/stm32cubeide/plugins/com.st.stm32cube.ide.mcu.externaltools.gnu-tools-for-stm32.10.3-2021.10.win32_1.0.100.202210260954/tools/bin/../lib/gcc/arm-none-eabi/10.3.1/../../../../arm-none-eabi/lib/thumb/v7e-m+fp/hard\libc_nano.a(lib_a-nano-freer.o)
                0x000000000800830c                _free_r
 .text.sbrk_aligned
                0x00000000080083a4       0x40 c:/st/stm32cubeide_1.11.0/stm32cubeide/plugins/com.st.stm32cube.ide.mcu.externaltools.gnu-tools-for-stm32.10.3-2021.10.win32_1.0.100.202210260954/tools/bin/../lib/gcc/arm-none-eabi/10.3.1/../../../../arm-none-eabi/lib/thumb/v7e-m+fp/hard\libc_nano.a(lib_a-nano-mallocr.o)
 .text._malloc_r
                0x00000000080083e4       0xe8 c:/st/stm32cubeide_1.11.0/stm32cubeide/plugins/com.st.stm32cube.ide.mcu.externaltools.gnu-tools-for-stm32.10.3-2021.10.win32_1.0.100.202210260954/tools/bin/../lib/gcc/arm-none-eabi/10.3.1/../../../../arm-none-eabi/lib/thumb/v7e-m+fp/hard\libc_nano.a(lib_a-nano-mallocr.o)
                0x00000000080083e4                _malloc_r
 .text.rand     0x00000000080084cc       0x7c c:/st/stm32cubeide_1.11.0/stm32cubeide/plugins/com.st.stm32cube.ide.mcu.externaltools.gnu-tools-for-stm32.10.3-2021.10.win32_1.0.100.202210260954/tools/bin/../lib/gcc/arm-none-eabi/10.3.1/../../../../arm-none-eabi/lib/thumb/v7e-m+fp/hard\libc_nano.a(lib_a-rand.o)
                0x00000000080084cc                rand
 .text._sbrk_r  0x0000000008008548       0x20 c:/st/stm32cubeide_1.11.0/stm32cubeide/plugins/com.st.stm32cube.ide.mcu.externaltools.gnu-tools-for-stm32.10.3-2021.10.win32_1.0.100.202210260954/tools/bin/../lib/gcc/arm-none-eabi/10.3.1/../../../../arm-none-eabi/lib/thumb/v7e-m+fp/hard\libc_nano.a(lib_a-sbrkr.o)
                0x0000000008008548                _sbrk_r
 .text.sprintf  0x0000000008008568       0x40 c:/st/stm32cubeide_1.11.0/stm32cubeide/plugins/com.st.stm32cube.ide.mcu.externaltools.gnu-tools-for-stm32.10.3-2021.10.win32_1.0.100.202210260954/tools/bin/../lib/gcc/arm-none-eabi/10.3.1/../../../../arm-none-eabi/lib/thumb/v7e-m+fp/hard\libc_nano.a(lib_a-sprintf.o)
                0x0000000008008568                siprintf
                0x0000000008008568                sprintf
 .text.strcpy   0x00000000080085a8       0x10 c:/st/stm32cubeide_1.11.0/stm32cubeide/plugins/com.st.stm32cube.ide.mcu.externaltools.gnu-tools-for-stm32.10.3-2021.10.win32_1.0.100.202210260954/tools/bin/../lib/gcc/arm-none-eabi/10.3.1/../../../../arm-none-eabi/lib/thumb/v7e-m+fp/hard\libc_nano.a(lib_a-strcpy.o)
                0x00000000080085a8                strcpy
 .text.__assert_func
                0x00000000080085b8       0x3c c:/st/stm32cubeide_1.11.0/stm32cubeide/plugins/com.st.stm32cube.ide.mcu.externaltools.gnu-tools-for-stm32.10.3-2021.10.win32_1.0.100.202210260954/tools/bin/../lib/gcc/arm-none-eabi/10.3.1/../../../../arm-none-eabi/lib/thumb/v7e-m+fp/hard\libc_nano.a(lib_a-assert.o)
                0x00000000080085b8                __assert_func
 .text.fprintf  0x00000000080085f4       0x24 c:/st/stm32cubeide_1.11.0/stm32cubeide/plugins/com.st.stm32cube.ide.mcu.externaltools.gnu-tools-for-stm32.10.3-2021.10.win32_1.0.100.202210260954/tools/bin/../lib/gcc/arm-none-eabi/10.3.1/../../../../arm-none-eabi/lib/thumb/v7e-m+fp/hard\libc_nano.a(lib_a-fprintf.o)
                0x00000000080085f4                fiprintf
                0x00000000080085f4                fprintf
 .text.__malloc_lock
                0x0000000008008618        0xc c:/st/stm32cubeide_1.11.0/stm32cubeide/plugins/com.st.stm32cube.ide.mcu.externaltools.gnu-tools-for-stm32.10.3-2021.10.win32_1.0.100.202210260954/tools/bin/../lib/gcc/arm-none-eabi/10.3.1/../../../../arm-none-eabi/lib/thumb/v7e-m+fp/hard\libc_nano.a(lib_a-mlock.o)
                0x0000000008008618                __malloc_lock
 .text.__malloc_unlock
                0x0000000008008624        0xc c:/st/stm32cubeide_1.11.0/stm32cubeide/plugins/com.st.stm32cube.ide.mcu.externaltools.gnu-tools-for-stm32.10.3-2021.10.win32_1.0.100.202210260954/tools/bin/../lib/gcc/arm-none-eabi/10.3.1/../../../../arm-none-eabi/lib/thumb/v7e-m+fp/hard\libc_nano.a(lib_a-mlock.o)
                0x0000000008008624                __malloc_unlock
 .text.__ssputs_r
                0x0000000008008630       0xb6 c:/st/stm32cubeide_1.11.0/stm32cubeide/plugins/com.st.stm32cube.ide.mcu.externaltools.gnu-tools-for-stm32.10.3-2021.10.win32_1.0.100.202210260954/tools/bin/../lib/gcc/arm-none-eabi/10.3.1/../../../../arm-none-eabi/lib/thumb/v7e-m+fp/hard\libc_nano.a(lib_a-nano-svfprintf.o)
                0x0000000008008630                __ssputs_r
 *fill*         0x00000000080086e6        0x2 
 .text._svfprintf_r
                0x00000000080086e8      0x200 c:/st/stm32cubeide_1.11.0/stm32cubeide/plugins/com.st.stm32cube.ide.mcu.externaltools.gnu-tools-for-stm32.10.3-2021.10.win32_1.0.100.202210260954/tools/bin/../lib/gcc/arm-none-eabi/10.3.1/../../../../arm-none-eabi/lib/thumb/v7e-m+fp/hard\libc_nano.a(lib_a-nano-svfprintf.o)
                0x00000000080086e8                _svfiprintf_r
                0x00000000080086e8                _svfprintf_r
 .text.__sfputc_r
                0x00000000080088e8       0x2e c:/st/stm32cubeide_1.11.0/stm32cubeide/plugins/com.st.stm32cube.ide.mcu.externaltools.gnu-tools-for-stm32.10.3-2021.10.win32_1.0.100.202210260954/tools/bin/../lib/gcc/arm-none-eabi/10.3.1/../../../../arm-none-eabi/lib/thumb/v7e-m+fp/hard\libc_nano.a(lib_a-nano-vfprintf.o)
 .text.__sfputs_r
                0x0000000008008916       0x24 c:/st/stm32cubeide_1.11.0/stm32cubeide/plugins/com.st.stm32cube.ide.mcu.externaltools.gnu-tools-for-stm32.10.3-2021.10.win32_1.0.100.202210260954/tools/bin/../lib/gcc/arm-none-eabi/10.3.1/../../../../arm-none-eabi/lib/thumb/v7e-m+fp/hard\libc_nano.a(lib_a-nano-vfprintf.o)
                0x0000000008008916                __sfputs_r
 *fill*         0x000000000800893a        0x2 
 .text._vfprintf_r
                0x000000000800893c      0x260 c:/st/stm32cubeide_1.11.0/stm32cubeide/plugins/com.st.stm32cube.ide.mcu.externaltools.gnu-tools-for-stm32.10.3-2021.10.win32_1.0.100.202210260954/tools/bin/../lib/gcc/arm-none-eabi/10.3.1/../../../../arm-none-eabi/lib/thumb/v7e-m+fp/hard\libc_nano.a(lib_a-nano-vfprintf.o)
                0x000000000800893c                _vfprintf_r
                0x000000000800893c                _vfiprintf_r
 .text._printf_common
                0x0000000008008b9c       0xda c:/st/stm32cubeide_1.11.0/stm32cubeide/plugins/com.st.stm32cube.ide.mcu.externaltools.gnu-tools-for-stm32.10.3-2021.10.win32_1.0.100.202210260954/tools/bin/../lib/gcc/arm-none-eabi/10.3.1/../../../../arm-none-eabi/lib/thumb/v7e-m+fp/hard\libc_nano.a(lib_a-nano-vfprintf_i.o)
                0x0000000008008b9c                _printf_common
 *fill*         0x0000000008008c76        0x2 
 .text._printf_i
                0x0000000008008c78      0x24c c:/st/stm32cubeide_1.11.0/stm32cubeide/plugins/com.st.stm32cube.ide.mcu.externaltools.gnu-tools-for-stm32.10.3-2021.10.win32_1.0.100.202210260954/tools/bin/../lib/gcc/arm-none-eabi/10.3.1/../../../../arm-none-eabi/lib/thumb/v7e-m+fp/hard\libc_nano.a(lib_a-nano-vfprintf_i.o)
                0x0000000008008c78                _printf_i
 .text.__swbuf_r
                0x0000000008008ec4       0xa4 c:/st/stm32cubeide_1.11.0/stm32cubeide/plugins/com.st.stm32cube.ide.mcu.externaltools.gnu-tools-for-stm32.10.3-2021.10.win32_1.0.100.202210260954/tools/bin/../lib/gcc/arm-none-eabi/10.3.1/../../../../arm-none-eabi/lib/thumb/v7e-m+fp/hard\libc_nano.a(lib_a-wbuf.o)
                0x0000000008008ec4                __swbuf_r
 .text.__swsetup_r
                0x0000000008008f68       0xdc c:/st/stm32cubeide_1.11.0/stm32cubeide/plugins/com.st.stm32cube.ide.mcu.externaltools.gnu-tools-for-stm32.10.3-2021.10.win32_1.0.100.202210260954/tools/bin/../lib/gcc/arm-none-eabi/10.3.1/../../../../arm-none-eabi/lib/thumb/v7e-m+fp/hard\libc_nano.a(lib_a-wsetup.o)
                0x0000000008008f68                __swsetup_r
 .text.abort    0x0000000008009044        0xe c:/st/stm32cubeide_1.11.0/stm32cubeide/plugins/com.st.stm32cube.ide.mcu.externaltools.gnu-tools-for-stm32.10.3-2021.10.win32_1.0.100.202210260954/tools/bin/../lib/gcc/arm-none-eabi/10.3.1/../../../../arm-none-eabi/lib/thumb/v7e-m+fp/hard\libc_nano.a(lib_a-abort.o)
                0x0000000008009044                abort
 *fill*         0x0000000008009052        0x2 
 .text.__sflush_r
                0x0000000008009054      0x10c c:/st/stm32cubeide_1.11.0/stm32cubeide/plugins/com.st.stm32cube.ide.mcu.externaltools.gnu-tools-for-stm32.10.3-2021.10.win32_1.0.100.202210260954/tools/bin/../lib/gcc/arm-none-eabi/10.3.1/../../../../arm-none-eabi/lib/thumb/v7e-m+fp/hard\libc_nano.a(lib_a-fflush.o)
                0x0000000008009054                __sflush_r
 .text._fflush_r
                0x0000000008009160       0x78 c:/st/stm32cubeide_1.11.0/stm32cubeide/plugins/com.st.stm32cube.ide.mcu.externaltools.gnu-tools-for-stm32.10.3-2021.10.win32_1.0.100.202210260954/tools/bin/../lib/gcc/arm-none-eabi/10.3.1/../../../../arm-none-eabi/lib/thumb/v7e-m+fp/hard\libc_nano.a(lib_a-fflush.o)
                0x0000000008009160                _fflush_r
 .text.std      0x00000000080091d8       0x48 c:/st/stm32cubeide_1.11.0/stm32cubeide/plugins/com.st.stm32cube.ide.mcu.externaltools.gnu-tools-for-stm32.10.3-2021.10.win32_1.0.100.202210260954/tools/bin/../lib/gcc/arm-none-eabi/10.3.1/../../../../arm-none-eabi/lib/thumb/v7e-m+fp/hard\libc_nano.a(lib_a-findfp.o)
 .text._cleanup_r
                0x0000000008009220        0xc c:/st/stm32cubeide_1.11.0/stm32cubeide/plugins/com.st.stm32cube.ide.mcu.externaltools.gnu-tools-for-stm32.10.3-2021.10.win32_1.0.100.202210260954/tools/bin/../lib/gcc/arm-none-eabi/10.3.1/../../../../arm-none-eabi/lib/thumb/v7e-m+fp/hard\libc_nano.a(lib_a-findfp.o)
                0x0000000008009220                _cleanup_r
 .text.__sfmoreglue
                0x000000000800922c       0x2c c:/st/stm32cubeide_1.11.0/stm32cubeide/plugins/com.st.stm32cube.ide.mcu.externaltools.gnu-tools-for-stm32.10.3-2021.10.win32_1.0.100.202210260954/tools/bin/../lib/gcc/arm-none-eabi/10.3.1/../../../../arm-none-eabi/lib/thumb/v7e-m+fp/hard\libc_nano.a(lib_a-findfp.o)
                0x000000000800922c                __sfmoreglue
 .text.__sfp_lock_acquire
                0x0000000008009258        0xc c:/st/stm32cubeide_1.11.0/stm32cubeide/plugins/com.st.stm32cube.ide.mcu.externaltools.gnu-tools-for-stm32.10.3-2021.10.win32_1.0.100.202210260954/tools/bin/../lib/gcc/arm-none-eabi/10.3.1/../../../../arm-none-eabi/lib/thumb/v7e-m+fp/hard\libc_nano.a(lib_a-findfp.o)
                0x0000000008009258                __sfp_lock_acquire
 .text.__sfp_lock_release
                0x0000000008009264        0xc c:/st/stm32cubeide_1.11.0/stm32cubeide/plugins/com.st.stm32cube.ide.mcu.externaltools.gnu-tools-for-stm32.10.3-2021.10.win32_1.0.100.202210260954/tools/bin/../lib/gcc/arm-none-eabi/10.3.1/../../../../arm-none-eabi/lib/thumb/v7e-m+fp/hard\libc_nano.a(lib_a-findfp.o)
                0x0000000008009264                __sfp_lock_release
 .text.__sinit_lock_acquire
                0x0000000008009270        0xc c:/st/stm32cubeide_1.11.0/stm32cubeide/plugins/com.st.stm32cube.ide.mcu.externaltools.gnu-tools-for-stm32.10.3-2021.10.win32_1.0.100.202210260954/tools/bin/../lib/gcc/arm-none-eabi/10.3.1/../../../../arm-none-eabi/lib/thumb/v7e-m+fp/hard\libc_nano.a(lib_a-findfp.o)
                0x0000000008009270                __sinit_lock_acquire
 .text.__sinit_lock_release
                0x000000000800927c        0xc c:/st/stm32cubeide_1.11.0/stm32cubeide/plugins/com.st.stm32cube.ide.mcu.externaltools.gnu-tools-for-stm32.10.3-2021.10.win32_1.0.100.202210260954/tools/bin/../lib/gcc/arm-none-eabi/10.3.1/../../../../arm-none-eabi/lib/thumb/v7e-m+fp/hard\libc_nano.a(lib_a-findfp.o)
                0x000000000800927c                __sinit_lock_release
 .text.__sinit  0x0000000008009288       0x70 c:/st/stm32cubeide_1.11.0/stm32cubeide/plugins/com.st.stm32cube.ide.mcu.externaltools.gnu-tools-for-stm32.10.3-2021.10.win32_1.0.100.202210260954/tools/bin/../lib/gcc/arm-none-eabi/10.3.1/../../../../arm-none-eabi/lib/thumb/v7e-m+fp/hard\libc_nano.a(lib_a-findfp.o)
                0x0000000008009288                __sinit
 .text.__sfp    0x00000000080092f8       0x8c c:/st/stm32cubeide_1.11.0/stm32cubeide/plugins/com.st.stm32cube.ide.mcu.externaltools.gnu-tools-for-stm32.10.3-2021.10.win32_1.0.100.202210260954/tools/bin/../lib/gcc/arm-none-eabi/10.3.1/../../../../arm-none-eabi/lib/thumb/v7e-m+fp/hard\libc_nano.a(lib_a-findfp.o)
                0x00000000080092f8                __sfp
 .text._fwalk_reent
                0x0000000008009384       0x3e c:/st/stm32cubeide_1.11.0/stm32cubeide/plugins/com.st.stm32cube.ide.mcu.externaltools.gnu-tools-for-stm32.10.3-2021.10.win32_1.0.100.202210260954/tools/bin/../lib/gcc/arm-none-eabi/10.3.1/../../../../arm-none-eabi/lib/thumb/v7e-m+fp/hard\libc_nano.a(lib_a-fwalk.o)
                0x0000000008009384                _fwalk_reent
 .text.__retarget_lock_init_recursive
                0x00000000080093c2        0x2 c:/st/stm32cubeide_1.11.0/stm32cubeide/plugins/com.st.stm32cube.ide.mcu.externaltools.gnu-tools-for-stm32.10.3-2021.10.win32_1.0.100.202210260954/tools/bin/../lib/gcc/arm-none-eabi/10.3.1/../../../../arm-none-eabi/lib/thumb/v7e-m+fp/hard\libc_nano.a(lib_a-lock.o)
                0x00000000080093c2                __retarget_lock_init_recursive
 .text.__retarget_lock_acquire_recursive
                0x00000000080093c4        0x2 c:/st/stm32cubeide_1.11.0/stm32cubeide/plugins/com.st.stm32cube.ide.mcu.externaltools.gnu-tools-for-stm32.10.3-2021.10.win32_1.0.100.202210260954/tools/bin/../lib/gcc/arm-none-eabi/10.3.1/../../../../arm-none-eabi/lib/thumb/v7e-m+fp/hard\libc_nano.a(lib_a-lock.o)
                0x00000000080093c4                __retarget_lock_acquire_recursive
 .text.__retarget_lock_release_recursive
                0x00000000080093c6        0x2 c:/st/stm32cubeide_1.11.0/stm32cubeide/plugins/com.st.stm32cube.ide.mcu.externaltools.gnu-tools-for-stm32.10.3-2021.10.win32_1.0.100.202210260954/tools/bin/../lib/gcc/arm-none-eabi/10.3.1/../../../../arm-none-eabi/lib/thumb/v7e-m+fp/hard\libc_nano.a(lib_a-lock.o)
                0x00000000080093c6                __retarget_lock_release_recursive
 .text.__swhatbuf_r
                0x00000000080093c8       0x4a c:/st/stm32cubeide_1.11.0/stm32cubeide/plugins/com.st.stm32cube.ide.mcu.externaltools.gnu-tools-for-stm32.10.3-2021.10.win32_1.0.100.202210260954/tools/bin/../lib/gcc/arm-none-eabi/10.3.1/../../../../arm-none-eabi/lib/thumb/v7e-m+fp/hard\libc_nano.a(lib_a-makebuf.o)
                0x00000000080093c8                __swhatbuf_r
 *fill*         0x0000000008009412        0x2 
 .text.__smakebuf_r
                0x0000000008009414       0x80 c:/st/stm32cubeide_1.11.0/stm32cubeide/plugins/com.st.stm32cube.ide.mcu.externaltools.gnu-tools-for-stm32.10.3-2021.10.win32_1.0.100.202210260954/tools/bin/../lib/gcc/arm-none-eabi/10.3.1/../../../../arm-none-eabi/lib/thumb/v7e-m+fp/hard\libc_nano.a(lib_a-makebuf.o)
                0x0000000008009414                __smakebuf_r
 .text.memmove  0x0000000008009494       0x34 c:/st/stm32cubeide_1.11.0/stm32cubeide/plugins/com.st.stm32cube.ide.mcu.externaltools.gnu-tools-for-stm32.10.3-2021.10.win32_1.0.100.202210260954/tools/bin/../lib/gcc/arm-none-eabi/10.3.1/../../../../arm-none-eabi/lib/thumb/v7e-m+fp/hard\libc_nano.a(lib_a-memmove.o)
                0x0000000008009494                memmove
 .text._realloc_r
                0x00000000080094c8       0x5e c:/st/stm32cubeide_1.11.0/stm32cubeide/plugins/com.st.stm32cube.ide.mcu.externaltools.gnu-tools-for-stm32.10.3-2021.10.win32_1.0.100.202210260954/tools/bin/../lib/gcc/arm-none-eabi/10.3.1/../../../../arm-none-eabi/lib/thumb/v7e-m+fp/hard\libc_nano.a(lib_a-nano-reallocr.o)
                0x00000000080094c8                _realloc_r
 .text._raise_r
                0x0000000008009526       0x50 c:/st/stm32cubeide_1.11.0/stm32cubeide/plugins/com.st.stm32cube.ide.mcu.externaltools.gnu-tools-for-stm32.10.3-2021.10.win32_1.0.100.202210260954/tools/bin/../lib/gcc/arm-none-eabi/10.3.1/../../../../arm-none-eabi/lib/thumb/v7e-m+fp/hard\libc_nano.a(lib_a-signal.o)
                0x0000000008009526                _raise_r
 *fill*         0x0000000008009576        0x2 
 .text.raise    0x0000000008009578       0x10 c:/st/stm32cubeide_1.11.0/stm32cubeide/plugins/com.st.stm32cube.ide.mcu.externaltools.gnu-tools-for-stm32.10.3-2021.10.win32_1.0.100.202210260954/tools/bin/../lib/gcc/arm-none-eabi/10.3.1/../../../../arm-none-eabi/lib/thumb/v7e-m+fp/hard\libc_nano.a(lib_a-signal.o)
                0x0000000008009578                raise
 .text._kill_r  0x0000000008009588       0x24 c:/st/stm32cubeide_1.11.0/stm32cubeide/plugins/com.st.stm32cube.ide.mcu.externaltools.gnu-tools-for-stm32.10.3-2021.10.win32_1.0.100.202210260954/tools/bin/../lib/gcc/arm-none-eabi/10.3.1/../../../../arm-none-eabi/lib/thumb/v7e-m+fp/hard\libc_nano.a(lib_a-signalr.o)
                0x0000000008009588                _kill_r
 .text._getpid_r
                0x00000000080095ac        0x4 c:/st/stm32cubeide_1.11.0/stm32cubeide/plugins/com.st.stm32cube.ide.mcu.externaltools.gnu-tools-for-stm32.10.3-2021.10.win32_1.0.100.202210260954/tools/bin/../lib/gcc/arm-none-eabi/10.3.1/../../../../arm-none-eabi/lib/thumb/v7e-m+fp/hard\libc_nano.a(lib_a-signalr.o)
                0x00000000080095ac                _getpid_r
 .text.__sread  0x00000000080095b0       0x22 c:/st/stm32cubeide_1.11.0/stm32cubeide/plugins/com.st.stm32cube.ide.mcu.externaltools.gnu-tools-for-stm32.10.3-2021.10.win32_1.0.100.202210260954/tools/bin/../lib/gcc/arm-none-eabi/10.3.1/../../../../arm-none-eabi/lib/thumb/v7e-m+fp/hard\libc_nano.a(lib_a-stdio.o)
                0x00000000080095b0                __sread
 .text.__swrite
                0x00000000080095d2       0x38 c:/st/stm32cubeide_1.11.0/stm32cubeide/plugins/com.st.stm32cube.ide.mcu.externaltools.gnu-tools-for-stm32.10.3-2021.10.win32_1.0.100.202210260954/tools/bin/../lib/gcc/arm-none-eabi/10.3.1/../../../../arm-none-eabi/lib/thumb/v7e-m+fp/hard\libc_nano.a(lib_a-stdio.o)
                0x00000000080095d2                __swrite
 .text.__sseek  0x000000000800960a       0x24 c:/st/stm32cubeide_1.11.0/stm32cubeide/plugins/com.st.stm32cube.ide.mcu.externaltools.gnu-tools-for-stm32.10.3-2021.10.win32_1.0.100.202210260954/tools/bin/../lib/gcc/arm-none-eabi/10.3.1/../../../../arm-none-eabi/lib/thumb/v7e-m+fp/hard\libc_nano.a(lib_a-stdio.o)
                0x000000000800960a                __sseek
 .text.__sclose
                0x000000000800962e        0x8 c:/st/stm32cubeide_1.11.0/stm32cubeide/plugins/com.st.stm32cube.ide.mcu.externaltools.gnu-tools-for-stm32.10.3-2021.10.win32_1.0.100.202210260954/tools/bin/../lib/gcc/arm-none-eabi/10.3.1/../../../../arm-none-eabi/lib/thumb/v7e-m+fp/hard\libc_nano.a(lib_a-stdio.o)
                0x000000000800962e                __sclose
 *fill*         0x0000000008009636        0x2 
 .text._write_r
                0x0000000008009638       0x24 c:/st/stm32cubeide_1.11.0/stm32cubeide/plugins/com.st.stm32cube.ide.mcu.externaltools.gnu-tools-for-stm32.10.3-2021.10.win32_1.0.100.202210260954/tools/bin/../lib/gcc/arm-none-eabi/10.3.1/../../../../arm-none-eabi/lib/thumb/v7e-m+fp/hard\libc_nano.a(lib_a-writer.o)
                0x0000000008009638                _write_r
 .text._close_r
                0x000000000800965c       0x20 c:/st/stm32cubeide_1.11.0/stm32cubeide/plugins/com.st.stm32cube.ide.mcu.externaltools.gnu-tools-for-stm32.10.3-2021.10.win32_1.0.100.202210260954/tools/bin/../lib/gcc/arm-none-eabi/10.3.1/../../../../arm-none-eabi/lib/thumb/v7e-m+fp/hard\libc_nano.a(lib_a-closer.o)
                0x000000000800965c                _close_r
 .text._fstat_r
                0x000000000800967c       0x24 c:/st/stm32cubeide_1.11.0/stm32cubeide/plugins/com.st.stm32cube.ide.mcu.externaltools.gnu-tools-for-stm32.10.3-2021.10.win32_1.0.100.202210260954/tools/bin/../lib/gcc/arm-none-eabi/10.3.1/../../../../arm-none-eabi/lib/thumb/v7e-m+fp/hard\libc_nano.a(lib_a-fstatr.o)
                0x000000000800967c                _fstat_r
 .text._isatty_r
                0x00000000080096a0       0x20 c:/st/stm32cubeide_1.11.0/stm32cubeide/plugins/com.st.stm32cube.ide.mcu.externaltools.gnu-tools-for-stm32.10.3-2021.10.win32_1.0.100.202210260954/tools/bin/../lib/gcc/arm-none-eabi/10.3.1/../../../../arm-none-eabi/lib/thumb/v7e-m+fp/hard\libc_nano.a(lib_a-isattyr.o)
                0x00000000080096a0                _isatty_r
 .text._lseek_r
                0x00000000080096c0       0x24 c:/st/stm32cubeide_1.11.0/stm32cubeide/plugins/com.st.stm32cube.ide.mcu.externaltools.gnu-tools-for-stm32.10.3-2021.10.win32_1.0.100.202210260954/tools/bin/../lib/gcc/arm-none-eabi/10.3.1/../../../../arm-none-eabi/lib/thumb/v7e-m+fp/hard\libc_nano.a(lib_a-lseekr.o)
                0x00000000080096c0                _lseek_r
 .text._malloc_usable_size_r
                0x00000000080096e4       0x10 c:/st/stm32cubeide_1.11.0/stm32cubeide/plugins/com.st.stm32cube.ide.mcu.externaltools.gnu-tools-for-stm32.10.3-2021.10.win32_1.0.100.202210260954/tools/bin/../lib/gcc/arm-none-eabi/10.3.1/../../../../arm-none-eabi/lib/thumb/v7e-m+fp/hard\libc_nano.a(lib_a-nano-msizer.o)
                0x00000000080096e4                _malloc_usable_size_r
 .text._read_r  0x00000000080096f4       0x24 c:/st/stm32cubeide_1.11.0/stm32cubeide/plugins/com.st.stm32cube.ide.mcu.externaltools.gnu-tools-for-stm32.10.3-2021.10.win32_1.0.100.202210260954/tools/bin/../lib/gcc/arm-none-eabi/10.3.1/../../../../arm-none-eabi/lib/thumb/v7e-m+fp/hard\libc_nano.a(lib_a-readr.o)
                0x00000000080096f4                _read_r
 *(.glue_7)
 .glue_7        0x0000000008009718        0x0 linker stubs
 *(.glue_7t)
 .glue_7t       0x0000000008009718        0x0 linker stubs
 *(.eh_frame)
 .eh_frame      0x0000000008009718        0x0 c:/st/stm32cubeide_1.11.0/stm32cubeide/plugins/com.st.stm32cube.ide.mcu.externaltools.gnu-tools-for-stm32.10.3-2021.10.win32_1.0.100.202210260954/tools/bin/../lib/gcc/arm-none-eabi/10.3.1/thumb/v7e-m+fp/hard/crtbegin.o
 *(.init)
 .init          0x0000000008009718        0x4 c:/st/stm32cubeide_1.11.0/stm32cubeide/plugins/com.st.stm32cube.ide.mcu.externaltools.gnu-tools-for-stm32.10.3-2021.10.win32_1.0.100.202210260954/tools/bin/../lib/gcc/arm-none-eabi/10.3.1/thumb/v7e-m+fp/hard/crti.o
                0x0000000008009718                _init
 .init          0x000000000800971c        0x8 c:/st/stm32cubeide_1.11.0/stm32cubeide/plugins/com.st.stm32cube.ide.mcu.externaltools.gnu-tools-for-stm32.10.3-2021.10.win32_1.0.100.202210260954/tools/bin/../lib/gcc/arm-none-eabi/10.3.1/thumb/v7e-m+fp/hard/crtn.o
 *(.fini)
 .fini          0x0000000008009724        0x4 c:/st/stm32cubeide_1.11.0/stm32cubeide/plugins/com.st.stm32cube.ide.mcu.externaltools.gnu-tools-for-stm32.10.3-2021.10.win32_1.0.100.202210260954/tools/bin/../lib/gcc/arm-none-eabi/10.3.1/thumb/v7e-m+fp/hard/crti.o
                0x0000000008009724                _fini
 .fini          0x0000000008009728        0x8 c:/st/stm32cubeide_1.11.0/stm32cubeide/plugins/com.st.stm32cube.ide.mcu.externaltools.gnu-tools-for-stm32.10.3-2021.10.win32_1.0.100.202210260954/tools/bin/../lib/gcc/arm-none-eabi/10.3.1/thumb/v7e-m+fp/hard/crtn.o
                0x0000000008009730                . = ALIGN (0x4)
                0x0000000008009730                _etext = .

.vfp11_veneer   0x0000000008009730        0x0
 .vfp11_veneer  0x0000000008009730        0x0 linker stubs

.v4_bx          0x0000000008009730        0x0
 .v4_bx         0x0000000008009730        0x0 linker stubs

.iplt           0x0000000008009730        0x0
 .iplt          0x0000000008009730        0x0 c:/st/stm32cubeide_1.11.0/stm32cubeide/plugins/com.st.stm32cube.ide.mcu.externaltools.gnu-tools-for-stm32.10.3-2021.10.win32_1.0.100.202210260954/tools/bin/../lib/gcc/arm-none-eabi/10.3.1/thumb/v7e-m+fp/hard/crtbegin.o

.rodata         0x0000000008009730      0x5fc
                0x0000000008009730                . = ALIGN (0x4)
 *(.rodata)
 .rodata        0x0000000008009730       0x10 ./Core/Src/W5500_C/w5500_spi.o
 .rodata        0x0000000008009740       0x3a ./Core/srccpp/DisplayCPP/DisplayRoutine.o
 .rodata        0x000000000800977a        0xf ./Core/srccpp/DisplayCPP/GLCD.o
 .rodata        0x0000000008009789      0x200 ./Core/srccpp/Modbus/Modbusrtu.o
 *(.rodata*)
 .rodata.AHBPrescTable
                0x0000000008009989       0x10 ./Core/Src/system_stm32l4xx.o
                0x0000000008009989                AHBPrescTable
 .rodata.APBPrescTable
                0x0000000008009999        0x8 ./Core/Src/system_stm32l4xx.o
                0x0000000008009999                APBPrescTable
 *fill*         0x00000000080099a1        0x3 
 .rodata.MSIRangeTable
                0x00000000080099a4       0x30 ./Core/Src/system_stm32l4xx.o
                0x00000000080099a4                MSIRangeTable
 .rodata.httpc_send_header.str1.1
                0x00000000080099d4       0xb3 ./Core/Src/W5500_C/httpClient.o
                                         0xb6 (size before relaxing)
 .rodata.httpc_send.str1.1
                0x0000000008009a87       0xb3 ./Core/Src/W5500_C/httpClient.o
                                          0x5 (size before relaxing)
 .rodata.str1.1
                0x0000000008009a87        0xf ./Core/Src/W5500_C/httpClient.o
 .rodata.ethernetHTTPRoutine.str1.1
                0x0000000008009a96       0xc7 ./Core/Src/W5500_C/w5500_spi.o
 *fill*         0x0000000008009b5d        0x3 
 .rodata._ZTV11Loadmeasure
                0x0000000008009b60       0x10 ./Core/srccpp/BussinessLogic/ApplicationSW.o
                0x0000000008009b60                vtable for Loadmeasure
 .rodata._ZTV6common
                0x0000000008009b70       0x10 ./Core/srccpp/Common/common.o
                0x0000000008009b70                vtable for common
 .rodata._ZN14DisplayRoutineC2Ev.str1.1
                0x0000000008009b80        0x4 ./Core/srccpp/DisplayCPP/DisplayRoutine.o
 .rodata._ZTV14DisplayRoutine
                0x0000000008009b84       0x10 ./Core/srccpp/DisplayCPP/DisplayRoutine.o
                0x0000000008009b84                vtable for DisplayRoutine
 .rodata._ZTV4GLCD
                0x0000000008009b94       0x10 ./Core/srccpp/DisplayCPP/GLCD.o
                0x0000000008009b94                vtable for GLCD
 .rodata._ZTV10W5500Class
                0x0000000008009ba4       0x10 ./Core/srccpp/Ethernet/W5500.o
                0x0000000008009ba4                vtable for W5500Class
 .rodata._ZTV9Modbusrtu
                0x0000000008009bb4       0x10 ./Core/srccpp/Modbus/Modbusrtu.o
                0x0000000008009bb4                vtable for Modbusrtu
 .rodata._ZTV14OfflineStorage
                0x0000000008009bc4       0x10 ./Core/srccpp/OfflineStorage/OfflineStorage.o
                0x0000000008009bc4                vtable for OfflineStorage
 .rodata.CSWTCH.53
                0x0000000008009bd4        0x3 ./Drivers/STM32L4xx_HAL_Driver/Src/stm32l4xx_hal_uart.o
 .rodata.CSWTCH.54
                0x0000000008009bd7        0xd ./Drivers/STM32L4xx_HAL_Driver/Src/stm32l4xx_hal_uart.o
 .rodata._global_impure_ptr
                0x0000000008009be4        0x4 c:/st/stm32cubeide_1.11.0/stm32cubeide/plugins/com.st.stm32cube.ide.mcu.externaltools.gnu-tools-for-stm32.10.3-2021.10.win32_1.0.100.202210260954/tools/bin/../lib/gcc/arm-none-eabi/10.3.1/../../../../arm-none-eabi/lib/thumb/v7e-m+fp/hard\libc_nano.a(lib_a-impure.o)
                0x0000000008009be4                _global_impure_ptr
 .rodata.srand.str1.1
                0x0000000008009be8       0x72 c:/st/stm32cubeide_1.11.0/stm32cubeide/plugins/com.st.stm32cube.ide.mcu.externaltools.gnu-tools-for-stm32.10.3-2021.10.win32_1.0.100.202210260954/tools/bin/../lib/gcc/arm-none-eabi/10.3.1/../../../../arm-none-eabi/lib/thumb/v7e-m+fp/hard\libc_nano.a(lib_a-rand.o)
 .rodata.__assert_func.str1.1
                0x0000000008009c5a       0x3c c:/st/stm32cubeide_1.11.0/stm32cubeide/plugins/com.st.stm32cube.ide.mcu.externaltools.gnu-tools-for-stm32.10.3-2021.10.win32_1.0.100.202210260954/tools/bin/../lib/gcc/arm-none-eabi/10.3.1/../../../../arm-none-eabi/lib/thumb/v7e-m+fp/hard\libc_nano.a(lib_a-assert.o)
                                         0x3d (size before relaxing)
 .rodata._svfprintf_r.str1.1
                0x0000000008009c96       0x11 c:/st/stm32cubeide_1.11.0/stm32cubeide/plugins/com.st.stm32cube.ide.mcu.externaltools.gnu-tools-for-stm32.10.3-2021.10.win32_1.0.100.202210260954/tools/bin/../lib/gcc/arm-none-eabi/10.3.1/../../../../arm-none-eabi/lib/thumb/v7e-m+fp/hard\libc_nano.a(lib_a-nano-svfprintf.o)
 .rodata._vfprintf_r.str1.1
                0x0000000008009ca7       0x11 c:/st/stm32cubeide_1.11.0/stm32cubeide/plugins/com.st.stm32cube.ide.mcu.externaltools.gnu-tools-for-stm32.10.3-2021.10.win32_1.0.100.202210260954/tools/bin/../lib/gcc/arm-none-eabi/10.3.1/../../../../arm-none-eabi/lib/thumb/v7e-m+fp/hard\libc_nano.a(lib_a-nano-vfprintf.o)
 .rodata._printf_i.str1.1
                0x0000000008009ca7       0x22 c:/st/stm32cubeide_1.11.0/stm32cubeide/plugins/com.st.stm32cube.ide.mcu.externaltools.gnu-tools-for-stm32.10.3-2021.10.win32_1.0.100.202210260954/tools/bin/../lib/gcc/arm-none-eabi/10.3.1/../../../../arm-none-eabi/lib/thumb/v7e-m+fp/hard\libc_nano.a(lib_a-nano-vfprintf_i.o)
 *fill*         0x0000000008009cc9        0x3 
 .rodata.__sf_fake_stderr
                0x0000000008009ccc       0x20 c:/st/stm32cubeide_1.11.0/stm32cubeide/plugins/com.st.stm32cube.ide.mcu.externaltools.gnu-tools-for-stm32.10.3-2021.10.win32_1.0.100.202210260954/tools/bin/../lib/gcc/arm-none-eabi/10.3.1/../../../../arm-none-eabi/lib/thumb/v7e-m+fp/hard\libc_nano.a(lib_a-findfp.o)
                0x0000000008009ccc                __sf_fake_stderr
 .rodata.__sf_fake_stdin
                0x0000000008009cec       0x20 c:/st/stm32cubeide_1.11.0/stm32cubeide/plugins/com.st.stm32cube.ide.mcu.externaltools.gnu-tools-for-stm32.10.3-2021.10.win32_1.0.100.202210260954/tools/bin/../lib/gcc/arm-none-eabi/10.3.1/../../../../arm-none-eabi/lib/thumb/v7e-m+fp/hard\libc_nano.a(lib_a-findfp.o)
                0x0000000008009cec                __sf_fake_stdin
 .rodata.__sf_fake_stdout
                0x0000000008009d0c       0x20 c:/st/stm32cubeide_1.11.0/stm32cubeide/plugins/com.st.stm32cube.ide.mcu.externaltools.gnu-tools-for-stm32.10.3-2021.10.win32_1.0.100.202210260954/tools/bin/../lib/gcc/arm-none-eabi/10.3.1/../../../../arm-none-eabi/lib/thumb/v7e-m+fp/hard\libc_nano.a(lib_a-findfp.o)
                0x0000000008009d0c                __sf_fake_stdout
                0x0000000008009d2c                . = ALIGN (0x4)

.ARM.extab      0x0000000008009d2c        0x0
                0x0000000008009d2c                . = ALIGN (0x4)
 *(.ARM.extab* .gnu.linkonce.armextab.*)
                0x0000000008009d2c                . = ALIGN (0x4)

.ARM            0x0000000008009d2c        0x8
                0x0000000008009d2c                . = ALIGN (0x4)
                0x0000000008009d2c                __exidx_start = .
 *(.ARM.exidx*)
 .ARM.exidx     0x0000000008009d2c        0x8 c:/st/stm32cubeide_1.11.0/stm32cubeide/plugins/com.st.stm32cube.ide.mcu.externaltools.gnu-tools-for-stm32.10.3-2021.10.win32_1.0.100.202210260954/tools/bin/../lib/gcc/arm-none-eabi/10.3.1/thumb/v7e-m+fp/hard\libgcc.a(_udivmoddi4.o)
                0x0000000008009d34                __exidx_end = .
                0x0000000008009d34                . = ALIGN (0x4)

.rel.dyn        0x0000000008009d34        0x0
 .rel.iplt      0x0000000008009d34        0x0 c:/st/stm32cubeide_1.11.0/stm32cubeide/plugins/com.st.stm32cube.ide.mcu.externaltools.gnu-tools-for-stm32.10.3-2021.10.win32_1.0.100.202210260954/tools/bin/../lib/gcc/arm-none-eabi/10.3.1/thumb/v7e-m+fp/hard/crtbegin.o

.preinit_array  0x0000000008009d34        0x0
                0x0000000008009d34                . = ALIGN (0x4)
                0x0000000008009d34                PROVIDE (__preinit_array_start = .)
 *(.preinit_array*)
                0x0000000008009d34                PROVIDE (__preinit_array_end = .)
                0x0000000008009d34                . = ALIGN (0x4)

.init_array     0x0000000008009d34        0x8
                0x0000000008009d34                . = ALIGN (0x4)
                0x0000000008009d34                PROVIDE (__init_array_start = .)
 *(SORT_BY_NAME(.init_array.*))
 *(.init_array*)
 .init_array    0x0000000008009d34        0x4 c:/st/stm32cubeide_1.11.0/stm32cubeide/plugins/com.st.stm32cube.ide.mcu.externaltools.gnu-tools-for-stm32.10.3-2021.10.win32_1.0.100.202210260954/tools/bin/../lib/gcc/arm-none-eabi/10.3.1/thumb/v7e-m+fp/hard/crtbegin.o
 .init_array    0x0000000008009d38        0x4 ./Core/srccpp/Ethernet/W5500.o
                0x0000000008009d3c                PROVIDE (__init_array_end = .)
                0x0000000008009d3c                . = ALIGN (0x4)

.fini_array     0x0000000008009d3c        0x4
                0x0000000008009d3c                . = ALIGN (0x4)
                [!provide]                        PROVIDE (__fini_array_start = .)
 *(SORT_BY_NAME(.fini_array.*))
 *(.fini_array*)
 .fini_array    0x0000000008009d3c        0x4 c:/st/stm32cubeide_1.11.0/stm32cubeide/plugins/com.st.stm32cube.ide.mcu.externaltools.gnu-tools-for-stm32.10.3-2021.10.win32_1.0.100.202210260954/tools/bin/../lib/gcc/arm-none-eabi/10.3.1/thumb/v7e-m+fp/hard/crtbegin.o
                [!provide]                        PROVIDE (__fini_array_end = .)
                0x0000000008009d40                . = ALIGN (0x4)
                0x0000000008009d40                _sidata = LOADADDR (.data)

.data           0x0000000020000000       0xd8 load address 0x0000000008009d40
                0x0000000020000000                . = ALIGN (0x4)
                0x0000000020000000                _sdata = .
 *(.data)
 *(.data*)
 .data.SystemCoreClock
                0x0000000020000000        0x4 ./Core/Src/system_stm32l4xx.o
                0x0000000020000000                SystemCoreClock
 .data.dest_ip  0x0000000020000004        0x4 ./Core/Src/W5500_C/httpClient.o
 .data.dest_port
                0x0000000020000008        0x2 ./Core/Src/W5500_C/httpClient.o
 .data.request  0x000000002000000a       0x18 ./Core/Src/W5500_C/httpClient.o
                0x000000002000000a                request
 .data.sock_any_port
                0x0000000020000022        0x2 ./Core/Src/W5500_C/socket.o
 .data.Domain_IP
                0x0000000020000024        0x4 ./Core/Src/W5500_C/w5500_spi.o
                0x0000000020000024                Domain_IP
 .data.gWIZNETINFO
                0x0000000020000028       0x17 ./Core/Src/W5500_C/w5500_spi.o
                0x0000000020000028                gWIZNETINFO
 *fill*         0x000000002000003f        0x1 
 .data.WIZCHIP  0x0000000020000040       0x2c ./Core/Src/W5500_C/wizchip_conf.o
                0x0000000020000040                WIZCHIP
 .data.uwTickFreq
                0x000000002000006c        0x1 ./Drivers/STM32L4xx_HAL_Driver/Src/stm32l4xx_hal.o
                0x000000002000006c                uwTickFreq
 *fill*         0x000000002000006d        0x3 
 .data.uwTickPrio
                0x0000000020000070        0x4 ./Drivers/STM32L4xx_HAL_Driver/Src/stm32l4xx_hal.o
                0x0000000020000070                uwTickPrio
 .data._impure_ptr
                0x0000000020000074        0x4 c:/st/stm32cubeide_1.11.0/stm32cubeide/plugins/com.st.stm32cube.ide.mcu.externaltools.gnu-tools-for-stm32.10.3-2021.10.win32_1.0.100.202210260954/tools/bin/../lib/gcc/arm-none-eabi/10.3.1/../../../../arm-none-eabi/lib/thumb/v7e-m+fp/hard\libc_nano.a(lib_a-impure.o)
                0x0000000020000074                _impure_ptr
 .data.impure_data