../Core/Src/W25Q64/w25qxx.c:26:9:W25qxx_Spi	32	static
../Core/Src/W25Q64/w25qxx.c:33:10:W25qxx_ReadID	24	static
../Core/Src/W25Q64/w25qxx.c:46:6:W25qxx_ReadUniqID	24	static
../Core/Src/W25Q64/w25qxx.c:57:6:W25qxx_WriteEnable	8	static
../Core/Src/W25Q64/w25qxx.c:65:6:W25qxx_WriteDisable	8	static
../Core/Src/W25Q64/w25qxx.c:73:9:W25qxx_ReadStatusRegister	24	static
../Core/Src/W25Q64/w25qxx.c:99:6:W25qxx_WriteStatusRegister	16	static
../Core/Src/W25Q64/w25qxx.c:121:6:W25qxx_WaitForWriteEnd	8	static
../Core/Src/W25Q64/w25qxx.c:134:6:W25qxx_Init	16	static
../Core/Src/W25Q64/w25qxx.c:253:6:W25qxx_EraseChip	8	static
../Core/Src/W25Q64/w25qxx.c:274:6:W25qxx_EraseSector	16	static
../Core/Src/W25Q64/w25qxx.c:308:6:W25qxx_EraseBlock	16	static
../Core/Src/W25Q64/w25qxx.c:344:10:W25qxx_PageToSector	16	static
../Core/Src/W25Q64/w25qxx.c:349:10:W25qxx_PageToBlock	16	static
../Core/Src/W25Q64/w25qxx.c:354:10:W25qxx_SectorToBlock	16	static
../Core/Src/W25Q64/w25qxx.c:359:10:W25qxx_SectorToPage	16	static
../Core/Src/W25Q64/w25qxx.c:364:10:W25qxx_BlockToPage	16	static
../Core/Src/W25Q64/w25qxx.c:369:6:W25qxx_IsEmptyPage	72	static
../Core/Src/W25Q64/w25qxx.c:451:6:W25qxx_IsEmptySector	72	static
../Core/Src/W25Q64/w25qxx.c:532:6:W25qxx_IsEmptyBlock	72	static
../Core/Src/W25Q64/w25qxx.c:615:6:W25qxx_WriteByte	16	static
../Core/Src/W25Q64/w25qxx.c:649:6:W25qxx_WritePage	24	static
../Core/Src/W25Q64/w25qxx.c:701:6:W25qxx_WriteSector	40	static
../Core/Src/W25Q64/w25qxx.c:740:6:W25qxx_WriteBlock	40	static
../Core/Src/W25Q64/w25qxx.c:779:6:W25qxx_ReadByte	16	static
../Core/Src/W25Q64/w25qxx.c:811:6:W25qxx_ReadBytes	24	static
../Core/Src/W25Q64/w25qxx.c:856:6:W25qxx_ReadPage	24	static
../Core/Src/W25Q64/w25qxx.c:906:6:W25qxx_ReadSector	40	static
../Core/Src/W25Q64/w25qxx.c:945:6:W25qxx_ReadBlock	40	static
